Archive member included to satisfy reference by file (symbol)

/opt/local/lib/gcc/arm-none-eabi/13.1.0/../../../../arm-none-eabi/lib/thumb/v6-m/nofp/libc.a(libc_a-atexit.o)
                              /opt/local/lib/gcc/arm-none-eabi/13.1.0/../../../../arm-none-eabi/lib/thumb/v6-m/nofp/crt0.o (atexit)
/opt/local/lib/gcc/arm-none-eabi/13.1.0/../../../../arm-none-eabi/lib/thumb/v6-m/nofp/libc.a(libc_a-exit.o)
                              /opt/local/lib/gcc/arm-none-eabi/13.1.0/../../../../arm-none-eabi/lib/thumb/v6-m/nofp/crt0.o (exit)
/opt/local/lib/gcc/arm-none-eabi/13.1.0/../../../../arm-none-eabi/lib/thumb/v6-m/nofp/libc.a(libc_a-findfp.o)
                              /opt/local/lib/gcc/arm-none-eabi/13.1.0/../../../../arm-none-eabi/lib/thumb/v6-m/nofp/libc.a(libc_a-exit.o) (__stdio_exit_handler)
/opt/local/lib/gcc/arm-none-eabi/13.1.0/../../../../arm-none-eabi/lib/thumb/v6-m/nofp/libc.a(libc_a-fwalk.o)
                              /opt/local/lib/gcc/arm-none-eabi/13.1.0/../../../../arm-none-eabi/lib/thumb/v6-m/nofp/libc.a(libc_a-findfp.o) (_fwalk_sglue)
/opt/local/lib/gcc/arm-none-eabi/13.1.0/../../../../arm-none-eabi/lib/thumb/v6-m/nofp/libc.a(libc_a-memset.o)
                              /opt/local/lib/gcc/arm-none-eabi/13.1.0/../../../../arm-none-eabi/lib/thumb/v6-m/nofp/crt0.o (memset)
/opt/local/lib/gcc/arm-none-eabi/13.1.0/../../../../arm-none-eabi/lib/thumb/v6-m/nofp/libc.a(libc_a-impure.o)
                              /opt/local/lib/gcc/arm-none-eabi/13.1.0/../../../../arm-none-eabi/lib/thumb/v6-m/nofp/libc.a(libc_a-findfp.o) (_impure_data)
/opt/local/lib/gcc/arm-none-eabi/13.1.0/../../../../arm-none-eabi/lib/thumb/v6-m/nofp/libc.a(libc_a-init.o)
                              /opt/local/lib/gcc/arm-none-eabi/13.1.0/../../../../arm-none-eabi/lib/thumb/v6-m/nofp/crt0.o (__libc_init_array)
/opt/local/lib/gcc/arm-none-eabi/13.1.0/../../../../arm-none-eabi/lib/thumb/v6-m/nofp/libc.a(libc_a-fini.o)
                              /opt/local/lib/gcc/arm-none-eabi/13.1.0/../../../../arm-none-eabi/lib/thumb/v6-m/nofp/crt0.o (__libc_fini_array)
/opt/local/lib/gcc/arm-none-eabi/13.1.0/../../../../arm-none-eabi/lib/thumb/v6-m/nofp/libc.a(libc_a-__atexit.o)
                              /opt/local/lib/gcc/arm-none-eabi/13.1.0/../../../../arm-none-eabi/lib/thumb/v6-m/nofp/libc.a(libc_a-atexit.o) (__register_exitproc)
/opt/local/lib/gcc/arm-none-eabi/13.1.0/../../../../arm-none-eabi/lib/thumb/v6-m/nofp/libc.a(libc_a-__call_atexit.o)
                              /opt/local/lib/gcc/arm-none-eabi/13.1.0/../../../../arm-none-eabi/lib/thumb/v6-m/nofp/libc.a(libc_a-exit.o) (__call_exitprocs)
/opt/local/lib/gcc/arm-none-eabi/13.1.0/../../../../arm-none-eabi/lib/thumb/v6-m/nofp/libc.a(libc_a-mallocr.o)
                              /opt/local/lib/gcc/arm-none-eabi/13.1.0/../../../../arm-none-eabi/lib/thumb/v6-m/nofp/libc.a(libc_a-findfp.o) (_malloc_r)
/opt/local/lib/gcc/arm-none-eabi/13.1.0/../../../../arm-none-eabi/lib/thumb/v6-m/nofp/libc.a(libc_a-mlock.o)
                              /opt/local/lib/gcc/arm-none-eabi/13.1.0/../../../../arm-none-eabi/lib/thumb/v6-m/nofp/libc.a(libc_a-mallocr.o) (__malloc_lock)
/opt/local/lib/gcc/arm-none-eabi/13.1.0/../../../../arm-none-eabi/lib/thumb/v6-m/nofp/libc.a(libc_a-fclose.o)
                              /opt/local/lib/gcc/arm-none-eabi/13.1.0/../../../../arm-none-eabi/lib/thumb/v6-m/nofp/libc.a(libc_a-findfp.o) (_fclose_r)
/opt/local/lib/gcc/arm-none-eabi/13.1.0/../../../../arm-none-eabi/lib/thumb/v6-m/nofp/libc.a(libc_a-fflush.o)
                              /opt/local/lib/gcc/arm-none-eabi/13.1.0/../../../../arm-none-eabi/lib/thumb/v6-m/nofp/libc.a(libc_a-fclose.o) (__sflush_r)
/opt/local/lib/gcc/arm-none-eabi/13.1.0/../../../../arm-none-eabi/lib/thumb/v6-m/nofp/libc.a(libc_a-stdio.o)
                              /opt/local/lib/gcc/arm-none-eabi/13.1.0/../../../../arm-none-eabi/lib/thumb/v6-m/nofp/libc.a(libc_a-findfp.o) (__sread)
/opt/local/lib/gcc/arm-none-eabi/13.1.0/../../../../arm-none-eabi/lib/thumb/v6-m/nofp/libc.a(libc_a-closer.o)
                              /opt/local/lib/gcc/arm-none-eabi/13.1.0/../../../../arm-none-eabi/lib/thumb/v6-m/nofp/libc.a(libc_a-stdio.o) (_close_r)
/opt/local/lib/gcc/arm-none-eabi/13.1.0/../../../../arm-none-eabi/lib/thumb/v6-m/nofp/libc.a(libc_a-reent.o)
                              /opt/local/lib/gcc/arm-none-eabi/13.1.0/../../../../arm-none-eabi/lib/thumb/v6-m/nofp/libc.a(libc_a-closer.o) (errno)
/opt/local/lib/gcc/arm-none-eabi/13.1.0/../../../../arm-none-eabi/lib/thumb/v6-m/nofp/libc.a(libc_a-lseekr.o)
                              /opt/local/lib/gcc/arm-none-eabi/13.1.0/../../../../arm-none-eabi/lib/thumb/v6-m/nofp/libc.a(libc_a-stdio.o) (_lseek_r)
/opt/local/lib/gcc/arm-none-eabi/13.1.0/../../../../arm-none-eabi/lib/thumb/v6-m/nofp/libc.a(libc_a-readr.o)
                              /opt/local/lib/gcc/arm-none-eabi/13.1.0/../../../../arm-none-eabi/lib/thumb/v6-m/nofp/libc.a(libc_a-stdio.o) (_read_r)
[...]
Memory Configuration

Name             Origin             Length             Attributes
RAM              0x20000000         0x00002000         xrw
FLASH            0x08000000         0x00010000         xr
*default*        0x00000000         0xffffffff

Linker script and memory map

LOAD /opt/local/lib/gcc/arm-none-eabi/13.1.0/thumb/v6-m/nofp/crti.o
LOAD /opt/local/lib/gcc/arm-none-eabi/13.1.0/thumb/v6-m/nofp/crtbegin.o
LOAD /opt/local/lib/gcc/arm-none-eabi/13.1.0/../../../../arm-none-eabi/lib/thumb/v6-m/nofp/crt0.o
LOAD build/debug/Core/Src/dma.o
LOAD build/debug/Core/Src/gpio.o
LOAD build/debug/Core/Src/main.o
LOAD build/debug/Core/Src/spi.o
LOAD build/debug/Core/Src/stm32f0xx_hal_msp.o
LOAD build/debug/Core/Src/stm32f0xx_it.o
LOAD build/debug/Core/Src/system_stm32f0xx.o
LOAD build/debug/Core/Src/tim.o
LOAD build/debug/Core/Src/usart.o
LOAD build/debug/Drivers/STM32F0xx_HAL_Driver/Src/stm32f0xx_hal.o
LOAD build/debug/Drivers/STM32F0xx_HAL_Driver/Src/stm32f0xx_hal_cortex.o
LOAD build/debug/Drivers/STM32F0xx_HAL_Driver/Src/stm32f0xx_hal_dma.o
LOAD build/debug/Drivers/STM32F0xx_HAL_Driver/Src/stm32f0xx_hal_exti.o
LOAD build/debug/Drivers/STM32F0xx_HAL_Driver/Src/stm32f0xx_hal_flash.o
LOAD build/debug/Drivers/STM32F0xx_HAL_Driver/Src/stm32f0xx_hal_flash_ex.o
LOAD build/debug/Drivers/STM32F0xx_HAL_Driver/Src/stm32f0xx_hal_gpio.o
LOAD build/debug/Drivers/STM32F0xx_HAL_Driver/Src/stm32f0xx_hal_i2c.o
LOAD build/debug/Drivers/STM32F0xx_HAL_Driver/Src/stm32f0xx_hal_i2c_ex.o
LOAD build/debug/Drivers/STM32F0xx_HAL_Driver/Src/stm32f0xx_hal_pwr.o
LOAD build/debug/Drivers/STM32F0xx_HAL_Driver/Src/stm32f0xx_hal_pwr_ex.o
LOAD build/debug/Drivers/STM32F0xx_HAL_Driver/Src/stm32f0xx_hal_rcc.o
LOAD build/debug/Drivers/STM32F0xx_HAL_Driver/Src/stm32f0xx_hal_rcc_ex.o
LOAD build/debug/Drivers/STM32F0xx_HAL_Driver/Src/stm32f0xx_hal_spi.o
LOAD build/debug/Drivers/STM32F0xx_HAL_Driver/Src/stm32f0xx_hal_spi_ex.o
LOAD build/debug/Drivers/STM32F0xx_HAL_Driver/Src/stm32f0xx_hal_tim.o
LOAD build/debug/Drivers/STM32F0xx_HAL_Driver/Src/stm32f0xx_hal_tim_ex.o
LOAD build/debug/Drivers/STM32F0xx_HAL_Driver/Src/stm32f0xx_hal_uart.o
LOAD build/debug/Drivers/STM32F0xx_HAL_Driver/Src/stm32f0xx_hal_uart_ex.o
LOAD build/debug/startup_stm32f030x8.o
LOAD /opt/local/lib/gcc/arm-none-eabi/13.1.0/../../../../arm-none-eabi/lib/thumb/v6-m/nofp/libc.a
LOAD /opt/local/lib/gcc/arm-none-eabi/13.1.0/../../../../arm-none-eabi/lib/thumb/v6-m/nofp/libm.a
LOAD /opt/local/lib/gcc/arm-none-eabi/13.1.0/../../../../arm-none-eabi/lib/thumb/v6-m/nofp/libnosys.a
START GROUP
LOAD /opt/local/lib/gcc/arm-none-eabi/13.1.0/thumb/v6-m/nofp/libgcc.a
LOAD /opt/local/lib/gcc/arm-none-eabi/13.1.0/../../../../arm-none-eabi/lib/thumb/v6-m/nofp/libc.a
END GROUP
LOAD /opt/local/lib/gcc/arm-none-eabi/13.1.0/thumb/v6-m/nofp/crtend.o
LOAD /opt/local/lib/gcc/arm-none-eabi/13.1.0/thumb/v6-m/nofp/crtn.o
                0x20002000                        _estack = (ORIGIN (RAM) + LENGTH (RAM))
                0x00000200                        _Min_Heap_Size = 0x200
                0x00000400                        _Min_Stack_Size = 0x400

.isr_vector     0x08000000       0xc0
                0x08000000                        . = ALIGN (0x4)
 *(.isr_vector)
 .isr_vector    0x08000000       0xc0 build/debug/startup_stm32f030x8.o
                0x08000000                g_pfnVectors
                0x080000c0                        . = ALIGN (0x4)

.text           0x080000c0     0x2b70
                0x080000c0                        . = ALIGN (0x4)
 *(.text)
 .text          0x080000c0       0x98 /opt/local/lib/gcc/arm-none-eabi/13.1.0/thumb/v6-m/nofp/crtbegin.o
 .text          0x08000158       0xa8 /opt/local/lib/gcc/arm-none-eabi/13.1.0/../../../../arm-none-eabi/lib/thumb/v6-m/nofp/libc.a(libc_a-memset.o)
                0x08000158                memset
 .text          0x08000200       0x48 /opt/local/lib/gcc/arm-none-eabi/13.1.0/../../../../arm-none-eabi/lib/thumb/v6-m/nofp/libc.a(libc_a-init.o)
                0x08000200                __libc_init_array
 .text          0x08000248      0x114 /opt/local/lib/gcc/arm-none-eabi/13.1.0/thumb/v6-m/nofp/libgcc.a(_udivsi3.o)
                0x08000248                __udivsi3
                0x08000248                __aeabi_uidiv
                0x08000354                __aeabi_uidivmod
 .text          0x0800035c      0x1d4 /opt/local/lib/gcc/arm-none-eabi/13.1.0/thumb/v6-m/nofp/libgcc.a(_divsi3.o)
                0x0800035c                __aeabi_idiv
                0x0800035c                __divsi3
                0x08000528                __aeabi_idivmod
 .text          0x08000530        0x4 /opt/local/lib/gcc/arm-none-eabi/13.1.0/thumb/v6-m/nofp/libgcc.a(_dvmd_tls.o)
                0x08000530                __aeabi_ldiv0
                0x08000530                __aeabi_idiv0
 *(.text*)
 .text.MX_DMA_Init
                0x08000534       0x40 build/debug/Core/Src/dma.o
                0x08000534                MX_DMA_Init
 .text.MX_GPIO_Init
                0x08000574      0x1e0 build/debug/Core/Src/gpio.o
                0x08000574                MX_GPIO_Init
 .text.MX_NVIC_Init
                0x08000754       0x34 build/debug/Core/Src/main.o
 .text.update_buffer
                0x08000788       0x60 build/debug/Core/Src/main.o
                0x08000788                update_buffer
 .text.Error_Handler
                0x080007e8       0x14 build/debug/Core/Src/main.o
                0x080007e8                Error_Handler
 .text.SystemClock_Config
                0x080007fc       0x72 build/debug/Core/Src/main.o
                0x080007fc                SystemClock_Config
 *fill*         0x0800086e        0x2 
 .text.main     0x08000870       0x88 build/debug/Core/Src/main.o
                0x08000870                main
 .text.rs485_transmit
                0x080008f8       0x40 build/debug/Core/Src/main.o
                0x080008f8                rs485_transmit
 .text.rs485_receive_IT
                0x08000938       0x3c build/debug/Core/Src/main.o
                0x08000938                rs485_receive_IT
 .text.HAL_UART_RxCpltCallback
                0x08000974      0x150 build/debug/Core/Src/main.o
                0x08000974                HAL_UART_RxCpltCallback
 .text.HAL_GPIO_EXTI_Callback
                0x08000ac4      0x184 build/debug/Core/Src/main.o
                0x08000ac4                HAL_GPIO_EXTI_Callback
 .text.MX_SPI2_Init
                0x08000c48       0x50 build/debug/Core/Src/spi.o
                0x08000c48                MX_SPI2_Init
 .text.HAL_SPI_MspInit
                0x08000c98       0x68 build/debug/Core/Src/spi.o
                0x08000c98                HAL_SPI_MspInit
 .text.HAL_MspInit
                0x08000d00       0x30 build/debug/Core/Src/stm32f0xx_hal_msp.o
                0x08000d00                HAL_MspInit
 .text.NMI_Handler
                0x08000d30        0x2 build/debug/Core/Src/stm32f0xx_it.o
                0x08000d30                NMI_Handler
 .text.HardFault_Handler
                0x08000d32        0x2 build/debug/Core/Src/stm32f0xx_it.o
                0x08000d32                HardFault_Handler
 .text.SVC_Handler
                0x08000d34        0x2 build/debug/Core/Src/stm32f0xx_it.o
                0x08000d34                SVC_Handler
 .text.PendSV_Handler
                0x08000d36        0x2 build/debug/Core/Src/stm32f0xx_it.o
                0x08000d36                PendSV_Handler
 .text.SysTick_Handler
                0x08000d38        0x8 build/debug/Core/Src/stm32f0xx_it.o
                0x08000d38                SysTick_Handler
 .text.EXTI4_15_IRQHandler
                0x08000d40       0x10 build/debug/Core/Src/stm32f0xx_it.o
                0x08000d40                EXTI4_15_IRQHandler
 .text.DMA1_Channel1_IRQHandler
                0x08000d50       0x10 build/debug/Core/Src/stm32f0xx_it.o
                0x08000d50                DMA1_Channel1_IRQHandler
 .text.DMA1_Channel2_3_IRQHandler
                0x08000d60       0x10 build/debug/Core/Src/stm32f0xx_it.o
                0x08000d60                DMA1_Channel2_3_IRQHandler
 .text.TIM6_IRQHandler
                0x08000d70       0x10 build/debug/Core/Src/stm32f0xx_it.o
                0x08000d70                TIM6_IRQHandler
 .text.USART1_IRQHandler
                0x08000d80       0x10 build/debug/Core/Src/stm32f0xx_it.o
                0x08000d80                USART1_IRQHandler
 .text.SystemInit
                0x08000d90        0x2 build/debug/Core/Src/system_stm32f0xx.o
                0x08000d90                SystemInit
 *fill*         0x08000d92        0x2 
 .text.MX_TIM6_Init
                0x08000d94       0x34 build/debug/Core/Src/tim.o
                0x08000d94                MX_TIM6_Init
 .text.MX_TIM17_Init
                0x08000dc8       0x38 build/debug/Core/Src/tim.o
                0x08000dc8                MX_TIM17_Init
 .text.HAL_TIM_Base_MspInit
                0x08000e00       0xd0 build/debug/Core/Src/tim.o
                0x08000e00                HAL_TIM_Base_MspInit
 .text.MX_USART1_UART_Init
                0x08000ed0       0x3c build/debug/Core/Src/usart.o
                0x08000ed0                MX_USART1_UART_Init
 .text.HAL_UART_MspInit
                0x08000f0c       0x68 build/debug/Core/Src/usart.o
                0x08000f0c                HAL_UART_MspInit
 .text.HAL_InitTick
                0x08000f74       0x50 build/debug/Drivers/STM32F0xx_HAL_Driver/Src/stm32f0xx_hal.o
                0x08000f74                HAL_InitTick
 .text.HAL_Init
                0x08000fc4       0x20 build/debug/Drivers/STM32F0xx_HAL_Driver/Src/stm32f0xx_hal.o
                0x08000fc4                HAL_Init
 .text.HAL_IncTick
                0x08000fe4       0x18 build/debug/Drivers/STM32F0xx_HAL_Driver/Src/stm32f0xx_hal.o
                0x08000fe4                HAL_IncTick
 .text.HAL_GetTick
                0x08000ffc        0xc build/debug/Drivers/STM32F0xx_HAL_Driver/Src/stm32f0xx_hal.o
                0x08000ffc                HAL_GetTick
 .text.__NVIC_SetPriority
                0x08001008       0x60 build/debug/Drivers/STM32F0xx_HAL_Driver/Src/stm32f0xx_hal_cortex.o
 .text.SysTick_Config
                0x08001068       0x38 build/debug/Drivers/STM32F0xx_HAL_Driver/Src/stm32f0xx_hal_cortex.o
 .text.HAL_NVIC_SetPriority
                0x080010a0        0x8 build/debug/Drivers/STM32F0xx_HAL_Driver/Src/stm32f0xx_hal_cortex.o
                0x080010a0                HAL_NVIC_SetPriority
 .text.HAL_NVIC_EnableIRQ
                0x080010a8       0x18 build/debug/Drivers/STM32F0xx_HAL_Driver/Src/stm32f0xx_hal_cortex.o
                0x080010a8                HAL_NVIC_EnableIRQ
 .text.HAL_SYSTICK_Config
                0x080010c0        0x8 build/debug/Drivers/STM32F0xx_HAL_Driver/Src/stm32f0xx_hal_cortex.o
                0x080010c0                HAL_SYSTICK_Config
 .text.DMA_SetConfig
                0x080010c8       0x2a build/debug/Drivers/STM32F0xx_HAL_Driver/Src/stm32f0xx_hal_dma.o
 *fill*         0x080010f2        0x2 
 .text.DMA_CalcBaseAndBitshift
                0x080010f4       0x24 build/debug/Drivers/STM32F0xx_HAL_Driver/Src/stm32f0xx_hal_dma.o
 .text.HAL_DMA_Init
                0x08001118       0x50 build/debug/Drivers/STM32F0xx_HAL_Driver/Src/stm32f0xx_hal_dma.o
                0x08001118                HAL_DMA_Init
 .text.HAL_DMA_Start
                0x08001168       0x4e build/debug/Drivers/STM32F0xx_HAL_Driver/Src/stm32f0xx_hal_dma.o
                0x08001168                HAL_DMA_Start
 .text.HAL_DMA_Abort
                0x080011b6       0x44 build/debug/Drivers/STM32F0xx_HAL_Driver/Src/stm32f0xx_hal_dma.o
                0x080011b6                HAL_DMA_Abort
 .text.HAL_DMA_Abort_IT
                0x080011fa       0x4a build/debug/Drivers/STM32F0xx_HAL_Driver/Src/stm32f0xx_hal_dma.o
                0x080011fa                HAL_DMA_Abort_IT
 .text.HAL_DMA_IRQHandler
                0x08001244       0xaa build/debug/Drivers/STM32F0xx_HAL_Driver/Src/stm32f0xx_hal_dma.o
                0x08001244                HAL_DMA_IRQHandler
 *fill*         0x080012ee        0x2 
 .text.HAL_GPIO_Init
                0x080012f0      0x188 build/debug/Drivers/STM32F0xx_HAL_Driver/Src/stm32f0xx_hal_gpio.o
                0x080012f0                HAL_GPIO_Init
 .text.HAL_GPIO_WritePin
                0x08001478        0xc build/debug/Drivers/STM32F0xx_HAL_Driver/Src/stm32f0xx_hal_gpio.o
                0x08001478                HAL_GPIO_WritePin
 .text.HAL_GPIO_TogglePin
                0x08001484       0x10 build/debug/Drivers/STM32F0xx_HAL_Driver/Src/stm32f0xx_hal_gpio.o
                0x08001484                HAL_GPIO_TogglePin
 .text.HAL_GPIO_EXTI_IRQHandler
                0x08001494       0x1c build/debug/Drivers/STM32F0xx_HAL_Driver/Src/stm32f0xx_hal_gpio.o
                0x08001494                HAL_GPIO_EXTI_IRQHandler
 .text.HAL_RCC_OscConfig
                0x080014b0      0x49c build/debug/Drivers/STM32F0xx_HAL_Driver/Src/stm32f0xx_hal_rcc.o
                0x080014b0                HAL_RCC_OscConfig
 .text.HAL_RCC_GetSysClockFreq
                0x0800194c       0x54 build/debug/Drivers/STM32F0xx_HAL_Driver/Src/stm32f0xx_hal_rcc.o
                0x0800194c                HAL_RCC_GetSysClockFreq
 .text.HAL_RCC_ClockConfig
                0x080019a0      0x134 build/debug/Drivers/STM32F0xx_HAL_Driver/Src/stm32f0xx_hal_rcc.o
                0x080019a0                HAL_RCC_ClockConfig
 .text.HAL_RCC_GetHCLKFreq
                0x08001ad4        0xc build/debug/Drivers/STM32F0xx_HAL_Driver/Src/stm32f0xx_hal_rcc.o
                0x08001ad4                HAL_RCC_GetHCLKFreq
 .text.HAL_RCC_GetPCLK1Freq
                0x08001ae0       0x20 build/debug/Drivers/STM32F0xx_HAL_Driver/Src/stm32f0xx_hal_rcc.o
                0x08001ae0                HAL_RCC_GetPCLK1Freq
 .text.HAL_RCCEx_PeriphCLKConfig
                0x08001b00      0x120 build/debug/Drivers/STM32F0xx_HAL_Driver/Src/stm32f0xx_hal_rcc_ex.o
                0x08001b00                HAL_RCCEx_PeriphCLKConfig
 .text.HAL_SPI_Init
                0x08001c20      0x104 build/debug/Drivers/STM32F0xx_HAL_Driver/Src/stm32f0xx_hal_spi.o
                0x08001c20                HAL_SPI_Init
 .text.HAL_TIM_Base_Start
                0x08001d24       0x58 build/debug/Drivers/STM32F0xx_HAL_Driver/Src/stm32f0xx_hal_tim.o
                0x08001d24                HAL_TIM_Base_Start
 .text.HAL_TIM_PeriodElapsedCallback
                0x08001d7c        0x2 build/debug/Drivers/STM32F0xx_HAL_Driver/Src/stm32f0xx_hal_tim.o
                0x08001d7c                HAL_TIM_PeriodElapsedCallback
 .text.HAL_TIM_OC_DelayElapsedCallback
                0x08001d7e        0x2 build/debug/Drivers/STM32F0xx_HAL_Driver/Src/stm32f0xx_hal_tim.o
                0x08001d7e                HAL_TIM_OC_DelayElapsedCallback
 .text.HAL_TIM_IC_CaptureCallback
                0x08001d80        0x2 build/debug/Drivers/STM32F0xx_HAL_Driver/Src/stm32f0xx_hal_tim.o
                0x08001d80                HAL_TIM_IC_CaptureCallback
 .text.HAL_TIM_PWM_PulseFinishedCallback
                0x08001d82        0x2 build/debug/Drivers/STM32F0xx_HAL_Driver/Src/stm32f0xx_hal_tim.o
                0x08001d82                HAL_TIM_PWM_PulseFinishedCallback
 .text.HAL_TIM_TriggerCallback
                0x08001d84        0x2 build/debug/Drivers/STM32F0xx_HAL_Driver/Src/stm32f0xx_hal_tim.o
                0x08001d84                HAL_TIM_TriggerCallback
 .text.HAL_TIM_IRQHandler
                0x08001d86      0x13e build/debug/Drivers/STM32F0xx_HAL_Driver/Src/stm32f0xx_hal_tim.o
                0x08001d86                HAL_TIM_IRQHandler
 .text.TIM_Base_SetConfig
                0x08001ec4       0xa0 build/debug/Drivers/STM32F0xx_HAL_Driver/Src/stm32f0xx_hal_tim.o
                0x08001ec4                TIM_Base_SetConfig
 .text.HAL_TIM_Base_Init
                0x08001f64       0x58 build/debug/Drivers/STM32F0xx_HAL_Driver/Src/stm32f0xx_hal_tim.o
                0x08001f64                HAL_TIM_Base_Init
 .text.HAL_TIMEx_CommutCallback
                0x08001fbc        0x2 build/debug/Drivers/STM32F0xx_HAL_Driver/Src/stm32f0xx_hal_tim_ex.o
                0x08001fbc                HAL_TIMEx_CommutCallback
 .text.HAL_TIMEx_BreakCallback
                0x08001fbe        0x2 build/debug/Drivers/STM32F0xx_HAL_Driver/Src/stm32f0xx_hal_tim_ex.o
                0x08001fbe                HAL_TIMEx_BreakCallback
 .text.UART_EndRxTransfer
                0x08001fc0       0x60 build/debug/Drivers/STM32F0xx_HAL_Driver/Src/stm32f0xx_hal_uart.o
 .text.HAL_UART_TxCpltCallback
                0x08002020        0x2 build/debug/Drivers/STM32F0xx_HAL_Driver/Src/stm32f0xx_hal_uart.o
                0x08002020                HAL_UART_TxCpltCallback
 .text.UART_EndTransmit_IT
                0x08002022       0x28 build/debug/Drivers/STM32F0xx_HAL_Driver/Src/stm32f0xx_hal_uart.o
 .text.HAL_UART_ErrorCallback
                0x0800204a        0x2 build/debug/Drivers/STM32F0xx_HAL_Driver/Src/stm32f0xx_hal_uart.o
                0x0800204a                HAL_UART_ErrorCallback
 .text.UART_DMAAbortOnError
                0x0800204c       0x14 build/debug/Drivers/STM32F0xx_HAL_Driver/Src/stm32f0xx_hal_uart.o
 .text.HAL_UARTEx_RxEventCallback
                0x08002060        0x2 build/debug/Drivers/STM32F0xx_HAL_Driver/Src/stm32f0xx_hal_uart.o
                0x08002060                HAL_UARTEx_RxEventCallback
 *fill*         0x08002062        0x2 
 .text.HAL_UART_IRQHandler
                0x08002064      0x2b8 build/debug/Drivers/STM32F0xx_HAL_Driver/Src/stm32f0xx_hal_uart.o
                0x08002064                HAL_UART_IRQHandler
 .text.UART_RxISR_8BIT
                0x0800231c       0xdc build/debug/Drivers/STM32F0xx_HAL_Driver/Src/stm32f0xx_hal_uart.o
 .text.UART_RxISR_16BIT
                0x080023f8       0xd8 build/debug/Drivers/STM32F0xx_HAL_Driver/Src/stm32f0xx_hal_uart.o
 .text.HAL_HalfDuplex_EnableTransmitter
                0x080024d0       0x50 build/debug/Drivers/STM32F0xx_HAL_Driver/Src/stm32f0xx_hal_uart.o
                0x080024d0                HAL_HalfDuplex_EnableTransmitter
 .text.HAL_HalfDuplex_EnableReceiver
                0x08002520       0x50 build/debug/Drivers/STM32F0xx_HAL_Driver/Src/stm32f0xx_hal_uart.o
                0x08002520                HAL_HalfDuplex_EnableReceiver
 .text.UART_SetConfig
                0x08002570      0x170 build/debug/Drivers/STM32F0xx_HAL_Driver/Src/stm32f0xx_hal_uart.o
                0x08002570                UART_SetConfig
 .text.UART_AdvFeatureConfig
                0x080026e0       0xe0 build/debug/Drivers/STM32F0xx_HAL_Driver/Src/stm32f0xx_hal_uart.o
                0x080026e0                UART_AdvFeatureConfig
 .text.UART_WaitOnFlagUntilTimeout
                0x080027c0       0x9e build/debug/Drivers/STM32F0xx_HAL_Driver/Src/stm32f0xx_hal_uart.o
                0x080027c0                UART_WaitOnFlagUntilTimeout
 .text.HAL_UART_Transmit
                0x0800285e       0xf2 build/debug/Drivers/STM32F0xx_HAL_Driver/Src/stm32f0xx_hal_uart.o
                0x0800285e                HAL_UART_Transmit
 .text.UART_CheckIdleState
                0x08002950       0xd0 build/debug/Drivers/STM32F0xx_HAL_Driver/Src/stm32f0xx_hal_uart.o
                0x08002950                UART_CheckIdleState
 .text.HAL_HalfDuplex_Init
                0x08002a20       0x6c build/debug/Drivers/STM32F0xx_HAL_Driver/Src/stm32f0xx_hal_uart.o
                0x08002a20                HAL_HalfDuplex_Init
 .text.UART_Start_Receive_IT
                0x08002a8c       0xd4 build/debug/Drivers/STM32F0xx_HAL_Driver/Src/stm32f0xx_hal_uart.o
                0x08002a8c                UART_Start_Receive_IT
 .text.HAL_UART_Receive_IT
                0x08002b60       0x62 build/debug/Drivers/STM32F0xx_HAL_Driver/Src/stm32f0xx_hal_uart.o
                0x08002b60                HAL_UART_Receive_IT
 *fill*         0x08002bc2        0x2 
 .text.Reset_Handler
                0x08002bc4       0x50 build/debug/startup_stm32f030x8.o
                0x08002bc4                Reset_Handler
 .text.Default_Handler
                0x08002c14        0x2 build/debug/startup_stm32f030x8.o
                0x08002c14                TIM1_BRK_UP_TRG_COM_IRQHandler
                0x08002c14                I2C1_IRQHandler
                0x08002c14                SPI1_IRQHandler
                0x08002c14                EXTI2_3_IRQHandler
                0x08002c14                ADC1_IRQHandler
                0x08002c14                I2C2_IRQHandler
                0x08002c14                TIM17_IRQHandler
                0x08002c14                RTC_IRQHandler
                0x08002c14                TIM16_IRQHandler
                0x08002c14                TIM3_IRQHandler
                0x08002c14                RCC_IRQHandler
                0x08002c14                Default_Handler
                0x08002c14                TIM14_IRQHandler
                0x08002c14                DMA1_Channel4_5_IRQHandler
                0x08002c14                TIM15_IRQHandler
                0x08002c14                EXTI0_1_IRQHandler
                0x08002c14                SPI2_IRQHandler
                0x08002c14                WWDG_IRQHandler
                0x08002c14                USART2_IRQHandler
                0x08002c14                FLASH_IRQHandler
                0x08002c14                TIM1_CC_IRQHandler
 *(.glue_7)
 .glue_7        0x08002c16        0x0 linker stubs
 *(.glue_7t)
 .glue_7t       0x08002c16        0x0 linker stubs
 *(.eh_frame)
 *fill*         0x08002c16        0x2 
 .eh_frame      0x08002c18        0x0 /opt/local/lib/gcc/arm-none-eabi/13.1.0/thumb/v6-m/nofp/crtbegin.o
 *(.init)
 .init          0x08002c18        0x4 /opt/local/lib/gcc/arm-none-eabi/13.1.0/thumb/v6-m/nofp/crti.o
                0x08002c18                _init
 .init          0x08002c1c        0x8 /opt/local/lib/gcc/arm-none-eabi/13.1.0/thumb/v6-m/nofp/crtn.o
 *(.fini)
 .fini          0x08002c24        0x4 /opt/local/lib/gcc/arm-none-eabi/13.1.0/thumb/v6-m/nofp/crti.o
                0x08002c24                _fini
 .fini          0x08002c28        0x8 /opt/local/lib/gcc/arm-none-eabi/13.1.0/thumb/v6-m/nofp/crtn.o
                0x08002c30                        . = ALIGN (0x4)
                0x08002c30                        _etext = .

.vfp11_veneer   0x08002c30        0x0
 .vfp11_veneer  0x08002c30        0x0 linker stubs

.v4_bx          0x08002c30        0x0
 .v4_bx         0x08002c30        0x0 linker stubs

.iplt           0x08002c30        0x0
 .iplt          0x08002c30        0x0 /opt/local/lib/gcc/arm-none-eabi/13.1.0/thumb/v6-m/nofp/crtbegin.o

.rodata         0x08002c30      0x138
                0x08002c30                        . = ALIGN (0x4)
 *(.rodata)
 *(.rodata*)
 .rodata.HAL_UART_RxCpltCallback.str1.4
                0x08002c30        0x5 build/debug/Core/Src/main.o
                                  0x2 (size before relaxing)
 *fill*         0x08002c35        0x3 
 .rodata.HAL_UART_RxCpltCallback
                0x08002c38       0x18 build/debug/Core/Src/main.o
 .rodata.HAL_GPIO_EXTI_Callback.str1.4
                0x08002c50        0x1 build/debug/Core/Src/main.o
 .rodata.HAL_GPIO_EXTI_Callback
                0x08002c50       0x30 build/debug/Core/Src/main.o
 .rodata.display_values
                0x08002c80       0x9c build/debug/Core/Src/main.o
                0x08002c80                display_values
 .rodata.number_masks
                0x08002d1c        0xa build/debug/Core/Src/main.o
                0x08002d1c                number_masks
 *fill*         0x08002d26        0x2 
 .rodata.digit_masks
                0x08002d28        0x6 build/debug/Core/Src/main.o
                0x08002d28                digit_masks
 *fill*         0x08002d2e        0x2 
 .rodata.APBPrescTable
                0x08002d30        0x8 build/debug/Core/Src/system_stm32f0xx.o
                0x08002d30                APBPrescTable
 .rodata.AHBPrescTable
                0x08002d38       0x10 build/debug/Core/Src/system_stm32f0xx.o
                0x08002d38                AHBPrescTable
 .rodata.aPredivFactorTable.0
                0x08002d48       0x10 build/debug/Drivers/STM32F0xx_HAL_Driver/Src/stm32f0xx_hal_rcc.o
 .rodata.aPLLMULFactorTable.1
                0x08002d58       0x10 build/debug/Drivers/STM32F0xx_HAL_Driver/Src/stm32f0xx_hal_rcc.o
                0x08002d68                        . = ALIGN (0x4)

.rel.dyn        0x08002d68        0x0
 .rel.iplt      0x08002d68        0x0 /opt/local/lib/gcc/arm-none-eabi/13.1.0/thumb/v6-m/nofp/crtbegin.o

.ARM.extab
 *(.ARM.extab* .gnu.linkonce.armextab.*)

.ARM            0x08002d68        0x0
                0x08002d68                        __exidx_start = .
 *(.ARM.exidx*)
                0x08002d68                        __exidx_end = .

.preinit_array  0x08002d68        0x0
                0x08002d68                        PROVIDE (__preinit_array_start = .)
 *(.preinit_array*)
                0x08002d68                        PROVIDE (__preinit_array_end = .)

.init_array     0x08002d68        0x4
                0x08002d68                        PROVIDE (__init_array_start = .)
 *(SORT_BY_NAME(.init_array.*))
 *(.init_array*)
 .init_array    0x08002d68        0x4 /opt/local/lib/gcc/arm-none-eabi/13.1.0/thumb/v6-m/nofp/crtbegin.o
                0x08002d6c                        PROVIDE (__init_array_end = .)

.fini_array     0x08002d6c        0x4
                0x08002d6c                        PROVIDE (__fini_array_start = .)
 *(SORT_BY_NAME(.fini_array.*))
 *(.fini_array*)
 .fini_array    0x08002d6c        0x4 /opt/local/lib/gcc/arm-none-eabi/13.1.0/thumb/v6-m/nofp/crtbegin.o
                0x08002d70                        PROVIDE (__fini_array_end = .)
                0x08002d70                        _sidata = LOADADDR (.data)

.data           0x20000000       0x24 load address 0x08002d70
                0x20000000                        . = ALIGN (0x4)
                0x20000000                        _sdata = .
 *(.data)
 *(.data*)
 .data.depth_dma_buff
                0x20000000        0xc build/debug/Core/Src/main.o
                0x20000000                depth_dma_buff
 .data.salinity_dma_buff
                0x2000000c        0xc build/debug/Core/Src/main.o
                0x2000000c                salinity_dma_buff
 .data.SystemCoreClock
                0x20000018        0x4 build/debug/Core/Src/system_stm32f0xx.o
                0x20000018                SystemCoreClock
 .data.uwTickFreq
                0x2000001c        0x1 build/debug/Drivers/STM32F0xx_HAL_Driver/Src/stm32f0xx_hal.o
                0x2000001c                uwTickFreq
 *fill*         0x2000001d        0x3 
 .data.uwTickPrio
                0x20000020        0x4 build/debug/Drivers/STM32F0xx_HAL_Driver/Src/stm32f0xx_hal.o
                0x20000020                uwTickPrio
                0x20000024                        . = ALIGN (0x4)
                0x20000024                        _edata = .

.tm_clone_table
                0x20000024        0x0 load address 0x08002d94
 .tm_clone_table
                0x20000024        0x0 /opt/local/lib/gcc/arm-none-eabi/13.1.0/thumb/v6-m/nofp/crtbegin.o
 .tm_clone_table
                0x20000024        0x0 /opt/local/lib/gcc/arm-none-eabi/13.1.0/thumb/v6-m/nofp/crtend.o

.igot.plt       0x20000024        0x0 load address 0x08002d94
 .igot.plt      0x20000024        0x0 /opt/local/lib/gcc/arm-none-eabi/13.1.0/thumb/v6-m/nofp/crtbegin.o
                0x20000024                        . = ALIGN (0x4)

.bss            0x20000024      0x240 load address 0x08002d94
                0x20000024                        _sbss = .
                0x20000024                        __bss_start__ = _sbss
 *(.bss)
 .bss           0x20000024       0x1c /opt/local/lib/gcc/arm-none-eabi/13.1.0/thumb/v6-m/nofp/crtbegin.o
 *(.bss*)
 .bss.conductivity
                0x20000040        0x3 build/debug/Core/Src/main.o
                0x20000040                conductivity
 *fill*         0x20000043        0x1 
 .bss.resistance
                0x20000044        0x3 build/debug/Core/Src/main.o
                0x20000044                resistance
 *fill*         0x20000047        0x1 
 .bss.salinity  0x20000048        0x3 build/debug/Core/Src/main.o
                0x20000048                salinity
 *fill*         0x2000004b        0x1 
 .bss.depth     0x2000004c        0x3 build/debug/Core/Src/main.o
                0x2000004c                depth
 *fill*         0x2000004f        0x1 
 .bss.temperature
                0x20000050        0x3 build/debug/Core/Src/main.o
                0x20000050                temperature
 *fill*         0x20000053        0x1 
 .bss.rx_buffer
                0x20000054        0x3 build/debug/Core/Src/main.o
                0x20000054                rx_buffer
 .bss.expecting_response
                0x20000057        0x1 build/debug/Core/Src/main.o
                0x20000057                expecting_response
 .bss.display_mode
                0x20000058        0x1 build/debug/Core/Src/main.o
                0x20000058                display_mode
 *fill*         0x20000059        0x3 
 .bss.hspi2     0x2000005c       0x64 build/debug/Core/Src/spi.o
                0x2000005c                hspi2
 .bss.hdma_tim17_ch1_up
                0x200000c0       0x44 build/debug/Core/Src/tim.o
                0x200000c0                hdma_tim17_ch1_up
 .bss.hdma_tim6_up
                0x20000104       0x44 build/debug/Core/Src/tim.o
                0x20000104                hdma_tim6_up
 .bss.htim17    0x20000148       0x48 build/debug/Core/Src/tim.o
                0x20000148                htim17
 .bss.htim6     0x20000190       0x48 build/debug/Core/Src/tim.o
                0x20000190                htim6
 .bss.huart1    0x200001d8       0x88 build/debug/Core/Src/usart.o
                0x200001d8                huart1
 .bss.uwTick    0x20000260        0x4 build/debug/Drivers/STM32F0xx_HAL_Driver/Src/stm32f0xx_hal.o
                0x20000260                uwTick
 *(COMMON)
                0x20000264                        . = ALIGN (0x4)
                0x20000264                        _ebss = .
                0x20000264                        __bss_end__ = _ebss

._user_heap_stack
                0x20000264      0x604 load address 0x08002d94
                0x20000268                        . = ALIGN (0x8)
 *fill*         0x20000264        0x4 
                0x20000268                        PROVIDE (end = .)
                [!provide]                        PROVIDE (_end = .)
                0x20000468                        . = (. + _Min_Heap_Size)
 *fill*         0x20000268      0x200 
                0x20000868                        . = (. + _Min_Stack_Size)
 *fill*         0x20000468      0x400 
                0x20000868                        . = ALIGN (0x8)

/DISCARD/
 libc.a(*)
 libm.a(*)
 libgcc.a(*)

.ARM.attributes
                0x00000000       0x28
 *(.ARM.attributes)
 .ARM.attributes
                0x00000000       0x1e /opt/local/lib/gcc/arm-none-eabi/13.1.0/thumb/v6-m/nofp/crti.o
 .ARM.attributes
                0x0000001e       0x2c /opt/local/lib/gcc/arm-none-eabi/13.1.0/thumb/v6-m/nofp/crtbegin.o
 .ARM.attributes
                0x0000004a       0x2c build/debug/Core/Src/dma.o
 .ARM.attributes
                0x00000076       0x2c build/debug/Core/Src/gpio.o
 .ARM.attributes
                0x000000a2       0x2c build/debug/Core/Src/main.o
 .ARM.attributes
                0x000000ce       0x2c build/debug/Core/Src/spi.o
 .ARM.attributes
                0x000000fa       0x2c build/debug/Core/Src/stm32f0xx_hal_msp.o
 .ARM.attributes
                0x00000126       0x2c build/debug/Core/Src/stm32f0xx_it.o
 .ARM.attributes
                0x00000152       0x2c build/debug/Core/Src/system_stm32f0xx.o
 .ARM.attributes
                0x0000017e       0x2c build/debug/Core/Src/tim.o
 .ARM.attributes
                0x000001aa       0x2c build/debug/Core/Src/usart.o
 .ARM.attributes
                0x000001d6       0x2c build/debug/Drivers/STM32F0xx_HAL_Driver/Src/stm32f0xx_hal.o
 .ARM.attributes
                0x00000202       0x2c build/debug/Drivers/STM32F0xx_HAL_Driver/Src/stm32f0xx_hal_cortex.o
 .ARM.attributes
                0x0000022e       0x2c build/debug/Drivers/STM32F0xx_HAL_Driver/Src/stm32f0xx_hal_dma.o
 .ARM.attributes
                0x0000025a       0x2c build/debug/Drivers/STM32F0xx_HAL_Driver/Src/stm32f0xx_hal_gpio.o
 .ARM.attributes
                0x00000286       0x2c build/debug/Drivers/STM32F0xx_HAL_Driver/Src/stm32f0xx_hal_rcc.o
 .ARM.attributes
                0x000002b2       0x2c build/debug/Drivers/STM32F0xx_HAL_Driver/Src/stm32f0xx_hal_rcc_ex.o
 .ARM.attributes
                0x000002de       0x2c build/debug/Drivers/STM32F0xx_HAL_Driver/Src/stm32f0xx_hal_spi.o
 .ARM.attributes
                0x0000030a       0x2c build/debug/Drivers/STM32F0xx_HAL_Driver/Src/stm32f0xx_hal_tim.o
 .ARM.attributes
                0x00000336       0x2c build/debug/Drivers/STM32F0xx_HAL_Driver/Src/stm32f0xx_hal_tim_ex.o
 .ARM.attributes
                0x00000362       0x2c build/debug/Drivers/STM32F0xx_HAL_Driver/Src/stm32f0xx_hal_uart.o
 .ARM.attributes
                0x0000038e       0x21 build/debug/startup_stm32f030x8.o
 .ARM.attributes
                0x000003af       0x2c /opt/local/lib/gcc/arm-none-eabi/13.1.0/../../../../arm-none-eabi/lib/thumb/v6-m/nofp/libc.a(libc_a-memset.o)
 .ARM.attributes
                0x000003db       0x2c /opt/local/lib/gcc/arm-none-eabi/13.1.0/../../../../arm-none-eabi/lib/thumb/v6-m/nofp/libc.a(libc_a-init.o)
 .ARM.attributes
                0x00000407       0x1e /opt/local/lib/gcc/arm-none-eabi/13.1.0/thumb/v6-m/nofp/libgcc.a(_udivsi3.o)
 .ARM.attributes
                0x00000425       0x1e /opt/local/lib/gcc/arm-none-eabi/13.1.0/thumb/v6-m/nofp/libgcc.a(_divsi3.o)
 .ARM.attributes
                0x00000443       0x1e /opt/local/lib/gcc/arm-none-eabi/13.1.0/thumb/v6-m/nofp/libgcc.a(_dvmd_tls.o)
 .ARM.attributes
                0x00000461       0x2c /opt/local/lib/gcc/arm-none-eabi/13.1.0/thumb/v6-m/nofp/crtend.o
 .ARM.attributes
                0x0000048d       0x1e /opt/local/lib/gcc/arm-none-eabi/13.1.0/thumb/v6-m/nofp/crtn.o
OUTPUT(build/Controller.elf elf32-littlearm)
LOAD linker stubs
LOAD /opt/local/lib/gcc/arm-none-eabi/13.1.0/../../../../arm-none-eabi/lib/thumb/v6-m/nofp/libc.a
LOAD /opt/local/lib/gcc/arm-none-eabi/13.1.0/../../../../arm-none-eabi/lib/thumb/v6-m/nofp/libm.a
LOAD /opt/local/lib/gcc/arm-none-eabi/13.1.0/thumb/v6-m/nofp/libgcc.a

.comment        0x00000000       0x12
 .comment       0x00000000       0x12 /opt/local/lib/gcc/arm-none-eabi/13.1.0/thumb/v6-m/nofp/crtbegin.o
                                 0x13 (size before relaxing)
 .comment       0x00000012       0x13 build/debug/Core/Src/dma.o
 .comment       0x00000012       0x13 build/debug/Core/Src/gpio.o
 .comment       0x00000012       0x13 build/debug/Core/Src/main.o
 .comment       0x00000012       0x13 build/debug/Core/Src/spi.o
 .comment       0x00000012       0x13 build/debug/Core/Src/stm32f0xx_hal_msp.o
 .comment       0x00000012       0x13 build/debug/Core/Src/stm32f0xx_it.o
 .comment       0x00000012       0x13 build/debug/Core/Src/system_stm32f0xx.o
 .comment       0x00000012       0x13 build/debug/Core/Src/tim.o
 .comment       0x00000012       0x13 build/debug/Core/Src/usart.o
 .comment       0x00000012       0x13 build/debug/Drivers/STM32F0xx_HAL_Driver/Src/stm32f0xx_hal.o
 .comment       0x00000012       0x13 build/debug/Drivers/STM32F0xx_HAL_Driver/Src/stm32f0xx_hal_cortex.o
 .comment       0x00000012       0x13 build/debug/Drivers/STM32F0xx_HAL_Driver/Src/stm32f0xx_hal_dma.o
 .comment       0x00000012       0x13 build/debug/Drivers/STM32F0xx_HAL_Driver/Src/stm32f0xx_hal_gpio.o
 .comment       0x00000012       0x13 build/debug/Drivers/STM32F0xx_HAL_Driver/Src/stm32f0xx_hal_rcc.o
 .comment       0x00000012       0x13 build/debug/Drivers/STM32F0xx_HAL_Driver/Src/stm32f0xx_hal_rcc_ex.o
 .comment       0x00000012       0x13 build/debug/Drivers/STM32F0xx_HAL_Driver/Src/stm32f0xx_hal_spi.o
 .comment       0x00000012       0x13 build/debug/Drivers/STM32F0xx_HAL_Driver/Src/stm32f0xx_hal_tim.o
 .comment       0x00000012       0x13 build/debug/Drivers/STM32F0xx_HAL_Driver/Src/stm32f0xx_hal_tim_ex.o
 .comment       0x00000012       0x13 build/debug/Drivers/STM32F0xx_HAL_Driver/Src/stm32f0xx_hal_uart.o
 .comment       0x00000012       0x13 /opt/local/lib/gcc/arm-none-eabi/13.1.0/../../../../arm-none-eabi/lib/thumb/v6-m/nofp/libc.a(libc_a-memset.o)
 .comment       0x00000012       0x13 /opt/local/lib/gcc/arm-none-eabi/13.1.0/../../../../arm-none-eabi/lib/thumb/v6-m/nofp/libc.a(libc_a-init.o)
 .comment       0x00000012       0x13 /opt/local/lib/gcc/arm-none-eabi/13.1.0/thumb/v6-m/nofp/crtend.o

.debug_info     0x00000000    0x13fb5
 .debug_info    0x00000000      0x2d5 build/debug/Core/Src/dma.o
 .debug_info    0x000002d5      0x577 build/debug/Core/Src/gpio.o
 .debug_info    0x0000084c     0x188d build/debug/Core/Src/main.o
 .debug_info    0x000020d9      0x8ef build/debug/Core/Src/spi.o
 .debug_info    0x000029c8      0x195 build/debug/Core/Src/stm32f0xx_hal_msp.o
 .debug_info    0x00002b5d      0xad2 build/debug/Core/Src/stm32f0xx_it.o
 .debug_info    0x0000362f      0x264 build/debug/Core/Src/system_stm32f0xx.o
 .debug_info    0x00003893      0x9b8 build/debug/Core/Src/tim.o
 .debug_info    0x0000424b      0xaab build/debug/Core/Src/usart.o
 .debug_info    0x00004cf6      0x713 build/debug/Drivers/STM32F0xx_HAL_Driver/Src/stm32f0xx_hal.o
 .debug_info    0x00005409      0x7db build/debug/Drivers/STM32F0xx_HAL_Driver/Src/stm32f0xx_hal_cortex.o
 .debug_info    0x00005be4      0x85a build/debug/Drivers/STM32F0xx_HAL_Driver/Src/stm32f0xx_hal_dma.o
 .debug_info    0x0000643e      0x5fb build/debug/Drivers/STM32F0xx_HAL_Driver/Src/stm32f0xx_hal_gpio.o
 .debug_info    0x00006a39      0xa3a build/debug/Drivers/STM32F0xx_HAL_Driver/Src/stm32f0xx_hal_rcc.o
 .debug_info    0x00007473      0x3bd build/debug/Drivers/STM32F0xx_HAL_Driver/Src/stm32f0xx_hal_rcc_ex.o
 .debug_info    0x00007830     0x208f build/debug/Drivers/STM32F0xx_HAL_Driver/Src/stm32f0xx_hal_spi.o
 .debug_info    0x000098bf     0x3ba4 build/debug/Drivers/STM32F0xx_HAL_Driver/Src/stm32f0xx_hal_tim.o
 .debug_info    0x0000d463     0x1a01 build/debug/Drivers/STM32F0xx_HAL_Driver/Src/stm32f0xx_hal_tim_ex.o
 .debug_info    0x0000ee64     0x4e29 build/debug/Drivers/STM32F0xx_HAL_Driver/Src/stm32f0xx_hal_uart.o
 .debug_info    0x00013c8d       0x30 build/debug/startup_stm32f030x8.o
 .debug_info    0x00013cbd      0x135 /opt/local/lib/gcc/arm-none-eabi/13.1.0/../../../../arm-none-eabi/lib/thumb/v6-m/nofp/libc.a(libc_a-memset.o)
 .debug_info    0x00013df2      0x10b /opt/local/lib/gcc/arm-none-eabi/13.1.0/../../../../arm-none-eabi/lib/thumb/v6-m/nofp/libc.a(libc_a-init.o)
 .debug_info    0x00013efd       0x3e /opt/local/lib/gcc/arm-none-eabi/13.1.0/thumb/v6-m/nofp/libgcc.a(_udivsi3.o)
 .debug_info    0x00013f3b       0x3e /opt/local/lib/gcc/arm-none-eabi/13.1.0/thumb/v6-m/nofp/libgcc.a(_divsi3.o)
 .debug_info    0x00013f79       0x3c /opt/local/lib/gcc/arm-none-eabi/13.1.0/thumb/v6-m/nofp/libgcc.a(_dvmd_tls.o)

.debug_abbrev   0x00000000     0x2a43
 .debug_abbrev  0x00000000      0x119 build/debug/Core/Src/dma.o
 .debug_abbrev  0x00000119      0x172 build/debug/Core/Src/gpio.o
 .debug_abbrev  0x0000028b      0x336 build/debug/Core/Src/main.o
 .debug_abbrev  0x000005c1      0x207 build/debug/Core/Src/spi.o
 .debug_abbrev  0x000007c8       0xc4 build/debug/Core/Src/stm32f0xx_hal_msp.o
 .debug_abbrev  0x0000088c      0x1d5 build/debug/Core/Src/stm32f0xx_it.o
 .debug_abbrev  0x00000a61      0x136 build/debug/Core/Src/system_stm32f0xx.o
 .debug_abbrev  0x00000b97      0x23a build/debug/Core/Src/tim.o
 .debug_abbrev  0x00000dd1      0x229 build/debug/Core/Src/usart.o
 .debug_abbrev  0x00000ffa      0x269 build/debug/Drivers/STM32F0xx_HAL_Driver/Src/stm32f0xx_hal.o
 .debug_abbrev  0x00001263      0x2ec build/debug/Drivers/STM32F0xx_HAL_Driver/Src/stm32f0xx_hal_cortex.o
 .debug_abbrev  0x0000154f      0x1f6 build/debug/Drivers/STM32F0xx_HAL_Driver/Src/stm32f0xx_hal_dma.o
 .debug_abbrev  0x00001745      0x1f6 build/debug/Drivers/STM32F0xx_HAL_Driver/Src/stm32f0xx_hal_gpio.o
 .debug_abbrev  0x0000193b      0x29c build/debug/Drivers/STM32F0xx_HAL_Driver/Src/stm32f0xx_hal_rcc.o
 .debug_abbrev  0x00001bd7      0x1ac build/debug/Drivers/STM32F0xx_HAL_Driver/Src/stm32f0xx_hal_rcc_ex.o
 .debug_abbrev  0x00001d83      0x279 build/debug/Drivers/STM32F0xx_HAL_Driver/Src/stm32f0xx_hal_spi.o
 .debug_abbrev  0x00001ffc      0x285 build/debug/Drivers/STM32F0xx_HAL_Driver/Src/stm32f0xx_hal_tim.o
 .debug_abbrev  0x00002281      0x283 build/debug/Drivers/STM32F0xx_HAL_Driver/Src/stm32f0xx_hal_tim_ex.o
 .debug_abbrev  0x00002504      0x325 build/debug/Drivers/STM32F0xx_HAL_Driver/Src/stm32f0xx_hal_uart.o
 .debug_abbrev  0x00002829       0x24 build/debug/startup_stm32f030x8.o
 .debug_abbrev  0x0000284d       0xb7 /opt/local/lib/gcc/arm-none-eabi/13.1.0/../../../../arm-none-eabi/lib/thumb/v6-m/nofp/libc.a(libc_a-memset.o)
 .debug_abbrev  0x00002904       0xc9 /opt/local/lib/gcc/arm-none-eabi/13.1.0/../../../../arm-none-eabi/lib/thumb/v6-m/nofp/libc.a(libc_a-init.o)
 .debug_abbrev  0x000029cd       0x28 /opt/local/lib/gcc/arm-none-eabi/13.1.0/thumb/v6-m/nofp/libgcc.a(_udivsi3.o)
 .debug_abbrev  0x000029f5       0x28 /opt/local/lib/gcc/arm-none-eabi/13.1.0/thumb/v6-m/nofp/libgcc.a(_divsi3.o)
 .debug_abbrev  0x00002a1d       0x26 /opt/local/lib/gcc/arm-none-eabi/13.1.0/thumb/v6-m/nofp/libgcc.a(_dvmd_tls.o)

.debug_aranges  0x00000000      0xed0
 .debug_aranges
                0x00000000       0x20 build/debug/Core/Src/dma.o
 .debug_aranges
                0x00000020       0x20 build/debug/Core/Src/gpio.o
 .debug_aranges
                0x00000040       0x60 build/debug/Core/Src/main.o
 .debug_aranges
                0x000000a0       0x30 build/debug/Core/Src/spi.o
 .debug_aranges
                0x000000d0       0x20 build/debug/Core/Src/stm32f0xx_hal_msp.o
 .debug_aranges
                0x000000f0       0x68 build/debug/Core/Src/stm32f0xx_it.o
 .debug_aranges
                0x00000158       0x28 build/debug/Core/Src/system_stm32f0xx.o
 .debug_aranges
                0x00000180       0x38 build/debug/Core/Src/tim.o
 .debug_aranges
                0x000001b8       0x30 build/debug/Core/Src/usart.o
 .debug_aranges
                0x000001e8       0xd0 build/debug/Drivers/STM32F0xx_HAL_Driver/Src/stm32f0xx_hal.o
 .debug_aranges
                0x000002b8       0x98 build/debug/Drivers/STM32F0xx_HAL_Driver/Src/stm32f0xx_hal_cortex.o
 .debug_aranges
                0x00000350       0x88 build/debug/Drivers/STM32F0xx_HAL_Driver/Src/stm32f0xx_hal_dma.o
 .debug_aranges
                0x000003d8       0x58 build/debug/Drivers/STM32F0xx_HAL_Driver/Src/stm32f0xx_hal_gpio.o
 .debug_aranges
                0x00000430       0x80 build/debug/Drivers/STM32F0xx_HAL_Driver/Src/stm32f0xx_hal_rcc.o
 .debug_aranges
                0x000004b0       0x30 build/debug/Drivers/STM32F0xx_HAL_Driver/Src/stm32f0xx_hal_rcc_ex.o
 .debug_aranges
                0x000004e0      0x1d8 build/debug/Drivers/STM32F0xx_HAL_Driver/Src/stm32f0xx_hal_spi.o
 .debug_aranges
                0x000006b8      0x3d0 build/debug/Drivers/STM32F0xx_HAL_Driver/Src/stm32f0xx_hal_tim.o
 .debug_aranges
                0x00000a88      0x168 build/debug/Drivers/STM32F0xx_HAL_Driver/Src/stm32f0xx_hal_tim_ex.o
 .debug_aranges
                0x00000bf0      0x218 build/debug/Drivers/STM32F0xx_HAL_Driver/Src/stm32f0xx_hal_uart.o
 .debug_aranges
                0x00000e08       0x28 build/debug/startup_stm32f030x8.o
 .debug_aranges
                0x00000e30       0x20 /opt/local/lib/gcc/arm-none-eabi/13.1.0/../../../../arm-none-eabi/lib/thumb/v6-m/nofp/libc.a(libc_a-memset.o)
 .debug_aranges
                0x00000e50       0x20 /opt/local/lib/gcc/arm-none-eabi/13.1.0/../../../../arm-none-eabi/lib/thumb/v6-m/nofp/libc.a(libc_a-init.o)
 .debug_aranges
                0x00000e70       0x20 /opt/local/lib/gcc/arm-none-eabi/13.1.0/thumb/v6-m/nofp/libgcc.a(_udivsi3.o)
 .debug_aranges
                0x00000e90       0x20 /opt/local/lib/gcc/arm-none-eabi/13.1.0/thumb/v6-m/nofp/libgcc.a(_divsi3.o)
 .debug_aranges
                0x00000eb0       0x20 /opt/local/lib/gcc/arm-none-eabi/13.1.0/thumb/v6-m/nofp/libgcc.a(_dvmd_tls.o)

.debug_rnglists
                0x00000000      0xb13
 .debug_rnglists
                0x00000000       0x13 build/debug/Core/Src/dma.o
 .debug_rnglists
                0x00000013       0x14 build/debug/Core/Src/gpio.o
 .debug_rnglists
                0x00000027       0x46 build/debug/Core/Src/main.o
 .debug_rnglists
                0x0000006d       0x1f build/debug/Core/Src/spi.o
 .debug_rnglists
                0x0000008c       0x13 build/debug/Core/Src/stm32f0xx_hal_msp.o
 .debug_rnglists
                0x0000009f       0x49 build/debug/Core/Src/stm32f0xx_it.o
 .debug_rnglists
                0x000000e8       0x1a build/debug/Core/Src/system_stm32f0xx.o
 .debug_rnglists
                0x00000102       0x26 build/debug/Core/Src/tim.o
 .debug_rnglists
                0x00000128       0x1f build/debug/Core/Src/usart.o
 .debug_rnglists
                0x00000147       0x97 build/debug/Drivers/STM32F0xx_HAL_Driver/Src/stm32f0xx_hal.o
 .debug_rnglists
                0x000001de       0x79 build/debug/Drivers/STM32F0xx_HAL_Driver/Src/stm32f0xx_hal_cortex.o
 .debug_rnglists
                0x00000257       0x63 build/debug/Drivers/STM32F0xx_HAL_Driver/Src/stm32f0xx_hal_dma.o
 .debug_rnglists
                0x000002ba       0x3f build/debug/Drivers/STM32F0xx_HAL_Driver/Src/stm32f0xx_hal_gpio.o
 .debug_rnglists
                0x000002f9       0x6e build/debug/Drivers/STM32F0xx_HAL_Driver/Src/stm32f0xx_hal_rcc.o
 .debug_rnglists
                0x00000367       0x2f build/debug/Drivers/STM32F0xx_HAL_Driver/Src/stm32f0xx_hal_rcc_ex.o
 .debug_rnglists
                0x00000396      0x171 build/debug/Drivers/STM32F0xx_HAL_Driver/Src/stm32f0xx_hal_spi.o
 .debug_rnglists
                0x00000507      0x305 build/debug/Drivers/STM32F0xx_HAL_Driver/Src/stm32f0xx_hal_tim.o
 .debug_rnglists
                0x0000080c      0x11a build/debug/Drivers/STM32F0xx_HAL_Driver/Src/stm32f0xx_hal_tim_ex.o
 .debug_rnglists
                0x00000926      0x1d4 build/debug/Drivers/STM32F0xx_HAL_Driver/Src/stm32f0xx_hal_uart.o
 .debug_rnglists
                0x00000afa       0x19 build/debug/startup_stm32f030x8.o

.debug_line     0x00000000    0x111a7
 .debug_line    0x00000000      0x135 build/debug/Core/Src/dma.o
 .debug_line    0x00000135      0x2df build/debug/Core/Src/gpio.o
 .debug_line    0x00000414      0x6cc build/debug/Core/Src/main.o
 .debug_line    0x00000ae0      0x2ad build/debug/Core/Src/spi.o
 .debug_line    0x00000d8d      0x10b build/debug/Core/Src/stm32f0xx_hal_msp.o
 .debug_line    0x00000e98      0x27c build/debug/Core/Src/stm32f0xx_it.o
 .debug_line    0x00001114      0x1c0 build/debug/Core/Src/system_stm32f0xx.o
 .debug_line    0x000012d4      0x377 build/debug/Core/Src/tim.o
 .debug_line    0x0000164b      0x2b5 build/debug/Core/Src/usart.o
 .debug_line    0x00001900      0x4bd build/debug/Drivers/STM32F0xx_HAL_Driver/Src/stm32f0xx_hal.o
 .debug_line    0x00001dbd      0x4ce build/debug/Drivers/STM32F0xx_HAL_Driver/Src/stm32f0xx_hal_cortex.o
 .debug_line    0x0000228b      0x9ea build/debug/Drivers/STM32F0xx_HAL_Driver/Src/stm32f0xx_hal_dma.o
 .debug_line    0x00002c75      0x644 build/debug/Drivers/STM32F0xx_HAL_Driver/Src/stm32f0xx_hal_gpio.o
 .debug_line    0x000032b9      0xbc9 build/debug/Drivers/STM32F0xx_HAL_Driver/Src/stm32f0xx_hal_rcc.o
 .debug_line    0x00003e82      0x439 build/debug/Drivers/STM32F0xx_HAL_Driver/Src/stm32f0xx_hal_rcc_ex.o
 .debug_line    0x000042bb     0x28b0 build/debug/Drivers/STM32F0xx_HAL_Driver/Src/stm32f0xx_hal_spi.o
 .debug_line    0x00006b6b     0x48a4 build/debug/Drivers/STM32F0xx_HAL_Driver/Src/stm32f0xx_hal_tim.o
 .debug_line    0x0000b40f     0x1a08 build/debug/Drivers/STM32F0xx_HAL_Driver/Src/stm32f0xx_hal_tim_ex.o
 .debug_line    0x0000ce17     0x3d4c build/debug/Drivers/STM32F0xx_HAL_Driver/Src/stm32f0xx_hal_uart.o
 .debug_line    0x00010b63       0x77 build/debug/startup_stm32f030x8.o
 .debug_line    0x00010bda      0x2f2 /opt/local/lib/gcc/arm-none-eabi/13.1.0/../../../../arm-none-eabi/lib/thumb/v6-m/nofp/libc.a(libc_a-memset.o)
 .debug_line    0x00010ecc      0x1de /opt/local/lib/gcc/arm-none-eabi/13.1.0/../../../../arm-none-eabi/lib/thumb/v6-m/nofp/libc.a(libc_a-init.o)
 .debug_line    0x000110aa       0x56 /opt/local/lib/gcc/arm-none-eabi/13.1.0/thumb/v6-m/nofp/libgcc.a(_udivsi3.o)
 .debug_line    0x00011100       0x5d /opt/local/lib/gcc/arm-none-eabi/13.1.0/thumb/v6-m/nofp/libgcc.a(_divsi3.o)
 .debug_line    0x0001115d       0x4a /opt/local/lib/gcc/arm-none-eabi/13.1.0/thumb/v6-m/nofp/libgcc.a(_dvmd_tls.o)

.debug_str      0x00000000     0x4598
 .debug_str     0x00000000     0x4598 build/debug/Core/Src/dma.o
                                0x3a6 (size before relaxing)
 .debug_str     0x00004598      0x2d5 build/debug/Core/Src/gpio.o
 .debug_str     0x00004598     0x1256 build/debug/Core/Src/main.o
 .debug_str     0x00004598      0x702 build/debug/Core/Src/spi.o
 .debug_str     0x00004598      0x1fe build/debug/Core/Src/stm32f0xx_hal_msp.o
 .debug_str     0x00004598      0x9e8 build/debug/Core/Src/stm32f0xx_it.o
 .debug_str     0x00004598      0x276 build/debug/Core/Src/system_stm32f0xx.o
 .debug_str     0x00004598      0x944 build/debug/Core/Src/tim.o
 .debug_str     0x00004598      0x904 build/debug/Core/Src/usart.o
 .debug_str     0x00004598      0x6ac build/debug/Drivers/STM32F0xx_HAL_Driver/Src/stm32f0xx_hal.o
 .debug_str     0x00004598      0x5ed build/debug/Drivers/STM32F0xx_HAL_Driver/Src/stm32f0xx_hal_cortex.o
 .debug_str     0x00004598      0x61c build/debug/Drivers/STM32F0xx_HAL_Driver/Src/stm32f0xx_hal_dma.o
 .debug_str     0x00004598      0x3f9 build/debug/Drivers/STM32F0xx_HAL_Driver/Src/stm32f0xx_hal_gpio.o
 .debug_str     0x00004598      0x65a build/debug/Drivers/STM32F0xx_HAL_Driver/Src/stm32f0xx_hal_rcc.o
 .debug_str     0x00004598      0x3b1 build/debug/Drivers/STM32F0xx_HAL_Driver/Src/stm32f0xx_hal_rcc_ex.o
 .debug_str     0x00004598      0xbc7 build/debug/Drivers/STM32F0xx_HAL_Driver/Src/stm32f0xx_hal_spi.o
 .debug_str     0x00004598     0x167e build/debug/Drivers/STM32F0xx_HAL_Driver/Src/stm32f0xx_hal_tim.o
 .debug_str     0x00004598      0xe8a build/debug/Drivers/STM32F0xx_HAL_Driver/Src/stm32f0xx_hal_tim_ex.o
 .debug_str     0x00004598      0xe97 build/debug/Drivers/STM32F0xx_HAL_Driver/Src/stm32f0xx_hal_uart.o
 .debug_str     0x00004598       0x86 build/debug/startup_stm32f030x8.o
 .debug_str     0x00004598      0x25e /opt/local/lib/gcc/arm-none-eabi/13.1.0/../../../../arm-none-eabi/lib/thumb/v6-m/nofp/libc.a(libc_a-memset.o)
 .debug_str     0x00004598      0x2ab /opt/local/lib/gcc/arm-none-eabi/13.1.0/../../../../arm-none-eabi/lib/thumb/v6-m/nofp/libc.a(libc_a-init.o)
 .debug_str     0x00004598      0x173 /opt/local/lib/gcc/arm-none-eabi/13.1.0/thumb/v6-m/nofp/libgcc.a(_udivsi3.o)
 .debug_str     0x00004598      0x171 /opt/local/lib/gcc/arm-none-eabi/13.1.0/thumb/v6-m/nofp/libgcc.a(_divsi3.o)
 .debug_str     0x00004598      0x174 /opt/local/lib/gcc/arm-none-eabi/13.1.0/thumb/v6-m/nofp/libgcc.a(_dvmd_tls.o)

.debug_frame    0x00000000     0x259c
 .debug_frame   0x00000000       0x28 build/debug/Core/Src/dma.o
 .debug_frame   0x00000028       0x3c build/debug/Core/Src/gpio.o
 .debug_frame   0x00000064       0xf4 build/debug/Core/Src/main.o
 .debug_frame   0x00000158       0x5c build/debug/Core/Src/spi.o
 .debug_frame   0x000001b4       0x24 build/debug/Core/Src/stm32f0xx_hal_msp.o
 .debug_frame   0x000001d8       0xe0 build/debug/Core/Src/stm32f0xx_it.o
 .debug_frame   0x000002b8       0x38 build/debug/Core/Src/system_stm32f0xx.o
 .debug_frame   0x000002f0       0x74 build/debug/Core/Src/tim.o
 .debug_frame   0x00000364       0x5c build/debug/Core/Src/usart.o
 .debug_frame   0x000003c0      0x1ac build/debug/Drivers/STM32F0xx_HAL_Driver/Src/stm32f0xx_hal.o
 .debug_frame   0x0000056c      0x144 build/debug/Drivers/STM32F0xx_HAL_Driver/Src/stm32f0xx_hal_cortex.o
 .debug_frame   0x000006b0      0x168 build/debug/Drivers/STM32F0xx_HAL_Driver/Src/stm32f0xx_hal_dma.o
 .debug_frame   0x00000818       0xc0 build/debug/Drivers/STM32F0xx_HAL_Driver/Src/stm32f0xx_hal_gpio.o
 .debug_frame   0x000008d8      0x134 build/debug/Drivers/STM32F0xx_HAL_Driver/Src/stm32f0xx_hal_rcc.o
 .debug_frame   0x00000a0c       0x58 build/debug/Drivers/STM32F0xx_HAL_Driver/Src/stm32f0xx_hal_rcc_ex.o
 .debug_frame   0x00000a64      0x5a4 build/debug/Drivers/STM32F0xx_HAL_Driver/Src/stm32f0xx_hal_spi.o
 .debug_frame   0x00001008      0xae0 build/debug/Drivers/STM32F0xx_HAL_Driver/Src/stm32f0xx_hal_tim.o
 .debug_frame   0x00001ae8      0x420 build/debug/Drivers/STM32F0xx_HAL_Driver/Src/stm32f0xx_hal_tim_ex.o
 .debug_frame   0x00001f08      0x5f8 build/debug/Drivers/STM32F0xx_HAL_Driver/Src/stm32f0xx_hal_uart.o
 .debug_frame   0x00002500       0x30 /opt/local/lib/gcc/arm-none-eabi/13.1.0/../../../../arm-none-eabi/lib/thumb/v6-m/nofp/libc.a(libc_a-memset.o)
 .debug_frame   0x00002530       0x2c /opt/local/lib/gcc/arm-none-eabi/13.1.0/../../../../arm-none-eabi/lib/thumb/v6-m/nofp/libc.a(libc_a-init.o)
 .debug_frame   0x0000255c       0x20 /opt/local/lib/gcc/arm-none-eabi/13.1.0/thumb/v6-m/nofp/libgcc.a(_udivsi3.o)
 .debug_frame   0x0000257c       0x20 /opt/local/lib/gcc/arm-none-eabi/13.1.0/thumb/v6-m/nofp/libgcc.a(_divsi3.o)

.debug_loclists
                0x00000000     0xab81
 .debug_loclists
                0x00000000      0x1a4 build/debug/Core/Src/main.o
 .debug_loclists
                0x000001a4       0x6b build/debug/Core/Src/spi.o
 .debug_loclists
                0x0000020f       0xf5 build/debug/Core/Src/system_stm32f0xx.o
 .debug_loclists
                0x00000304       0x8d build/debug/Core/Src/tim.o
 .debug_loclists
                0x00000391       0x6b build/debug/Core/Src/usart.o
 .debug_loclists
                0x000003fc       0xe1 build/debug/Drivers/STM32F0xx_HAL_Driver/Src/stm32f0xx_hal.o
 .debug_loclists
                0x000004dd      0x208 build/debug/Drivers/STM32F0xx_HAL_Driver/Src/stm32f0xx_hal_cortex.o
 .debug_loclists
                0x000006e5      0x642 build/debug/Drivers/STM32F0xx_HAL_Driver/Src/stm32f0xx_hal_dma.o
 .debug_loclists
                0x00000d27      0x28d build/debug/Drivers/STM32F0xx_HAL_Driver/Src/stm32f0xx_hal_gpio.o
 .debug_loclists
                0x00000fb4      0x41c build/debug/Drivers/STM32F0xx_HAL_Driver/Src/stm32f0xx_hal_rcc.o
 .debug_loclists
                0x000013d0      0x2c7 build/debug/Drivers/STM32F0xx_HAL_Driver/Src/stm32f0xx_hal_rcc_ex.o
 .debug_loclists
                0x00001697     0x192b build/debug/Drivers/STM32F0xx_HAL_Driver/Src/stm32f0xx_hal_spi.o
 .debug_loclists
                0x00002fc2     0x3e0a build/debug/Drivers/STM32F0xx_HAL_Driver/Src/stm32f0xx_hal_tim.o
 .debug_loclists
                0x00006dcc     0x186c build/debug/Drivers/STM32F0xx_HAL_Driver/Src/stm32f0xx_hal_tim_ex.o
 .debug_loclists
                0x00008638     0x2329 build/debug/Drivers/STM32F0xx_HAL_Driver/Src/stm32f0xx_hal_uart.o
 .debug_loclists
                0x0000a961      0x1c6 /opt/local/lib/gcc/arm-none-eabi/13.1.0/../../../../arm-none-eabi/lib/thumb/v6-m/nofp/libc.a(libc_a-memset.o)
 .debug_loclists
                0x0000ab27       0x5a /opt/local/lib/gcc/arm-none-eabi/13.1.0/../../../../arm-none-eabi/lib/thumb/v6-m/nofp/libc.a(libc_a-init.o)

.debug_line_str
                0x00000000      0x1b8
 .debug_line_str
                0x00000000      0x1b8 build/debug/startup_stm32f030x8.o
                                 0x6c (size before relaxing)
 .debug_line_str
                0x000001b8      0x14c /opt/local/lib/gcc/arm-none-eabi/13.1.0/thumb/v6-m/nofp/libgcc.a(_udivsi3.o)
 .debug_line_str
                0x000001b8      0x14c /opt/local/lib/gcc/arm-none-eabi/13.1.0/thumb/v6-m/nofp/libgcc.a(_divsi3.o)
 .debug_line_str
                0x000001b8      0x14c /opt/local/lib/gcc/arm-none-eabi/13.1.0/thumb/v6-m/nofp/libgcc.a(_dvmd_tls.o)

Cross Reference Table

Symbol                                            File
ADC1_IRQHandler                                   build/debug/startup_stm32f030x8.o
AHBPrescTable                                     build/debug/Core/Src/system_stm32f0xx.o
                                                  build/debug/Drivers/STM32F0xx_HAL_Driver/Src/stm32f0xx_hal_rcc.o
APBPrescTable                                     build/debug/Core/Src/system_stm32f0xx.o
                                                  build/debug/Drivers/STM32F0xx_HAL_Driver/Src/stm32f0xx_hal_rcc.o
DMA1_Channel1_IRQHandler                          build/debug/Core/Src/stm32f0xx_it.o
DMA1_Channel2_3_IRQHandler                        build/debug/Core/Src/stm32f0xx_it.o
DMA1_Channel4_5_IRQHandler                        build/debug/startup_stm32f030x8.o
Default_Handler                                   build/debug/startup_stm32f030x8.o
EXTI0_1_IRQHandler                                build/debug/startup_stm32f030x8.o
EXTI2_3_IRQHandler                                build/debug/startup_stm32f030x8.o
EXTI4_15_IRQHandler                               build/debug/Core/Src/stm32f0xx_it.o
Error_Handler                                     build/debug/Core/Src/main.o
                                                  build/debug/Core/Src/usart.o
                                                  build/debug/Core/Src/tim.o
                                                  build/debug/Core/Src/spi.o
FLASH_IRQHandler                                  build/debug/startup_stm32f030x8.o
FLASH_PageErase                                   build/debug/Drivers/STM32F0xx_HAL_Driver/Src/stm32f0xx_hal_flash_ex.o
                                                  build/debug/Drivers/STM32F0xx_HAL_Driver/Src/stm32f0xx_hal_flash.o
FLASH_WaitForLastOperation                        build/debug/Drivers/STM32F0xx_HAL_Driver/Src/stm32f0xx_hal_flash.o
                                                  build/debug/Drivers/STM32F0xx_HAL_Driver/Src/stm32f0xx_hal_flash_ex.o
HAL_DBGMCU_DisableDBGStandbyMode                  build/debug/Drivers/STM32F0xx_HAL_Driver/Src/stm32f0xx_hal.o
HAL_DBGMCU_DisableDBGStopMode                     build/debug/Drivers/STM32F0xx_HAL_Driver/Src/stm32f0xx_hal.o
HAL_DBGMCU_EnableDBGStandbyMode                   build/debug/Drivers/STM32F0xx_HAL_Driver/Src/stm32f0xx_hal.o
HAL_DBGMCU_EnableDBGStopMode                      build/debug/Drivers/STM32F0xx_HAL_Driver/Src/stm32f0xx_hal.o
HAL_DMA_Abort                                     build/debug/Drivers/STM32F0xx_HAL_Driver/Src/stm32f0xx_hal_dma.o
                                                  build/debug/Drivers/STM32F0xx_HAL_Driver/Src/stm32f0xx_hal_uart.o
                                                  build/debug/Drivers/STM32F0xx_HAL_Driver/Src/stm32f0xx_hal_spi.o
HAL_DMA_Abort_IT                                  build/debug/Drivers/STM32F0xx_HAL_Driver/Src/stm32f0xx_hal_dma.o
                                                  build/debug/Drivers/STM32F0xx_HAL_Driver/Src/stm32f0xx_hal_uart.o
                                                  build/debug/Drivers/STM32F0xx_HAL_Driver/Src/stm32f0xx_hal_tim_ex.o
                                                  build/debug/Drivers/STM32F0xx_HAL_Driver/Src/stm32f0xx_hal_tim.o
                                                  build/debug/Drivers/STM32F0xx_HAL_Driver/Src/stm32f0xx_hal_spi.o
                                                  build/debug/Drivers/STM32F0xx_HAL_Driver/Src/stm32f0xx_hal_i2c.o
HAL_DMA_DeInit                                    build/debug/Drivers/STM32F0xx_HAL_Driver/Src/stm32f0xx_hal_dma.o
                                                  build/debug/Core/Src/tim.o
HAL_DMA_GetError                                  build/debug/Drivers/STM32F0xx_HAL_Driver/Src/stm32f0xx_hal_dma.o
                                                  build/debug/Drivers/STM32F0xx_HAL_Driver/Src/stm32f0xx_hal_uart.o
HAL_DMA_GetState                                  build/debug/Drivers/STM32F0xx_HAL_Driver/Src/stm32f0xx_hal_dma.o
                                                  build/debug/Drivers/STM32F0xx_HAL_Driver/Src/stm32f0xx_hal_i2c.o
HAL_DMA_IRQHandler                                build/debug/Drivers/STM32F0xx_HAL_Driver/Src/stm32f0xx_hal_dma.o
                                                  build/debug/Core/Src/stm32f0xx_it.o
HAL_DMA_Init                                      build/debug/Drivers/STM32F0xx_HAL_Driver/Src/stm32f0xx_hal_dma.o
                                                  build/debug/Core/Src/tim.o
HAL_DMA_PollForTransfer                           build/debug/Drivers/STM32F0xx_HAL_Driver/Src/stm32f0xx_hal_dma.o
HAL_DMA_RegisterCallback                          build/debug/Drivers/STM32F0xx_HAL_Driver/Src/stm32f0xx_hal_dma.o
HAL_DMA_Start                                     build/debug/Drivers/STM32F0xx_HAL_Driver/Src/stm32f0xx_hal_dma.o
                                                  build/debug/Core/Src/main.o
HAL_DMA_Start_IT                                  build/debug/Drivers/STM32F0xx_HAL_Driver/Src/stm32f0xx_hal_dma.o
                                                  build/debug/Drivers/STM32F0xx_HAL_Driver/Src/stm32f0xx_hal_uart.o
                                                  build/debug/Drivers/STM32F0xx_HAL_Driver/Src/stm32f0xx_hal_tim_ex.o
                                                  build/debug/Drivers/STM32F0xx_HAL_Driver/Src/stm32f0xx_hal_tim.o
                                                  build/debug/Drivers/STM32F0xx_HAL_Driver/Src/stm32f0xx_hal_spi.o
                                                  build/debug/Drivers/STM32F0xx_HAL_Driver/Src/stm32f0xx_hal_i2c.o
HAL_DMA_UnRegisterCallback                        build/debug/Drivers/STM32F0xx_HAL_Driver/Src/stm32f0xx_hal_dma.o
HAL_DeInit                                        build/debug/Drivers/STM32F0xx_HAL_Driver/Src/stm32f0xx_hal.o
HAL_Delay                                         build/debug/Drivers/STM32F0xx_HAL_Driver/Src/stm32f0xx_hal.o
HAL_EXTI_ClearConfigLine                          build/debug/Drivers/STM32F0xx_HAL_Driver/Src/stm32f0xx_hal_exti.o
HAL_EXTI_ClearPending                             build/debug/Drivers/STM32F0xx_HAL_Driver/Src/stm32f0xx_hal_exti.o
HAL_EXTI_GenerateSWI                              build/debug/Drivers/STM32F0xx_HAL_Driver/Src/stm32f0xx_hal_exti.o
HAL_EXTI_GetConfigLine                            build/debug/Drivers/STM32F0xx_HAL_Driver/Src/stm32f0xx_hal_exti.o
HAL_EXTI_GetHandle                                build/debug/Drivers/STM32F0xx_HAL_Driver/Src/stm32f0xx_hal_exti.o
HAL_EXTI_GetPending                               build/debug/Drivers/STM32F0xx_HAL_Driver/Src/stm32f0xx_hal_exti.o
HAL_EXTI_IRQHandler                               build/debug/Drivers/STM32F0xx_HAL_Driver/Src/stm32f0xx_hal_exti.o
HAL_EXTI_RegisterCallback                         build/debug/Drivers/STM32F0xx_HAL_Driver/Src/stm32f0xx_hal_exti.o
HAL_EXTI_SetConfigLine                            build/debug/Drivers/STM32F0xx_HAL_Driver/Src/stm32f0xx_hal_exti.o
HAL_FLASHEx_Erase                                 build/debug/Drivers/STM32F0xx_HAL_Driver/Src/stm32f0xx_hal_flash_ex.o
HAL_FLASHEx_Erase_IT                              build/debug/Drivers/STM32F0xx_HAL_Driver/Src/stm32f0xx_hal_flash_ex.o
HAL_FLASHEx_OBErase                               build/debug/Drivers/STM32F0xx_HAL_Driver/Src/stm32f0xx_hal_flash_ex.o
HAL_FLASHEx_OBGetConfig                           build/debug/Drivers/STM32F0xx_HAL_Driver/Src/stm32f0xx_hal_flash_ex.o
HAL_FLASHEx_OBGetUserData                         build/debug/Drivers/STM32F0xx_HAL_Driver/Src/stm32f0xx_hal_flash_ex.o
HAL_FLASHEx_OBProgram                             build/debug/Drivers/STM32F0xx_HAL_Driver/Src/stm32f0xx_hal_flash_ex.o
HAL_FLASH_EndOfOperationCallback                  build/debug/Drivers/STM32F0xx_HAL_Driver/Src/stm32f0xx_hal_flash.o
HAL_FLASH_GetError                                build/debug/Drivers/STM32F0xx_HAL_Driver/Src/stm32f0xx_hal_flash.o
HAL_FLASH_IRQHandler                              build/debug/Drivers/STM32F0xx_HAL_Driver/Src/stm32f0xx_hal_flash.o
HAL_FLASH_Lock                                    build/debug/Drivers/STM32F0xx_HAL_Driver/Src/stm32f0xx_hal_flash.o
HAL_FLASH_OB_Launch                               build/debug/Drivers/STM32F0xx_HAL_Driver/Src/stm32f0xx_hal_flash.o
HAL_FLASH_OB_Lock                                 build/debug/Drivers/STM32F0xx_HAL_Driver/Src/stm32f0xx_hal_flash.o
HAL_FLASH_OB_Unlock                               build/debug/Drivers/STM32F0xx_HAL_Driver/Src/stm32f0xx_hal_flash.o
HAL_FLASH_OperationErrorCallback                  build/debug/Drivers/STM32F0xx_HAL_Driver/Src/stm32f0xx_hal_flash.o
HAL_FLASH_Program                                 build/debug/Drivers/STM32F0xx_HAL_Driver/Src/stm32f0xx_hal_flash.o
HAL_FLASH_Program_IT                              build/debug/Drivers/STM32F0xx_HAL_Driver/Src/stm32f0xx_hal_flash.o
HAL_FLASH_Unlock                                  build/debug/Drivers/STM32F0xx_HAL_Driver/Src/stm32f0xx_hal_flash.o
HAL_GPIO_DeInit                                   build/debug/Drivers/STM32F0xx_HAL_Driver/Src/stm32f0xx_hal_gpio.o
                                                  build/debug/Core/Src/usart.o
                                                  build/debug/Core/Src/spi.o
HAL_GPIO_EXTI_Callback                            build/debug/Core/Src/main.o
HAL_GPIO_EXTI_IRQHandler                          build/debug/Drivers/STM32F0xx_HAL_Driver/Src/stm32f0xx_hal_gpio.o
                                                  build/debug/Core/Src/stm32f0xx_it.o
HAL_GPIO_Init                                     build/debug/Drivers/STM32F0xx_HAL_Driver/Src/stm32f0xx_hal_gpio.o
                                                  build/debug/Drivers/STM32F0xx_HAL_Driver/Src/stm32f0xx_hal_rcc.o
                                                  build/debug/Core/Src/usart.o
                                                  build/debug/Core/Src/spi.o
                                                  build/debug/Core/Src/gpio.o
HAL_GPIO_LockPin                                  build/debug/Drivers/STM32F0xx_HAL_Driver/Src/stm32f0xx_hal_gpio.o
HAL_GPIO_ReadPin                                  build/debug/Drivers/STM32F0xx_HAL_Driver/Src/stm32f0xx_hal_gpio.o
HAL_GPIO_TogglePin                                build/debug/Drivers/STM32F0xx_HAL_Driver/Src/stm32f0xx_hal_gpio.o
                                                  build/debug/Core/Src/main.o
HAL_GPIO_WritePin                                 build/debug/Drivers/STM32F0xx_HAL_Driver/Src/stm32f0xx_hal_gpio.o
                                                  build/debug/Core/Src/main.o
                                                  build/debug/Core/Src/gpio.o
HAL_GetDEVID                                      build/debug/Drivers/STM32F0xx_HAL_Driver/Src/stm32f0xx_hal.o
HAL_GetHalVersion                                 build/debug/Drivers/STM32F0xx_HAL_Driver/Src/stm32f0xx_hal.o
HAL_GetREVID                                      build/debug/Drivers/STM32F0xx_HAL_Driver/Src/stm32f0xx_hal.o
HAL_GetTick                                       build/debug/Drivers/STM32F0xx_HAL_Driver/Src/stm32f0xx_hal.o
                                                  build/debug/Drivers/STM32F0xx_HAL_Driver/Src/stm32f0xx_hal_uart_ex.o
                                                  build/debug/Drivers/STM32F0xx_HAL_Driver/Src/stm32f0xx_hal_uart.o
                                                  build/debug/Drivers/STM32F0xx_HAL_Driver/Src/stm32f0xx_hal_spi.o
                                                  build/debug/Drivers/STM32F0xx_HAL_Driver/Src/stm32f0xx_hal_rcc_ex.o
                                                  build/debug/Drivers/STM32F0xx_HAL_Driver/Src/stm32f0xx_hal_rcc.o
                                                  build/debug/Drivers/STM32F0xx_HAL_Driver/Src/stm32f0xx_hal_i2c.o
                                                  build/debug/Drivers/STM32F0xx_HAL_Driver/Src/stm32f0xx_hal_flash.o
                                                  build/debug/Drivers/STM32F0xx_HAL_Driver/Src/stm32f0xx_hal_dma.o
HAL_GetTickFreq                                   build/debug/Drivers/STM32F0xx_HAL_Driver/Src/stm32f0xx_hal.o
HAL_GetTickPrio                                   build/debug/Drivers/STM32F0xx_HAL_Driver/Src/stm32f0xx_hal.o
HAL_GetUIDw0                                      build/debug/Drivers/STM32F0xx_HAL_Driver/Src/stm32f0xx_hal.o
HAL_GetUIDw1                                      build/debug/Drivers/STM32F0xx_HAL_Driver/Src/stm32f0xx_hal.o
HAL_GetUIDw2                                      build/debug/Drivers/STM32F0xx_HAL_Driver/Src/stm32f0xx_hal.o
HAL_HalfDuplex_EnableReceiver                     build/debug/Drivers/STM32F0xx_HAL_Driver/Src/stm32f0xx_hal_uart.o
                                                  build/debug/Core/Src/main.o
HAL_HalfDuplex_EnableTransmitter                  build/debug/Drivers/STM32F0xx_HAL_Driver/Src/stm32f0xx_hal_uart.o
                                                  build/debug/Core/Src/main.o
HAL_HalfDuplex_Init                               build/debug/Drivers/STM32F0xx_HAL_Driver/Src/stm32f0xx_hal_uart.o
                                                  build/debug/Core/Src/usart.o
HAL_I2CEx_ConfigAnalogFilter                      build/debug/Drivers/STM32F0xx_HAL_Driver/Src/stm32f0xx_hal_i2c_ex.o
HAL_I2CEx_ConfigDigitalFilter                     build/debug/Drivers/STM32F0xx_HAL_Driver/Src/stm32f0xx_hal_i2c_ex.o
HAL_I2CEx_DisableFastModePlus                     build/debug/Drivers/STM32F0xx_HAL_Driver/Src/stm32f0xx_hal_i2c_ex.o
HAL_I2CEx_EnableFastModePlus                      build/debug/Drivers/STM32F0xx_HAL_Driver/Src/stm32f0xx_hal_i2c_ex.o
HAL_I2C_AbortCpltCallback                         build/debug/Drivers/STM32F0xx_HAL_Driver/Src/stm32f0xx_hal_i2c.o
HAL_I2C_AddrCallback                              build/debug/Drivers/STM32F0xx_HAL_Driver/Src/stm32f0xx_hal_i2c.o
HAL_I2C_DeInit                                    build/debug/Drivers/STM32F0xx_HAL_Driver/Src/stm32f0xx_hal_i2c.o
HAL_I2C_DisableListen_IT                          build/debug/Drivers/STM32F0xx_HAL_Driver/Src/stm32f0xx_hal_i2c.o
HAL_I2C_ER_IRQHandler                             build/debug/Drivers/STM32F0xx_HAL_Driver/Src/stm32f0xx_hal_i2c.o
HAL_I2C_EV_IRQHandler                             build/debug/Drivers/STM32F0xx_HAL_Driver/Src/stm32f0xx_hal_i2c.o
HAL_I2C_EnableListen_IT                           build/debug/Drivers/STM32F0xx_HAL_Driver/Src/stm32f0xx_hal_i2c.o
HAL_I2C_ErrorCallback                             build/debug/Drivers/STM32F0xx_HAL_Driver/Src/stm32f0xx_hal_i2c.o
HAL_I2C_GetError                                  build/debug/Drivers/STM32F0xx_HAL_Driver/Src/stm32f0xx_hal_i2c.o
HAL_I2C_GetMode                                   build/debug/Drivers/STM32F0xx_HAL_Driver/Src/stm32f0xx_hal_i2c.o
HAL_I2C_GetState                                  build/debug/Drivers/STM32F0xx_HAL_Driver/Src/stm32f0xx_hal_i2c.o
HAL_I2C_Init                                      build/debug/Drivers/STM32F0xx_HAL_Driver/Src/stm32f0xx_hal_i2c.o
HAL_I2C_IsDeviceReady                             build/debug/Drivers/STM32F0xx_HAL_Driver/Src/stm32f0xx_hal_i2c.o
HAL_I2C_ListenCpltCallback                        build/debug/Drivers/STM32F0xx_HAL_Driver/Src/stm32f0xx_hal_i2c.o
HAL_I2C_MasterRxCpltCallback                      build/debug/Drivers/STM32F0xx_HAL_Driver/Src/stm32f0xx_hal_i2c.o
HAL_I2C_MasterTxCpltCallback                      build/debug/Drivers/STM32F0xx_HAL_Driver/Src/stm32f0xx_hal_i2c.o
HAL_I2C_Master_Abort_IT                           build/debug/Drivers/STM32F0xx_HAL_Driver/Src/stm32f0xx_hal_i2c.o
HAL_I2C_Master_Receive                            build/debug/Drivers/STM32F0xx_HAL_Driver/Src/stm32f0xx_hal_i2c.o
HAL_I2C_Master_Receive_DMA                        build/debug/Drivers/STM32F0xx_HAL_Driver/Src/stm32f0xx_hal_i2c.o
HAL_I2C_Master_Receive_IT                         build/debug/Drivers/STM32F0xx_HAL_Driver/Src/stm32f0xx_hal_i2c.o
HAL_I2C_Master_Seq_Receive_DMA                    build/debug/Drivers/STM32F0xx_HAL_Driver/Src/stm32f0xx_hal_i2c.o
HAL_I2C_Master_Seq_Receive_IT                     build/debug/Drivers/STM32F0xx_HAL_Driver/Src/stm32f0xx_hal_i2c.o
HAL_I2C_Master_Seq_Transmit_DMA                   build/debug/Drivers/STM32F0xx_HAL_Driver/Src/stm32f0xx_hal_i2c.o
HAL_I2C_Master_Seq_Transmit_IT                    build/debug/Drivers/STM32F0xx_HAL_Driver/Src/stm32f0xx_hal_i2c.o
HAL_I2C_Master_Transmit                           build/debug/Drivers/STM32F0xx_HAL_Driver/Src/stm32f0xx_hal_i2c.o
HAL_I2C_Master_Transmit_DMA                       build/debug/Drivers/STM32F0xx_HAL_Driver/Src/stm32f0xx_hal_i2c.o
HAL_I2C_Master_Transmit_IT                        build/debug/Drivers/STM32F0xx_HAL_Driver/Src/stm32f0xx_hal_i2c.o
HAL_I2C_MemRxCpltCallback                         build/debug/Drivers/STM32F0xx_HAL_Driver/Src/stm32f0xx_hal_i2c.o
HAL_I2C_MemTxCpltCallback                         build/debug/Drivers/STM32F0xx_HAL_Driver/Src/stm32f0xx_hal_i2c.o
HAL_I2C_Mem_Read                                  build/debug/Drivers/STM32F0xx_HAL_Driver/Src/stm32f0xx_hal_i2c.o
HAL_I2C_Mem_Read_DMA                              build/debug/Drivers/STM32F0xx_HAL_Driver/Src/stm32f0xx_hal_i2c.o
HAL_I2C_Mem_Read_IT                               build/debug/Drivers/STM32F0xx_HAL_Driver/Src/stm32f0xx_hal_i2c.o
HAL_I2C_Mem_Write                                 build/debug/Drivers/STM32F0xx_HAL_Driver/Src/stm32f0xx_hal_i2c.o
HAL_I2C_Mem_Write_DMA                             build/debug/Drivers/STM32F0xx_HAL_Driver/Src/stm32f0xx_hal_i2c.o
HAL_I2C_Mem_Write_IT                              build/debug/Drivers/STM32F0xx_HAL_Driver/Src/stm32f0xx_hal_i2c.o
HAL_I2C_MspDeInit                                 build/debug/Drivers/STM32F0xx_HAL_Driver/Src/stm32f0xx_hal_i2c.o
HAL_I2C_MspInit                                   build/debug/Drivers/STM32F0xx_HAL_Driver/Src/stm32f0xx_hal_i2c.o
HAL_I2C_SlaveRxCpltCallback                       build/debug/Drivers/STM32F0xx_HAL_Driver/Src/stm32f0xx_hal_i2c.o
HAL_I2C_SlaveTxCpltCallback                       build/debug/Drivers/STM32F0xx_HAL_Driver/Src/stm32f0xx_hal_i2c.o
HAL_I2C_Slave_Receive                             build/debug/Drivers/STM32F0xx_HAL_Driver/Src/stm32f0xx_hal_i2c.o
HAL_I2C_Slave_Receive_DMA                         build/debug/Drivers/STM32F0xx_HAL_Driver/Src/stm32f0xx_hal_i2c.o
HAL_I2C_Slave_Receive_IT                          build/debug/Drivers/STM32F0xx_HAL_Driver/Src/stm32f0xx_hal_i2c.o
HAL_I2C_Slave_Seq_Receive_DMA                     build/debug/Drivers/STM32F0xx_HAL_Driver/Src/stm32f0xx_hal_i2c.o
HAL_I2C_Slave_Seq_Receive_IT                      build/debug/Drivers/STM32F0xx_HAL_Driver/Src/stm32f0xx_hal_i2c.o
HAL_I2C_Slave_Seq_Transmit_DMA                    build/debug/Drivers/STM32F0xx_HAL_Driver/Src/stm32f0xx_hal_i2c.o
HAL_I2C_Slave_Seq_Transmit_IT                     build/debug/Drivers/STM32F0xx_HAL_Driver/Src/stm32f0xx_hal_i2c.o
HAL_I2C_Slave_Transmit                            build/debug/Drivers/STM32F0xx_HAL_Driver/Src/stm32f0xx_hal_i2c.o
HAL_I2C_Slave_Transmit_DMA                        build/debug/Drivers/STM32F0xx_HAL_Driver/Src/stm32f0xx_hal_i2c.o
HAL_I2C_Slave_Transmit_IT                         build/debug/Drivers/STM32F0xx_HAL_Driver/Src/stm32f0xx_hal_i2c.o
HAL_IncTick                                       build/debug/Drivers/STM32F0xx_HAL_Driver/Src/stm32f0xx_hal.o
                                                  build/debug/Core/Src/stm32f0xx_it.o
HAL_Init                                          build/debug/Drivers/STM32F0xx_HAL_Driver/Src/stm32f0xx_hal.o
                                                  build/debug/Core/Src/main.o
HAL_InitTick                                      build/debug/Drivers/STM32F0xx_HAL_Driver/Src/stm32f0xx_hal.o
                                                  build/debug/Drivers/STM32F0xx_HAL_Driver/Src/stm32f0xx_hal_rcc.o
HAL_MspDeInit                                     build/debug/Drivers/STM32F0xx_HAL_Driver/Src/stm32f0xx_hal.o
HAL_MspInit                                       build/debug/Core/Src/stm32f0xx_hal_msp.o
HAL_MultiProcessorEx_AddressLength_Set            build/debug/Drivers/STM32F0xx_HAL_Driver/Src/stm32f0xx_hal_uart_ex.o
HAL_MultiProcessor_DisableMuteMode                build/debug/Drivers/STM32F0xx_HAL_Driver/Src/stm32f0xx_hal_uart.o
HAL_MultiProcessor_EnableMuteMode                 build/debug/Drivers/STM32F0xx_HAL_Driver/Src/stm32f0xx_hal_uart.o
HAL_MultiProcessor_EnterMuteMode                  build/debug/Drivers/STM32F0xx_HAL_Driver/Src/stm32f0xx_hal_uart.o
HAL_MultiProcessor_Init                           build/debug/Drivers/STM32F0xx_HAL_Driver/Src/stm32f0xx_hal_uart.o
HAL_NVIC_ClearPendingIRQ                          build/debug/Drivers/STM32F0xx_HAL_Driver/Src/stm32f0xx_hal_cortex.o
HAL_NVIC_DisableIRQ                               build/debug/Drivers/STM32F0xx_HAL_Driver/Src/stm32f0xx_hal_cortex.o
                                                  build/debug/Core/Src/usart.o
                                                  build/debug/Core/Src/tim.o
HAL_NVIC_EnableIRQ                                build/debug/Drivers/STM32F0xx_HAL_Driver/Src/stm32f0xx_hal_cortex.o
                                                  build/debug/Core/Src/main.o
                                                  build/debug/Core/Src/dma.o
HAL_NVIC_GetPendingIRQ                            build/debug/Drivers/STM32F0xx_HAL_Driver/Src/stm32f0xx_hal_cortex.o
HAL_NVIC_GetPriority                              build/debug/Drivers/STM32F0xx_HAL_Driver/Src/stm32f0xx_hal_cortex.o
HAL_NVIC_SetPendingIRQ                            build/debug/Drivers/STM32F0xx_HAL_Driver/Src/stm32f0xx_hal_cortex.o
HAL_NVIC_SetPriority                              build/debug/Drivers/STM32F0xx_HAL_Driver/Src/stm32f0xx_hal_cortex.o
                                                  build/debug/Drivers/STM32F0xx_HAL_Driver/Src/stm32f0xx_hal.o
                                                  build/debug/Core/Src/main.o
                                                  build/debug/Core/Src/dma.o
HAL_NVIC_SystemReset                              build/debug/Drivers/STM32F0xx_HAL_Driver/Src/stm32f0xx_hal_cortex.o
HAL_PWR_DeInit                                    build/debug/Drivers/STM32F0xx_HAL_Driver/Src/stm32f0xx_hal_pwr.o
HAL_PWR_DisableBkUpAccess                         build/debug/Drivers/STM32F0xx_HAL_Driver/Src/stm32f0xx_hal_pwr.o
HAL_PWR_DisableSEVOnPend                          build/debug/Drivers/STM32F0xx_HAL_Driver/Src/stm32f0xx_hal_pwr.o
HAL_PWR_DisableSleepOnExit                        build/debug/Drivers/STM32F0xx_HAL_Driver/Src/stm32f0xx_hal_pwr.o
HAL_PWR_DisableWakeUpPin                          build/debug/Drivers/STM32F0xx_HAL_Driver/Src/stm32f0xx_hal_pwr.o
HAL_PWR_EnableBkUpAccess                          build/debug/Drivers/STM32F0xx_HAL_Driver/Src/stm32f0xx_hal_pwr.o
HAL_PWR_EnableSEVOnPend                           build/debug/Drivers/STM32F0xx_HAL_Driver/Src/stm32f0xx_hal_pwr.o
HAL_PWR_EnableSleepOnExit                         build/debug/Drivers/STM32F0xx_HAL_Driver/Src/stm32f0xx_hal_pwr.o
HAL_PWR_EnableWakeUpPin                           build/debug/Drivers/STM32F0xx_HAL_Driver/Src/stm32f0xx_hal_pwr.o
HAL_PWR_EnterSLEEPMode                            build/debug/Drivers/STM32F0xx_HAL_Driver/Src/stm32f0xx_hal_pwr.o
HAL_PWR_EnterSTANDBYMode                          build/debug/Drivers/STM32F0xx_HAL_Driver/Src/stm32f0xx_hal_pwr.o
HAL_PWR_EnterSTOPMode                             build/debug/Drivers/STM32F0xx_HAL_Driver/Src/stm32f0xx_hal_pwr.o
HAL_RCCEx_GetPeriphCLKConfig                      build/debug/Drivers/STM32F0xx_HAL_Driver/Src/stm32f0xx_hal_rcc_ex.o
HAL_RCCEx_GetPeriphCLKFreq                        build/debug/Drivers/STM32F0xx_HAL_Driver/Src/stm32f0xx_hal_rcc_ex.o
HAL_RCCEx_PeriphCLKConfig                         build/debug/Drivers/STM32F0xx_HAL_Driver/Src/stm32f0xx_hal_rcc_ex.o
                                                  build/debug/Core/Src/main.o
HAL_RCC_CSSCallback                               build/debug/Drivers/STM32F0xx_HAL_Driver/Src/stm32f0xx_hal_rcc.o
HAL_RCC_ClockConfig                               build/debug/Drivers/STM32F0xx_HAL_Driver/Src/stm32f0xx_hal_rcc.o
                                                  build/debug/Core/Src/main.o
HAL_RCC_DeInit                                    build/debug/Drivers/STM32F0xx_HAL_Driver/Src/stm32f0xx_hal_rcc.o
HAL_RCC_DisableCSS                                build/debug/Drivers/STM32F0xx_HAL_Driver/Src/stm32f0xx_hal_rcc.o
HAL_RCC_EnableCSS                                 build/debug/Drivers/STM32F0xx_HAL_Driver/Src/stm32f0xx_hal_rcc.o
HAL_RCC_GetClockConfig                            build/debug/Drivers/STM32F0xx_HAL_Driver/Src/stm32f0xx_hal_rcc.o
HAL_RCC_GetHCLKFreq                               build/debug/Drivers/STM32F0xx_HAL_Driver/Src/stm32f0xx_hal_rcc.o
HAL_RCC_GetOscConfig                              build/debug/Drivers/STM32F0xx_HAL_Driver/Src/stm32f0xx_hal_rcc.o
HAL_RCC_GetPCLK1Freq                              build/debug/Drivers/STM32F0xx_HAL_Driver/Src/stm32f0xx_hal_rcc.o
                                                  build/debug/Drivers/STM32F0xx_HAL_Driver/Src/stm32f0xx_hal_uart.o
                                                  build/debug/Drivers/STM32F0xx_HAL_Driver/Src/stm32f0xx_hal_rcc_ex.o
HAL_RCC_GetSysClockFreq                           build/debug/Drivers/STM32F0xx_HAL_Driver/Src/stm32f0xx_hal_rcc.o
                                                  build/debug/Drivers/STM32F0xx_HAL_Driver/Src/stm32f0xx_hal_uart.o
                                                  build/debug/Drivers/STM32F0xx_HAL_Driver/Src/stm32f0xx_hal_rcc_ex.o
HAL_RCC_MCOConfig                                 build/debug/Drivers/STM32F0xx_HAL_Driver/Src/stm32f0xx_hal_rcc.o
HAL_RCC_NMI_IRQHandler                            build/debug/Drivers/STM32F0xx_HAL_Driver/Src/stm32f0xx_hal_rcc.o
HAL_RCC_OscConfig                                 build/debug/Drivers/STM32F0xx_HAL_Driver/Src/stm32f0xx_hal_rcc.o
                                                  build/debug/Core/Src/main.o
HAL_RS485Ex_Init                                  build/debug/Drivers/STM32F0xx_HAL_Driver/Src/stm32f0xx_hal_uart_ex.o
HAL_ResumeTick                                    build/debug/Drivers/STM32F0xx_HAL_Driver/Src/stm32f0xx_hal.o
HAL_SPIEx_FlushRxFifo                             build/debug/Drivers/STM32F0xx_HAL_Driver/Src/stm32f0xx_hal_spi_ex.o
HAL_SPI_Abort                                     build/debug/Drivers/STM32F0xx_HAL_Driver/Src/stm32f0xx_hal_spi.o
HAL_SPI_AbortCpltCallback                         build/debug/Drivers/STM32F0xx_HAL_Driver/Src/stm32f0xx_hal_spi.o
HAL_SPI_Abort_IT                                  build/debug/Drivers/STM32F0xx_HAL_Driver/Src/stm32f0xx_hal_spi.o
HAL_SPI_DMAPause                                  build/debug/Drivers/STM32F0xx_HAL_Driver/Src/stm32f0xx_hal_spi.o
HAL_SPI_DMAResume                                 build/debug/Drivers/STM32F0xx_HAL_Driver/Src/stm32f0xx_hal_spi.o
HAL_SPI_DMAStop                                   build/debug/Drivers/STM32F0xx_HAL_Driver/Src/stm32f0xx_hal_spi.o
HAL_SPI_DeInit                                    build/debug/Drivers/STM32F0xx_HAL_Driver/Src/stm32f0xx_hal_spi.o
HAL_SPI_ErrorCallback                             build/debug/Drivers/STM32F0xx_HAL_Driver/Src/stm32f0xx_hal_spi.o
HAL_SPI_GetError                                  build/debug/Drivers/STM32F0xx_HAL_Driver/Src/stm32f0xx_hal_spi.o
HAL_SPI_GetState                                  build/debug/Drivers/STM32F0xx_HAL_Driver/Src/stm32f0xx_hal_spi.o
HAL_SPI_IRQHandler                                build/debug/Drivers/STM32F0xx_HAL_Driver/Src/stm32f0xx_hal_spi.o
HAL_SPI_Init                                      build/debug/Drivers/STM32F0xx_HAL_Driver/Src/stm32f0xx_hal_spi.o
                                                  build/debug/Core/Src/spi.o
HAL_SPI_MspDeInit                                 build/debug/Core/Src/spi.o
HAL_SPI_MspInit                                   build/debug/Core/Src/spi.o
HAL_SPI_Receive                                   build/debug/Drivers/STM32F0xx_HAL_Driver/Src/stm32f0xx_hal_spi.o
HAL_SPI_Receive_DMA                               build/debug/Drivers/STM32F0xx_HAL_Driver/Src/stm32f0xx_hal_spi.o
HAL_SPI_Receive_IT                                build/debug/Drivers/STM32F0xx_HAL_Driver/Src/stm32f0xx_hal_spi.o
HAL_SPI_RxCpltCallback                            build/debug/Drivers/STM32F0xx_HAL_Driver/Src/stm32f0xx_hal_spi.o
HAL_SPI_RxHalfCpltCallback                        build/debug/Drivers/STM32F0xx_HAL_Driver/Src/stm32f0xx_hal_spi.o
HAL_SPI_Transmit                                  build/debug/Drivers/STM32F0xx_HAL_Driver/Src/stm32f0xx_hal_spi.o
HAL_SPI_TransmitReceive                           build/debug/Drivers/STM32F0xx_HAL_Driver/Src/stm32f0xx_hal_spi.o
HAL_SPI_TransmitReceive_DMA                       build/debug/Drivers/STM32F0xx_HAL_Driver/Src/stm32f0xx_hal_spi.o
HAL_SPI_TransmitReceive_IT                        build/debug/Drivers/STM32F0xx_HAL_Driver/Src/stm32f0xx_hal_spi.o
HAL_SPI_Transmit_DMA                              build/debug/Drivers/STM32F0xx_HAL_Driver/Src/stm32f0xx_hal_spi.o
HAL_SPI_Transmit_IT                               build/debug/Drivers/STM32F0xx_HAL_Driver/Src/stm32f0xx_hal_spi.o
HAL_SPI_TxCpltCallback                            build/debug/Drivers/STM32F0xx_HAL_Driver/Src/stm32f0xx_hal_spi.o
HAL_SPI_TxHalfCpltCallback                        build/debug/Drivers/STM32F0xx_HAL_Driver/Src/stm32f0xx_hal_spi.o
HAL_SPI_TxRxCpltCallback                          build/debug/Drivers/STM32F0xx_HAL_Driver/Src/stm32f0xx_hal_spi.o
HAL_SPI_TxRxHalfCpltCallback                      build/debug/Drivers/STM32F0xx_HAL_Driver/Src/stm32f0xx_hal_spi.o
HAL_SYSTICK_CLKSourceConfig                       build/debug/Drivers/STM32F0xx_HAL_Driver/Src/stm32f0xx_hal_cortex.o
HAL_SYSTICK_Callback                              build/debug/Drivers/STM32F0xx_HAL_Driver/Src/stm32f0xx_hal_cortex.o
HAL_SYSTICK_Config                                build/debug/Drivers/STM32F0xx_HAL_Driver/Src/stm32f0xx_hal_cortex.o
                                                  build/debug/Drivers/STM32F0xx_HAL_Driver/Src/stm32f0xx_hal.o
HAL_SYSTICK_IRQHandler                            build/debug/Drivers/STM32F0xx_HAL_Driver/Src/stm32f0xx_hal_cortex.o
HAL_SetTickFreq                                   build/debug/Drivers/STM32F0xx_HAL_Driver/Src/stm32f0xx_hal.o
HAL_SuspendTick                                   build/debug/Drivers/STM32F0xx_HAL_Driver/Src/stm32f0xx_hal.o
HAL_TIMEx_BreakCallback                           build/debug/Drivers/STM32F0xx_HAL_Driver/Src/stm32f0xx_hal_tim_ex.o
                                                  build/debug/Drivers/STM32F0xx_HAL_Driver/Src/stm32f0xx_hal_tim.o
HAL_TIMEx_CommutCallback                          build/debug/Drivers/STM32F0xx_HAL_Driver/Src/stm32f0xx_hal_tim_ex.o
                                                  build/debug/Drivers/STM32F0xx_HAL_Driver/Src/stm32f0xx_hal_tim.o
HAL_TIMEx_CommutHalfCpltCallback                  build/debug/Drivers/STM32F0xx_HAL_Driver/Src/stm32f0xx_hal_tim_ex.o
HAL_TIMEx_ConfigBreakDeadTime                     build/debug/Drivers/STM32F0xx_HAL_Driver/Src/stm32f0xx_hal_tim_ex.o
HAL_TIMEx_ConfigCommutEvent                       build/debug/Drivers/STM32F0xx_HAL_Driver/Src/stm32f0xx_hal_tim_ex.o
HAL_TIMEx_ConfigCommutEvent_DMA                   build/debug/Drivers/STM32F0xx_HAL_Driver/Src/stm32f0xx_hal_tim_ex.o
HAL_TIMEx_ConfigCommutEvent_IT                    build/debug/Drivers/STM32F0xx_HAL_Driver/Src/stm32f0xx_hal_tim_ex.o
HAL_TIMEx_GetChannelNState                        build/debug/Drivers/STM32F0xx_HAL_Driver/Src/stm32f0xx_hal_tim_ex.o
HAL_TIMEx_HallSensor_DeInit                       build/debug/Drivers/STM32F0xx_HAL_Driver/Src/stm32f0xx_hal_tim_ex.o
HAL_TIMEx_HallSensor_GetState                     build/debug/Drivers/STM32F0xx_HAL_Driver/Src/stm32f0xx_hal_tim_ex.o
HAL_TIMEx_HallSensor_Init                         build/debug/Drivers/STM32F0xx_HAL_Driver/Src/stm32f0xx_hal_tim_ex.o
HAL_TIMEx_HallSensor_MspDeInit                    build/debug/Drivers/STM32F0xx_HAL_Driver/Src/stm32f0xx_hal_tim_ex.o
HAL_TIMEx_HallSensor_MspInit                      build/debug/Drivers/STM32F0xx_HAL_Driver/Src/stm32f0xx_hal_tim_ex.o
HAL_TIMEx_HallSensor_Start                        build/debug/Drivers/STM32F0xx_HAL_Driver/Src/stm32f0xx_hal_tim_ex.o
HAL_TIMEx_HallSensor_Start_DMA                    build/debug/Drivers/STM32F0xx_HAL_Driver/Src/stm32f0xx_hal_tim_ex.o
HAL_TIMEx_HallSensor_Start_IT                     build/debug/Drivers/STM32F0xx_HAL_Driver/Src/stm32f0xx_hal_tim_ex.o
HAL_TIMEx_HallSensor_Stop                         build/debug/Drivers/STM32F0xx_HAL_Driver/Src/stm32f0xx_hal_tim_ex.o
HAL_TIMEx_HallSensor_Stop_DMA                     build/debug/Drivers/STM32F0xx_HAL_Driver/Src/stm32f0xx_hal_tim_ex.o
HAL_TIMEx_HallSensor_Stop_IT                      build/debug/Drivers/STM32F0xx_HAL_Driver/Src/stm32f0xx_hal_tim_ex.o
HAL_TIMEx_MasterConfigSynchronization             build/debug/Drivers/STM32F0xx_HAL_Driver/Src/stm32f0xx_hal_tim_ex.o
HAL_TIMEx_OCN_Start                               build/debug/Drivers/STM32F0xx_HAL_Driver/Src/stm32f0xx_hal_tim_ex.o
HAL_TIMEx_OCN_Start_DMA                           build/debug/Drivers/STM32F0xx_HAL_Driver/Src/stm32f0xx_hal_tim_ex.o
HAL_TIMEx_OCN_Start_IT                            build/debug/Drivers/STM32F0xx_HAL_Driver/Src/stm32f0xx_hal_tim_ex.o
HAL_TIMEx_OCN_Stop                                build/debug/Drivers/STM32F0xx_HAL_Driver/Src/stm32f0xx_hal_tim_ex.o
HAL_TIMEx_OCN_Stop_DMA                            build/debug/Drivers/STM32F0xx_HAL_Driver/Src/stm32f0xx_hal_tim_ex.o
HAL_TIMEx_OCN_Stop_IT                             build/debug/Drivers/STM32F0xx_HAL_Driver/Src/stm32f0xx_hal_tim_ex.o
HAL_TIMEx_OnePulseN_Start                         build/debug/Drivers/STM32F0xx_HAL_Driver/Src/stm32f0xx_hal_tim_ex.o
HAL_TIMEx_OnePulseN_Start_IT                      build/debug/Drivers/STM32F0xx_HAL_Driver/Src/stm32f0xx_hal_tim_ex.o
HAL_TIMEx_OnePulseN_Stop                          build/debug/Drivers/STM32F0xx_HAL_Driver/Src/stm32f0xx_hal_tim_ex.o
HAL_TIMEx_OnePulseN_Stop_IT                       build/debug/Drivers/STM32F0xx_HAL_Driver/Src/stm32f0xx_hal_tim_ex.o
HAL_TIMEx_PWMN_Start                              build/debug/Drivers/STM32F0xx_HAL_Driver/Src/stm32f0xx_hal_tim_ex.o
HAL_TIMEx_PWMN_Start_DMA                          build/debug/Drivers/STM32F0xx_HAL_Driver/Src/stm32f0xx_hal_tim_ex.o
HAL_TIMEx_PWMN_Start_IT                           build/debug/Drivers/STM32F0xx_HAL_Driver/Src/stm32f0xx_hal_tim_ex.o
HAL_TIMEx_PWMN_Stop                               build/debug/Drivers/STM32F0xx_HAL_Driver/Src/stm32f0xx_hal_tim_ex.o
HAL_TIMEx_PWMN_Stop_DMA                           build/debug/Drivers/STM32F0xx_HAL_Driver/Src/stm32f0xx_hal_tim_ex.o
HAL_TIMEx_PWMN_Stop_IT                            build/debug/Drivers/STM32F0xx_HAL_Driver/Src/stm32f0xx_hal_tim_ex.o
HAL_TIMEx_RemapConfig                             build/debug/Drivers/STM32F0xx_HAL_Driver/Src/stm32f0xx_hal_tim_ex.o
HAL_TIM_Base_DeInit                               build/debug/Drivers/STM32F0xx_HAL_Driver/Src/stm32f0xx_hal_tim.o
HAL_TIM_Base_GetState                             build/debug/Drivers/STM32F0xx_HAL_Driver/Src/stm32f0xx_hal_tim.o
HAL_TIM_Base_Init                                 build/debug/Drivers/STM32F0xx_HAL_Driver/Src/stm32f0xx_hal_tim.o
                                                  build/debug/Core/Src/tim.o
HAL_TIM_Base_MspDeInit                            build/debug/Core/Src/tim.o
HAL_TIM_Base_MspInit                              build/debug/Core/Src/tim.o
HAL_TIM_Base_Start                                build/debug/Drivers/STM32F0xx_HAL_Driver/Src/stm32f0xx_hal_tim.o
                                                  build/debug/Core/Src/main.o
HAL_TIM_Base_Start_DMA                            build/debug/Drivers/STM32F0xx_HAL_Driver/Src/stm32f0xx_hal_tim.o
HAL_TIM_Base_Start_IT                             build/debug/Drivers/STM32F0xx_HAL_Driver/Src/stm32f0xx_hal_tim.o
HAL_TIM_Base_Stop                                 build/debug/Drivers/STM32F0xx_HAL_Driver/Src/stm32f0xx_hal_tim.o
HAL_TIM_Base_Stop_DMA                             build/debug/Drivers/STM32F0xx_HAL_Driver/Src/stm32f0xx_hal_tim.o
HAL_TIM_Base_Stop_IT                              build/debug/Drivers/STM32F0xx_HAL_Driver/Src/stm32f0xx_hal_tim.o
HAL_TIM_ConfigClockSource                         build/debug/Drivers/STM32F0xx_HAL_Driver/Src/stm32f0xx_hal_tim.o
HAL_TIM_ConfigOCrefClear                          build/debug/Drivers/STM32F0xx_HAL_Driver/Src/stm32f0xx_hal_tim.o
HAL_TIM_ConfigTI1Input                            build/debug/Drivers/STM32F0xx_HAL_Driver/Src/stm32f0xx_hal_tim.o
HAL_TIM_DMABurstState                             build/debug/Drivers/STM32F0xx_HAL_Driver/Src/stm32f0xx_hal_tim.o
HAL_TIM_DMABurst_MultiReadStart                   build/debug/Drivers/STM32F0xx_HAL_Driver/Src/stm32f0xx_hal_tim.o
HAL_TIM_DMABurst_MultiWriteStart                  build/debug/Drivers/STM32F0xx_HAL_Driver/Src/stm32f0xx_hal_tim.o
HAL_TIM_DMABurst_ReadStart                        build/debug/Drivers/STM32F0xx_HAL_Driver/Src/stm32f0xx_hal_tim.o
HAL_TIM_DMABurst_ReadStop                         build/debug/Drivers/STM32F0xx_HAL_Driver/Src/stm32f0xx_hal_tim.o
HAL_TIM_DMABurst_WriteStart                       build/debug/Drivers/STM32F0xx_HAL_Driver/Src/stm32f0xx_hal_tim.o
HAL_TIM_DMABurst_WriteStop                        build/debug/Drivers/STM32F0xx_HAL_Driver/Src/stm32f0xx_hal_tim.o
HAL_TIM_Encoder_DeInit                            build/debug/Drivers/STM32F0xx_HAL_Driver/Src/stm32f0xx_hal_tim.o
HAL_TIM_Encoder_GetState                          build/debug/Drivers/STM32F0xx_HAL_Driver/Src/stm32f0xx_hal_tim.o
HAL_TIM_Encoder_Init                              build/debug/Drivers/STM32F0xx_HAL_Driver/Src/stm32f0xx_hal_tim.o
HAL_TIM_Encoder_MspDeInit                         build/debug/Drivers/STM32F0xx_HAL_Driver/Src/stm32f0xx_hal_tim.o
HAL_TIM_Encoder_MspInit                           build/debug/Drivers/STM32F0xx_HAL_Driver/Src/stm32f0xx_hal_tim.o