Archive member included to satisfy reference by file (symbol)

/opt/local/lib/gcc/arm-none-eabi/13.1.0/../../../../arm-none-eabi/lib/thumb/v7e-m+fp/hard/libc.a(libc_a-atexit.o)
                              /opt/local/lib/gcc/arm-none-eabi/13.1.0/../../../../arm-none-eabi/lib/thumb/v7e-m+fp/hard/crt0.o (atexit)
/opt/local/lib/gcc/arm-none-eabi/13.1.0/../../../../arm-none-eabi/lib/thumb/v7e-m+fp/hard/libc.a(libc_a-exit.o)
                              /opt/local/lib/gcc/arm-none-eabi/13.1.0/../../../../arm-none-eabi/lib/thumb/v7e-m+fp/hard/crt0.o (exit)
/opt/local/lib/gcc/arm-none-eabi/13.1.0/../../../../arm-none-eabi/lib/thumb/v7e-m+fp/hard/libc.a(libc_a-sprintf.o)
                              build/debug/Core/Src/main.o (sprintf)
/opt/local/lib/gcc/arm-none-eabi/13.1.0/../../../../arm-none-eabi/lib/thumb/v7e-m+fp/hard/libc.a(libc_a-findfp.o)
                              /opt/local/lib/gcc/arm-none-eabi/13.1.0/../../../../arm-none-eabi/lib/thumb/v7e-m+fp/hard/libc.a(libc_a-exit.o) (__stdio_exit_handler)
/opt/local/lib/gcc/arm-none-eabi/13.1.0/../../../../arm-none-eabi/lib/thumb/v7e-m+fp/hard/libc.a(libc_a-fwalk.o)
                              /opt/local/lib/gcc/arm-none-eabi/13.1.0/../../../../arm-none-eabi/lib/thumb/v7e-m+fp/hard/libc.a(libc_a-findfp.o) (_fwalk_sglue)
/opt/local/lib/gcc/arm-none-eabi/13.1.0/../../../../arm-none-eabi/lib/thumb/v7e-m+fp/hard/libc.a(libc_a-memset.o)
                              /opt/local/lib/gcc/arm-none-eabi/13.1.0/../../../../arm-none-eabi/lib/thumb/v7e-m+fp/hard/crt0.o (memset)
/opt/local/lib/gcc/arm-none-eabi/13.1.0/../../../../arm-none-eabi/lib/thumb/v7e-m+fp/hard/libc.a(libc_a-impure.o)
                              /opt/local/lib/gcc/arm-none-eabi/13.1.0/../../../../arm-none-eabi/lib/thumb/v7e-m+fp/hard/libc.a(libc_a-sprintf.o) (_impure_ptr)
/opt/local/lib/gcc/arm-none-eabi/13.1.0/../../../../arm-none-eabi/lib/thumb/v7e-m+fp/hard/libc.a(libc_a-init.o)
                              /opt/local/lib/gcc/arm-none-eabi/13.1.0/../../../../arm-none-eabi/lib/thumb/v7e-m+fp/hard/crt0.o (__libc_init_array)
/opt/local/lib/gcc/arm-none-eabi/13.1.0/../../../../arm-none-eabi/lib/thumb/v7e-m+fp/hard/libc.a(libc_a-fini.o)
                              /opt/local/lib/gcc/arm-none-eabi/13.1.0/../../../../arm-none-eabi/lib/thumb/v7e-m+fp/hard/crt0.o (__libc_fini_array)
/opt/local/lib/gcc/arm-none-eabi/13.1.0/../../../../arm-none-eabi/lib/thumb/v7e-m+fp/hard/libc.a(libc_a-strlen.o)
                              build/debug/Core/Src/main.o (strlen)
/opt/local/lib/gcc/arm-none-eabi/13.1.0/../../../../arm-none-eabi/lib/thumb/v7e-m+fp/hard/libc.a(libc_a-__atexit.o)
                              /opt/local/lib/gcc/arm-none-eabi/13.1.0/../../../../arm-none-eabi/lib/thumb/v7e-m+fp/hard/libc.a(libc_a-atexit.o) (__register_exitproc)
/opt/local/lib/gcc/arm-none-eabi/13.1.0/../../../../arm-none-eabi/lib/thumb/v7e-m+fp/hard/libc.a(libc_a-__call_atexit.o)
                              /opt/local/lib/gcc/arm-none-eabi/13.1.0/../../../../arm-none-eabi/lib/thumb/v7e-m+fp/hard/libc.a(libc_a-exit.o) (__call_exitprocs)
/opt/local/lib/gcc/arm-none-eabi/13.1.0/../../../../arm-none-eabi/lib/thumb/v7e-m+fp/hard/libc.a(libc_a-mallocr.o)
                              /opt/local/lib/gcc/arm-none-eabi/13.1.0/../../../../arm-none-eabi/lib/thumb/v7e-m+fp/hard/libc.a(libc_a-findfp.o) (_malloc_r)
/opt/local/lib/gcc/arm-none-eabi/13.1.0/../../../../arm-none-eabi/lib/thumb/v7e-m+fp/hard/libc.a(libc_a-svfprintf.o)
                              /opt/local/lib/gcc/arm-none-eabi/13.1.0/../../../../arm-none-eabi/lib/thumb/v7e-m+fp/hard/libc.a(libc_a-sprintf.o) (_svfprintf_r)
/opt/local/lib/gcc/arm-none-eabi/13.1.0/../../../../arm-none-eabi/lib/thumb/v7e-m+fp/hard/libc.a(libc_a-mlock.o)
                              /opt/local/lib/gcc/arm-none-eabi/13.1.0/../../../../arm-none-eabi/lib/thumb/v7e-m+fp/hard/libc.a(libc_a-mallocr.o) (__malloc_lock)
/opt/local/lib/gcc/arm-none-eabi/13.1.0/../../../../arm-none-eabi/lib/thumb/v7e-m+fp/hard/libc.a(libc_a-fclose.o)
                              /opt/local/lib/gcc/arm-none-eabi/13.1.0/../../../../arm-none-eabi/lib/thumb/v7e-m+fp/hard/libc.a(libc_a-findfp.o) (_fclose_r)
/opt/local/lib/gcc/arm-none-eabi/13.1.0/../../../../arm-none-eabi/lib/thumb/v7e-m+fp/hard/libc.a(libc_a-fflush.o)
                              /opt/local/lib/gcc/arm-none-eabi/13.1.0/../../../../arm-none-eabi/lib/thumb/v7e-m+fp/hard/libc.a(libc_a-fclose.o) (__sflush_r)
/opt/local/lib/gcc/arm-none-eabi/13.1.0/../../../../arm-none-eabi/lib/thumb/v7e-m+fp/hard/libc.a(libc_a-stdio.o)
                              /opt/local/lib/gcc/arm-none-eabi/13.1.0/../../../../arm-none-eabi/lib/thumb/v7e-m+fp/hard/libc.a(libc_a-findfp.o) (__sread)
/opt/local/lib/gcc/arm-none-eabi/13.1.0/../../../../arm-none-eabi/lib/thumb/v7e-m+fp/hard/libc.a(libc_a-localeconv.o)
                              /opt/local/lib/gcc/arm-none-eabi/13.1.0/../../../../arm-none-eabi/lib/thumb/v7e-m+fp/hard/libc.a(libc_a-svfprintf.o) (_localeconv_r)
[...]
Memory Configuration

Name             Origin             Length             Attributes
RAM              0x20000000         0x00010000         xrw
FLASH            0x08000000         0x00040000         xr
*default*        0x00000000         0xffffffff

Linker script and memory map

LOAD /opt/local/lib/gcc/arm-none-eabi/13.1.0/thumb/v7e-m+fp/hard/crti.o
LOAD /opt/local/lib/gcc/arm-none-eabi/13.1.0/thumb/v7e-m+fp/hard/crtbegin.o
LOAD /opt/local/lib/gcc/arm-none-eabi/13.1.0/../../../../arm-none-eabi/lib/thumb/v7e-m+fp/hard/crt0.o
LOAD build/debug/Core/Src/adc.o
LOAD build/debug/Core/Src/gpio.o
LOAD build/debug/Core/Src/i2c.o
LOAD build/debug/Core/Src/main.o
LOAD build/debug/Core/Src/salinity.o
LOAD build/debug/Core/Src/stm32f4xx_hal_msp.o
LOAD build/debug/Core/Src/stm32f4xx_it.o
LOAD build/debug/Core/Src/system_stm32f4xx.o
LOAD build/debug/Core/Src/tim.o
LOAD build/debug/Core/Src/usart.o
LOAD build/debug/Core/Src/voltage.o
LOAD build/debug/Drivers/STM32F4xx_HAL_Driver/Src/stm32f4xx_hal.o
LOAD build/debug/Drivers/STM32F4xx_HAL_Driver/Src/stm32f4xx_hal_adc.o
LOAD build/debug/Drivers/STM32F4xx_HAL_Driver/Src/stm32f4xx_hal_adc_ex.o
LOAD build/debug/Drivers/STM32F4xx_HAL_Driver/Src/stm32f4xx_hal_cortex.o
LOAD build/debug/Drivers/STM32F4xx_HAL_Driver/Src/stm32f4xx_hal_dma.o
LOAD build/debug/Drivers/STM32F4xx_HAL_Driver/Src/stm32f4xx_hal_dma_ex.o
LOAD build/debug/Drivers/STM32F4xx_HAL_Driver/Src/stm32f4xx_hal_exti.o
LOAD build/debug/Drivers/STM32F4xx_HAL_Driver/Src/stm32f4xx_hal_flash.o
LOAD build/debug/Drivers/STM32F4xx_HAL_Driver/Src/stm32f4xx_hal_flash_ex.o
LOAD build/debug/Drivers/STM32F4xx_HAL_Driver/Src/stm32f4xx_hal_flash_ramfunc.o
LOAD build/debug/Drivers/STM32F4xx_HAL_Driver/Src/stm32f4xx_hal_gpio.o
LOAD build/debug/Drivers/STM32F4xx_HAL_Driver/Src/stm32f4xx_hal_i2c.o
LOAD build/debug/Drivers/STM32F4xx_HAL_Driver/Src/stm32f4xx_hal_i2c_ex.o
LOAD build/debug/Drivers/STM32F4xx_HAL_Driver/Src/stm32f4xx_hal_pwr.o
LOAD build/debug/Drivers/STM32F4xx_HAL_Driver/Src/stm32f4xx_hal_pwr_ex.o
LOAD build/debug/Drivers/STM32F4xx_HAL_Driver/Src/stm32f4xx_hal_rcc.o
LOAD build/debug/Drivers/STM32F4xx_HAL_Driver/Src/stm32f4xx_hal_rcc_ex.o
LOAD build/debug/Drivers/STM32F4xx_HAL_Driver/Src/stm32f4xx_hal_tim.o
LOAD build/debug/Drivers/STM32F4xx_HAL_Driver/Src/stm32f4xx_hal_tim_ex.o
LOAD build/debug/Drivers/STM32F4xx_HAL_Driver/Src/stm32f4xx_hal_uart.o
LOAD build/debug/Drivers/STM32F4xx_HAL_Driver/Src/stm32f4xx_ll_adc.o
LOAD build/debug/startup_stm32f401xc.o
LOAD /opt/local/lib/gcc/arm-none-eabi/13.1.0/../../../../arm-none-eabi/lib/thumb/v7e-m+fp/hard/libc.a
LOAD /opt/local/lib/gcc/arm-none-eabi/13.1.0/../../../../arm-none-eabi/lib/thumb/v7e-m+fp/hard/libm.a
LOAD /opt/local/lib/gcc/arm-none-eabi/13.1.0/../../../../arm-none-eabi/lib/thumb/v7e-m+fp/hard/libnosys.a
START GROUP
LOAD /opt/local/lib/gcc/arm-none-eabi/13.1.0/thumb/v7e-m+fp/hard/libgcc.a
LOAD /opt/local/lib/gcc/arm-none-eabi/13.1.0/../../../../arm-none-eabi/lib/thumb/v7e-m+fp/hard/libc.a
END GROUP
LOAD /opt/local/lib/gcc/arm-none-eabi/13.1.0/thumb/v7e-m+fp/hard/crtend.o
LOAD /opt/local/lib/gcc/arm-none-eabi/13.1.0/thumb/v7e-m+fp/hard/crtn.o
                0x20010000                        _estack = (ORIGIN (RAM) + LENGTH (RAM))
                0x00000200                        _Min_Heap_Size = 0x200
                0x00000400                        _Min_Stack_Size = 0x400

.isr_vector     0x08000000      0x194
                0x08000000                        . = ALIGN (0x4)
 *(.isr_vector)
 .isr_vector    0x08000000      0x194 build/debug/startup_stm32f401xc.o
                0x08000000                g_pfnVectors
                0x08000194                        . = ALIGN (0x4)

.text           0x08000198     0x688c
                0x08000198                        . = ALIGN (0x4)
 *(.text)
 .text          0x08000198       0x88 /opt/local/lib/gcc/arm-none-eabi/13.1.0/thumb/v7e-m+fp/hard/crtbegin.o
 .text          0x08000220       0xa4 /opt/local/lib/gcc/arm-none-eabi/13.1.0/../../../../arm-none-eabi/lib/thumb/v7e-m+fp/hard/libc.a(libc_a-memset.o)
                0x08000220                memset
 .text          0x080002c4       0x50 /opt/local/lib/gcc/arm-none-eabi/13.1.0/../../../../arm-none-eabi/lib/thumb/v7e-m+fp/hard/libc.a(libc_a-init.o)
                0x080002c4                __libc_init_array
 .text          0x08000314        0xc /opt/local/lib/gcc/arm-none-eabi/13.1.0/../../../../arm-none-eabi/lib/thumb/v7e-m+fp/hard/libc.a(libc_a-errno.o)
                0x08000314                __errno
 .text          0x08000320       0x6c /opt/local/lib/gcc/arm-none-eabi/13.1.0/../../../../arm-none-eabi/lib/thumb/v7e-m+fp/hard/libm.a(libm_a-w_fmod.o)
                0x08000320                fmod
 *fill*         0x0800038c        0x4 
 .text          0x08000390       0x84 /opt/local/lib/gcc/arm-none-eabi/13.1.0/../../../../arm-none-eabi/lib/thumb/v7e-m+fp/hard/libm.a(libm_a-w_log10.o)
                0x08000390                log10
 *fill*         0x08000414        0x4 
 .text          0x08000418       0xf0 /opt/local/lib/gcc/arm-none-eabi/13.1.0/../../../../arm-none-eabi/lib/thumb/v7e-m+fp/hard/libm.a(libm_a-w_pow.o)
                0x08000418                pow
 .text          0x08000508       0x18 /opt/local/lib/gcc/arm-none-eabi/13.1.0/../../../../arm-none-eabi/lib/thumb/v7e-m+fp/hard/libm.a(libm_a-s_finite.o)
                0x08000508                finite
 .text          0x08000520      0x30c /opt/local/lib/gcc/arm-none-eabi/13.1.0/../../../../arm-none-eabi/lib/thumb/v7e-m+fp/hard/libm.a(libm_a-e_fmod.o)
                0x08000520                __ieee754_fmod
 .text          0x0800082c       0xa0 /opt/local/lib/gcc/arm-none-eabi/13.1.0/../../../../arm-none-eabi/lib/thumb/v7e-m+fp/hard/libm.a(libm_a-s_round.o)
                0x0800082c                round
 *fill*         0x080008cc        0x4 
 .text          0x080008d0       0x10 /opt/local/lib/gcc/arm-none-eabi/13.1.0/../../../../arm-none-eabi/lib/thumb/v7e-m+fp/hard/libm.a(libm_a-s_nan.o)
                0x080008d0                nan
 .text          0x080008e0      0x134 /opt/local/lib/gcc/arm-none-eabi/13.1.0/../../../../arm-none-eabi/lib/thumb/v7e-m+fp/hard/libm.a(libm_a-e_log10.o)
                0x080008e0                __ieee754_log10
 *fill*         0x08000a14        0x4 
 .text          0x08000a18      0xbfc /opt/local/lib/gcc/arm-none-eabi/13.1.0/../../../../arm-none-eabi/lib/thumb/v7e-m+fp/hard/libm.a(libm_a-e_pow.o)
                0x08000a18                __ieee754_pow
 *fill*         0x08001614        0x4 
 .text          0x08001618      0x180 /opt/local/lib/gcc/arm-none-eabi/13.1.0/../../../../arm-none-eabi/lib/thumb/v7e-m+fp/hard/libm.a(libm_a-math_err.o)
                0x08001670                __math_uflow
                0x08001680                __math_may_uflow
                0x08001690                __math_oflow
                0x080016a0                __math_divzero
                0x080016d4                __math_invalid
                0x08001720                __math_check_uflow
                0x08001758                __math_check_oflow
 .text          0x08001798       0x10 /opt/local/lib/gcc/arm-none-eabi/13.1.0/../../../../arm-none-eabi/lib/thumb/v7e-m+fp/hard/libm.a(libm_a-s_fabs.o)
                0x08001798                fabs
 .text          0x080017a8      0x114 /opt/local/lib/gcc/arm-none-eabi/13.1.0/../../../../arm-none-eabi/lib/thumb/v7e-m+fp/hard/libm.a(libm_a-s_scalbn.o)
                0x080017a8                scalbn
 .text          0x080018bc      0x1ec /opt/local/lib/gcc/arm-none-eabi/13.1.0/../../../../arm-none-eabi/lib/thumb/v7e-m+fp/hard/libm.a(libm_a-e_sqrt.o)
                0x080018bc                __ieee754_sqrt
 .text          0x08001aa8      0x3b8 /opt/local/lib/gcc/arm-none-eabi/13.1.0/../../../../arm-none-eabi/lib/thumb/v7e-m+fp/hard/libm.a(libm_a-e_log.o)
                0x08001aa8                __ieee754_log
 .text          0x08001e60      0x378 /opt/local/lib/gcc/arm-none-eabi/13.1.0/thumb/v7e-m+fp/hard/libgcc.a(_arm_addsubdf3.o)
                0x08001e60                __aeabi_drsub
                0x08001e68                __subdf3
                0x08001e68                __aeabi_dsub
                0x08001e6c                __aeabi_dadd
                0x08001e6c                __adddf3
                0x080020e4                __aeabi_ui2d
                0x080020e4                __floatunsidf
                0x08002104                __floatsidf
                0x08002104                __aeabi_i2d
                0x08002128                __extendsfdf2
                0x08002128                __aeabi_f2d
                0x0800216c                __aeabi_ul2d
                0x0800216c                __floatundidf
                0x0800217c                __aeabi_l2d
                0x0800217c                __floatdidf
 .text          0x080021d8      0x424 /opt/local/lib/gcc/arm-none-eabi/13.1.0/thumb/v7e-m+fp/hard/libgcc.a(_arm_muldivdf3.o)
                0x080021d8                __aeabi_dmul
                0x080021d8                __muldf3
                0x0800242c                __aeabi_ddiv
                0x0800242c                __divdf3
 .text          0x080025fc      0x110 /opt/local/lib/gcc/arm-none-eabi/13.1.0/thumb/v7e-m+fp/hard/libgcc.a(_arm_cmpdf2.o)
                0x080025fc                __gedf2
                0x080025fc                __gtdf2
                0x08002604                __ledf2
                0x08002604                __ltdf2
                0x0800260c                __cmpdf2
                0x0800260c                __eqdf2
                0x0800260c                __nedf2
                0x08002688                __aeabi_cdrcmple
                0x08002698                __aeabi_cdcmple
                0x08002698                __aeabi_cdcmpeq
                0x080026a8                __aeabi_dcmpeq
                0x080026bc                __aeabi_dcmplt
                0x080026d0                __aeabi_dcmple
                0x080026e4                __aeabi_dcmpge
                0x080026f8                __aeabi_dcmpgt
 .text          0x0800270c       0x2c /opt/local/lib/gcc/arm-none-eabi/13.1.0/thumb/v7e-m+fp/hard/libgcc.a(_arm_unorddf2.o)
                0x0800270c                __aeabi_dcmpun
                0x0800270c                __unorddf2
 .text          0x08002738       0x50 /opt/local/lib/gcc/arm-none-eabi/13.1.0/thumb/v7e-m+fp/hard/libgcc.a(_arm_fixdfsi.o)
                0x08002738                __fixdfsi
                0x08002738                __aeabi_d2iz
 .text          0x08002788       0x40 /opt/local/lib/gcc/arm-none-eabi/13.1.0/thumb/v7e-m+fp/hard/libgcc.a(_arm_fixunsdfsi.o)
                0x08002788                __fixunsdfsi
                0x08002788                __aeabi_d2uiz
 .text          0x080027c8       0x30 /opt/local/lib/gcc/arm-none-eabi/13.1.0/thumb/v7e-m+fp/hard/libgcc.a(_aeabi_uldivmod.o)
                0x080027c8                __aeabi_uldivmod
 .text          0x080027f8      0x2bc /opt/local/lib/gcc/arm-none-eabi/13.1.0/thumb/v7e-m+fp/hard/libgcc.a(_udivmoddi4.o)
                0x080027f8                __udivmoddi4
 .text          0x08002ab4        0x4 /opt/local/lib/gcc/arm-none-eabi/13.1.0/thumb/v7e-m+fp/hard/libgcc.a(_dvmd_tls.o)
                0x08002ab4                __aeabi_ldiv0
                0x08002ab4                __aeabi_idiv0
 *(.text*)
 .text.MX_ADC1_Init
                0x08002ab8       0x6c build/debug/Core/Src/adc.o
                0x08002ab8                MX_ADC1_Init
 .text.HAL_ADC_MspInit
                0x08002b24       0x90 build/debug/Core/Src/adc.o
                0x08002b24                HAL_ADC_MspInit
 .text.MX_GPIO_Init
                0x08002bb4      0x118 build/debug/Core/Src/gpio.o
                0x08002bb4                MX_GPIO_Init
 .text.MX_I2C1_Init
                0x08002ccc       0x3c build/debug/Core/Src/i2c.o
                0x08002ccc                MX_I2C1_Init
 .text.HAL_I2C_MspInit
                0x08002d08       0x70 build/debug/Core/Src/i2c.o
                0x08002d08                HAL_I2C_MspInit
 .text.__NVIC_SystemReset
                0x08002d78       0x24 build/debug/Core/Src/main.o
 .text.MX_NVIC_Init
                0x08002d9c       0x24 build/debug/Core/Src/main.o
 .text.Error_Handler
                0x08002dc0       0x24 build/debug/Core/Src/main.o
                0x08002dc0                Error_Handler
 .text.SystemClock_Config
                0x08002de4       0x8c build/debug/Core/Src/main.o
                0x08002de4                SystemClock_Config
 .text.rs485_transmit
                0x08002e70       0x3c build/debug/Core/Src/main.o
                0x08002e70                rs485_transmit
 *fill*         0x08002eac        0x4 
 .text.rs485_transmit_double
                0x08002eb0      0x278 build/debug/Core/Src/main.o
                0x08002eb0                rs485_transmit_double
 .text.rs485_receive_IT
                0x08003128       0x38 build/debug/Core/Src/main.o
                0x08003128                rs485_receive_IT
 .text.main     0x08003160      0x284 build/debug/Core/Src/main.o
                0x08003160                main
 .text.HAL_UART_RxCpltCallback
                0x080033e4      0x10c build/debug/Core/Src/main.o
                0x080033e4                HAL_UART_RxCpltCallback
 .text.calculate_salinity
                0x080034f0      0x4b8 build/debug/Core/Src/salinity.o
                0x080034f0                calculate_salinity
 .text.calculate_average_resistance
                0x080039a8       0x46 build/debug/Core/Src/salinity.o
                0x080039a8                calculate_average_resistance
 *fill*         0x080039ee        0x2 
 .text.calculate_conductivity
                0x080039f0       0x50 build/debug/Core/Src/salinity.o
                0x080039f0                calculate_conductivity
 .text.calculate_resistance
                0x08003a40       0xa8 build/debug/Core/Src/salinity.o
                0x08003a40                calculate_resistance
 .text.measure_temperature
                0x08003ae8       0xd4 build/debug/Core/Src/salinity.o
                0x08003ae8                measure_temperature
 *fill*         0x08003bbc        0x4 
 .text.measure_pressure
                0x08003bc0       0xf4 build/debug/Core/Src/salinity.o
                0x08003bc0                measure_pressure
 .text.HAL_MspInit
                0x08003cb4       0x38 build/debug/Core/Src/stm32f4xx_hal_msp.o
                0x08003cb4                HAL_MspInit
 .text.NMI_Handler
                0x08003cec        0x2 build/debug/Core/Src/stm32f4xx_it.o
                0x08003cec                NMI_Handler
 .text.HardFault_Handler
                0x08003cee        0x2 build/debug/Core/Src/stm32f4xx_it.o
                0x08003cee                HardFault_Handler
 .text.MemManage_Handler
                0x08003cf0        0x2 build/debug/Core/Src/stm32f4xx_it.o
                0x08003cf0                MemManage_Handler
 .text.BusFault_Handler
                0x08003cf2        0x2 build/debug/Core/Src/stm32f4xx_it.o
                0x08003cf2                BusFault_Handler
 .text.UsageFault_Handler
                0x08003cf4        0x2 build/debug/Core/Src/stm32f4xx_it.o
                0x08003cf4                UsageFault_Handler
 .text.SVC_Handler
                0x08003cf6        0x2 build/debug/Core/Src/stm32f4xx_it.o
                0x08003cf6                SVC_Handler
 .text.DebugMon_Handler
                0x08003cf8        0x2 build/debug/Core/Src/stm32f4xx_it.o
                0x08003cf8                DebugMon_Handler
 .text.PendSV_Handler
                0x08003cfa        0x2 build/debug/Core/Src/stm32f4xx_it.o
                0x08003cfa                PendSV_Handler
 .text.SysTick_Handler
                0x08003cfc        0x8 build/debug/Core/Src/stm32f4xx_it.o
                0x08003cfc                SysTick_Handler
 .text.USART1_IRQHandler
                0x08003d04       0x10 build/debug/Core/Src/stm32f4xx_it.o
                0x08003d04                USART1_IRQHandler
 .text.USART6_IRQHandler
                0x08003d14       0x10 build/debug/Core/Src/stm32f4xx_it.o
                0x08003d14                USART6_IRQHandler
 .text.SystemInit
                0x08003d24       0x14 build/debug/Core/Src/system_stm32f4xx.o
                0x08003d24                SystemInit
 .text.MX_TIM10_Init
                0x08003d38       0x30 build/debug/Core/Src/tim.o
                0x08003d38                MX_TIM10_Init
 .text.HAL_TIM_Base_MspInit
                0x08003d68       0x30 build/debug/Core/Src/tim.o
                0x08003d68                HAL_TIM_Base_MspInit
 .text.MX_USART1_UART_Init
                0x08003d98       0x34 build/debug/Core/Src/usart.o
                0x08003d98                MX_USART1_UART_Init
 .text.MX_USART6_UART_Init
                0x08003dcc       0x34 build/debug/Core/Src/usart.o
                0x08003dcc                MX_USART6_UART_Init
 .text.HAL_UART_MspInit
                0x08003e00       0xc8 build/debug/Core/Src/usart.o
                0x08003e00                HAL_UART_MspInit
 .text.us_delay
                0x08003ec8       0x14 build/debug/Core/Src/voltage.o
                0x08003ec8                us_delay
 .text.dac_write
                0x08003edc       0x40 build/debug/Core/Src/voltage.o
                0x08003edc                dac_write
 .text.dac_init
                0x08003f1c       0x30 build/debug/Core/Src/voltage.o
                0x08003f1c                dac_init
 .text.dac_drain
                0x08003f4c       0x22 build/debug/Core/Src/voltage.o
                0x08003f4c                dac_drain
 .text.dac_set_voltage
                0x08003f6e        0xe build/debug/Core/Src/voltage.o
                0x08003f6e                dac_set_voltage
 .text.adc_set_channel
                0x08003f7c       0x2c build/debug/Core/Src/voltage.o
                0x08003f7c                adc_set_channel
 .text.adc_average
                0x08003fa8       0x38 build/debug/Core/Src/voltage.o
                0x08003fa8                adc_average
 .text.reset_muxs
                0x08003fe0       0x10 build/debug/Core/Src/voltage.o
                0x08003fe0                reset_muxs
 .text.voltage_init
                0x08003ff0       0x1c build/debug/Core/Src/voltage.o
                0x08003ff0                voltage_init
 .text.measure_dac_voltage
                0x0800400c       0x24 build/debug/Core/Src/voltage.o
                0x0800400c                measure_dac_voltage
 .text.measure_calib_voltage
                0x08004030       0x24 build/debug/Core/Src/voltage.o
                0x08004030                measure_calib_voltage
 .text.measure_pin_voltage
                0x08004054      0x11c build/debug/Core/Src/voltage.o
                0x08004054                measure_pin_voltage
 .text.measure_voltage_sweep
                0x08004170       0xb0 build/debug/Core/Src/voltage.o
                0x08004170                measure_voltage_sweep
 .text.HAL_InitTick
                0x08004220       0x4c build/debug/Drivers/STM32F4xx_HAL_Driver/Src/stm32f4xx_hal.o
                0x08004220                HAL_InitTick
 .text.HAL_Init
                0x0800426c       0x34 build/debug/Drivers/STM32F4xx_HAL_Driver/Src/stm32f4xx_hal.o
                0x0800426c                HAL_Init
 .text.HAL_IncTick
                0x080042a0       0x18 build/debug/Drivers/STM32F4xx_HAL_Driver/Src/stm32f4xx_hal.o
                0x080042a0                HAL_IncTick
 .text.HAL_GetTick
                0x080042b8        0xc build/debug/Drivers/STM32F4xx_HAL_Driver/Src/stm32f4xx_hal.o
                0x080042b8                HAL_GetTick
 .text.HAL_Delay
                0x080042c4       0x28 build/debug/Drivers/STM32F4xx_HAL_Driver/Src/stm32f4xx_hal.o
                0x080042c4                HAL_Delay
 .text.ADC_Init
                0x080042ec      0x134 build/debug/Drivers/STM32F4xx_HAL_Driver/Src/stm32f4xx_hal_adc.o
 .text.HAL_ADC_Init
                0x08004420       0x56 build/debug/Drivers/STM32F4xx_HAL_Driver/Src/stm32f4xx_hal_adc.o
                0x08004420                HAL_ADC_Init
 *fill*         0x08004476        0x2 
 .text.HAL_ADC_Start
                0x08004478      0x108 build/debug/Drivers/STM32F4xx_HAL_Driver/Src/stm32f4xx_hal_adc.o
                0x08004478                HAL_ADC_Start
 .text.HAL_ADC_PollForConversion
                0x08004580       0xb8 build/debug/Drivers/STM32F4xx_HAL_Driver/Src/stm32f4xx_hal_adc.o
                0x08004580                HAL_ADC_PollForConversion
 .text.HAL_ADC_GetValue
                0x08004638        0x6 build/debug/Drivers/STM32F4xx_HAL_Driver/Src/stm32f4xx_hal_adc.o
                0x08004638                HAL_ADC_GetValue
 *fill*         0x0800463e        0x2 
 .text.HAL_ADC_ConfigChannel
                0x08004640      0x194 build/debug/Drivers/STM32F4xx_HAL_Driver/Src/stm32f4xx_hal_adc.o
                0x08004640                HAL_ADC_ConfigChannel
 .text.__NVIC_EnableIRQ
                0x080047d4       0x1c build/debug/Drivers/STM32F4xx_HAL_Driver/Src/stm32f4xx_hal_cortex.o
 .text.__NVIC_SetPriority
                0x080047f0       0x28 build/debug/Drivers/STM32F4xx_HAL_Driver/Src/stm32f4xx_hal_cortex.o
 .text.NVIC_EncodePriority
                0x08004818       0x3e build/debug/Drivers/STM32F4xx_HAL_Driver/Src/stm32f4xx_hal_cortex.o
 *fill*         0x08004856        0x2 
 .text.HAL_NVIC_SetPriorityGrouping
                0x08004858       0x24 build/debug/Drivers/STM32F4xx_HAL_Driver/Src/stm32f4xx_hal_cortex.o
                0x08004858                HAL_NVIC_SetPriorityGrouping
 .text.HAL_NVIC_SetPriority
                0x0800487c       0x20 build/debug/Drivers/STM32F4xx_HAL_Driver/Src/stm32f4xx_hal_cortex.o
                0x0800487c                HAL_NVIC_SetPriority
 .text.HAL_NVIC_EnableIRQ
                0x0800489c        0x8 build/debug/Drivers/STM32F4xx_HAL_Driver/Src/stm32f4xx_hal_cortex.o
                0x0800489c                HAL_NVIC_EnableIRQ
 .text.HAL_SYSTICK_Config
                0x080048a4       0x28 build/debug/Drivers/STM32F4xx_HAL_Driver/Src/stm32f4xx_hal_cortex.o
                0x080048a4                HAL_SYSTICK_Config
 .text.HAL_DMA_Abort
                0x080048cc       0x94 build/debug/Drivers/STM32F4xx_HAL_Driver/Src/stm32f4xx_hal_dma.o
                0x080048cc                HAL_DMA_Abort
 .text.HAL_DMA_Abort_IT
                0x08004960       0x26 build/debug/Drivers/STM32F4xx_HAL_Driver/Src/stm32f4xx_hal_dma.o
                0x08004960                HAL_DMA_Abort_IT
 *fill*         0x08004986        0x2 
 .text.HAL_GPIO_Init
                0x08004988      0x1c8 build/debug/Drivers/STM32F4xx_HAL_Driver/Src/stm32f4xx_hal_gpio.o
                0x08004988                HAL_GPIO_Init
 .text.HAL_GPIO_WritePin
                0x08004b50        0xc build/debug/Drivers/STM32F4xx_HAL_Driver/Src/stm32f4xx_hal_gpio.o
                0x08004b50                HAL_GPIO_WritePin
 .text.HAL_GPIO_TogglePin
                0x08004b5c       0x12 build/debug/Drivers/STM32F4xx_HAL_Driver/Src/stm32f4xx_hal_gpio.o
                0x08004b5c                HAL_GPIO_TogglePin
 .text.I2C_IsAcknowledgeFailed
                0x08004b6e       0x32 build/debug/Drivers/STM32F4xx_HAL_Driver/Src/stm32f4xx_hal_i2c.o
 .text.I2C_WaitOnFlagUntilTimeout
                0x08004ba0       0xaa build/debug/Drivers/STM32F4xx_HAL_Driver/Src/stm32f4xx_hal_i2c.o
 .text.I2C_WaitOnMasterAddressFlagUntilTimeout
                0x08004c4a       0xd6 build/debug/Drivers/STM32F4xx_HAL_Driver/Src/stm32f4xx_hal_i2c.o
 .text.I2C_WaitOnTXEFlagUntilTimeout
                0x08004d20       0x5e build/debug/Drivers/STM32F4xx_HAL_Driver/Src/stm32f4xx_hal_i2c.o
 *fill*         0x08004d7e        0x2 
 .text.I2C_RequestMemoryWrite
                0x08004d80       0xd8 build/debug/Drivers/STM32F4xx_HAL_Driver/Src/stm32f4xx_hal_i2c.o
 .text.I2C_RequestMemoryRead
                0x08004e58      0x154 build/debug/Drivers/STM32F4xx_HAL_Driver/Src/stm32f4xx_hal_i2c.o
 .text.I2C_WaitOnBTFFlagUntilTimeout
                0x08004fac       0x5e build/debug/Drivers/STM32F4xx_HAL_Driver/Src/stm32f4xx_hal_i2c.o
 .text.I2C_WaitOnRXNEFlagUntilTimeout
                0x0800500a       0x78 build/debug/Drivers/STM32F4xx_HAL_Driver/Src/stm32f4xx_hal_i2c.o
 *fill*         0x08005082        0x2 
 .text.HAL_I2C_Init
                0x08005084      0x1bc build/debug/Drivers/STM32F4xx_HAL_Driver/Src/stm32f4xx_hal_i2c.o
                0x08005084                HAL_I2C_Init
 .text.HAL_I2C_Mem_Write
                0x08005240      0x164 build/debug/Drivers/STM32F4xx_HAL_Driver/Src/stm32f4xx_hal_i2c.o
                0x08005240                HAL_I2C_Mem_Write
 .text.HAL_I2C_Mem_Read
                0x080053a4      0x2f8 build/debug/Drivers/STM32F4xx_HAL_Driver/Src/stm32f4xx_hal_i2c.o
                0x080053a4                HAL_I2C_Mem_Read
 .text.HAL_I2C_IsDeviceReady
                0x0800569c      0x194 build/debug/Drivers/STM32F4xx_HAL_Driver/Src/stm32f4xx_hal_i2c.o
                0x0800569c                HAL_I2C_IsDeviceReady
 .text.HAL_RCC_OscConfig
                0x08005830      0x3f8 build/debug/Drivers/STM32F4xx_HAL_Driver/Src/stm32f4xx_hal_rcc.o
                0x08005830                HAL_RCC_OscConfig
 .text.HAL_RCC_GetSysClockFreq
                0x08005c28       0xa8 build/debug/Drivers/STM32F4xx_HAL_Driver/Src/stm32f4xx_hal_rcc.o
                0x08005c28                HAL_RCC_GetSysClockFreq
 .text.HAL_RCC_ClockConfig
                0x08005cd0      0x160 build/debug/Drivers/STM32F4xx_HAL_Driver/Src/stm32f4xx_hal_rcc.o
                0x08005cd0                HAL_RCC_ClockConfig
 .text.HAL_RCC_GetHCLKFreq
                0x08005e30        0xc build/debug/Drivers/STM32F4xx_HAL_Driver/Src/stm32f4xx_hal_rcc.o
                0x08005e30                HAL_RCC_GetHCLKFreq
 .text.HAL_RCC_GetPCLK1Freq
                0x08005e3c       0x20 build/debug/Drivers/STM32F4xx_HAL_Driver/Src/stm32f4xx_hal_rcc.o
                0x08005e3c                HAL_RCC_GetPCLK1Freq
 .text.HAL_RCC_GetPCLK2Freq
                0x08005e5c       0x20 build/debug/Drivers/STM32F4xx_HAL_Driver/Src/stm32f4xx_hal_rcc.o
                0x08005e5c                HAL_RCC_GetPCLK2Freq
 .text.HAL_TIM_Base_Start
                0x08005e7c       0x6c build/debug/Drivers/STM32F4xx_HAL_Driver/Src/stm32f4xx_hal_tim.o
                0x08005e7c                HAL_TIM_Base_Start
 .text.TIM_Base_SetConfig
                0x08005ee8       0xac build/debug/Drivers/STM32F4xx_HAL_Driver/Src/stm32f4xx_hal_tim.o
                0x08005ee8                TIM_Base_SetConfig
 .text.HAL_TIM_Base_Init
                0x08005f94       0x58 build/debug/Drivers/STM32F4xx_HAL_Driver/Src/stm32f4xx_hal_tim.o
                0x08005f94                HAL_TIM_Base_Init
 .text.UART_EndRxTransfer
                0x08005fec       0x5c build/debug/Drivers/STM32F4xx_HAL_Driver/Src/stm32f4xx_hal_uart.o
 .text.UART_Transmit_IT
                0x08006048       0x60 build/debug/Drivers/STM32F4xx_HAL_Driver/Src/stm32f4xx_hal_uart.o
 .text.UART_SetConfig
                0x080060a8      0x110 build/debug/Drivers/STM32F4xx_HAL_Driver/Src/stm32f4xx_hal_uart.o
 .text.UART_WaitOnFlagUntilTimeout
                0x080061b8       0x86 build/debug/Drivers/STM32F4xx_HAL_Driver/Src/stm32f4xx_hal_uart.o
 .text.HAL_UART_Init
                0x0800623e       0x60 build/debug/Drivers/STM32F4xx_HAL_Driver/Src/stm32f4xx_hal_uart.o
                0x0800623e                HAL_UART_Init
 .text.HAL_HalfDuplex_Init
                0x0800629e       0x6c build/debug/Drivers/STM32F4xx_HAL_Driver/Src/stm32f4xx_hal_uart.o
                0x0800629e                HAL_HalfDuplex_Init
 .text.HAL_UART_Transmit
                0x0800630a       0xcc build/debug/Drivers/STM32F4xx_HAL_Driver/Src/stm32f4xx_hal_uart.o
                0x0800630a                HAL_UART_Transmit
 .text.HAL_UART_TxCpltCallback
                0x080063d6        0x2 build/debug/Drivers/STM32F4xx_HAL_Driver/Src/stm32f4xx_hal_uart.o
                0x080063d6                HAL_UART_TxCpltCallback
 .text.UART_EndTransmit_IT
                0x080063d8       0x1a build/debug/Drivers/STM32F4xx_HAL_Driver/Src/stm32f4xx_hal_uart.o
 .text.HAL_UART_ErrorCallback
                0x080063f2        0x2 build/debug/Drivers/STM32F4xx_HAL_Driver/Src/stm32f4xx_hal_uart.o
                0x080063f2                HAL_UART_ErrorCallback
 .text.UART_DMAAbortOnError
                0x080063f4       0x10 build/debug/Drivers/STM32F4xx_HAL_Driver/Src/stm32f4xx_hal_uart.o
 .text.HAL_UART_AbortCpltCallback
                0x08006404        0x2 build/debug/Drivers/STM32F4xx_HAL_Driver/Src/stm32f4xx_hal_uart.o
                0x08006404                HAL_UART_AbortCpltCallback
 *fill*         0x08006406        0x2 
 .text.HAL_UART_Abort_IT
                0x08006408      0x124 build/debug/Drivers/STM32F4xx_HAL_Driver/Src/stm32f4xx_hal_uart.o
                0x08006408                HAL_UART_Abort_IT
 .text.UART_DMARxAbortCallback
                0x0800652c       0x2c build/debug/Drivers/STM32F4xx_HAL_Driver/Src/stm32f4xx_hal_uart.o
 .text.UART_DMATxAbortCallback
                0x08006558       0x2c build/debug/Drivers/STM32F4xx_HAL_Driver/Src/stm32f4xx_hal_uart.o
 .text.HAL_UARTEx_RxEventCallback
                0x08006584        0x2 build/debug/Drivers/STM32F4xx_HAL_Driver/Src/stm32f4xx_hal_uart.o
                0x08006584                HAL_UARTEx_RxEventCallback
 .text.UART_Receive_IT
                0x08006586       0xe6 build/debug/Drivers/STM32F4xx_HAL_Driver/Src/stm32f4xx_hal_uart.o
 .text.HAL_UART_IRQHandler
                0x0800666c      0x284 build/debug/Drivers/STM32F4xx_HAL_Driver/Src/stm32f4xx_hal_uart.o
                0x0800666c                HAL_UART_IRQHandler
 .text.HAL_HalfDuplex_EnableTransmitter
                0x080068f0       0x36 build/debug/Drivers/STM32F4xx_HAL_Driver/Src/stm32f4xx_hal_uart.o
                0x080068f0                HAL_HalfDuplex_EnableTransmitter
 .text.HAL_HalfDuplex_EnableReceiver
                0x08006926       0x36 build/debug/Drivers/STM32F4xx_HAL_Driver/Src/stm32f4xx_hal_uart.o
                0x08006926                HAL_HalfDuplex_EnableReceiver
 .text.UART_Start_Receive_IT
                0x0800695c       0x36 build/debug/Drivers/STM32F4xx_HAL_Driver/Src/stm32f4xx_hal_uart.o
                0x0800695c                UART_Start_Receive_IT
 .text.HAL_UART_Receive_IT
                0x08006992       0x26 build/debug/Drivers/STM32F4xx_HAL_Driver/Src/stm32f4xx_hal_uart.o
                0x08006992                HAL_UART_Receive_IT
 .text.Reset_Handler
                0x080069b8       0x50 build/debug/startup_stm32f401xc.o
                0x080069b8                Reset_Handler
 .text.Default_Handler
                0x08006a08        0x2 build/debug/startup_stm32f401xc.o
                0x08006a08                DMA1_Stream3_IRQHandler
                0x08006a08                EXTI2_IRQHandler
                0x08006a08                SPI4_IRQHandler
                0x08006a08                TIM1_CC_IRQHandler
                0x08006a08                DMA2_Stream5_IRQHandler
                0x08006a08                DMA1_Stream5_IRQHandler
                0x08006a08                PVD_IRQHandler
                0x08006a08                SDIO_IRQHandler
                0x08006a08                TAMP_STAMP_IRQHandler
                0x08006a08                EXTI3_IRQHandler
                0x08006a08                TIM1_UP_TIM10_IRQHandler
                0x08006a08                I2C3_ER_IRQHandler
                0x08006a08                EXTI0_IRQHandler
                0x08006a08                I2C2_EV_IRQHandler
                0x08006a08                DMA1_Stream2_IRQHandler
                0x08006a08                FPU_IRQHandler
                0x08006a08                DMA2_Stream2_IRQHandler
                0x08006a08                SPI1_IRQHandler
                0x08006a08                TIM1_BRK_TIM9_IRQHandler
                0x08006a08                DMA2_Stream3_IRQHandler
                0x08006a08                DMA2_Stream0_IRQHandler
                0x08006a08                TIM4_IRQHandler
                0x08006a08                I2C1_EV_IRQHandler
                0x08006a08                DMA1_Stream6_IRQHandler
                0x08006a08                DMA1_Stream1_IRQHandler
                0x08006a08                TIM3_IRQHandler
                0x08006a08                RCC_IRQHandler
                0x08006a08                Default_Handler
                0x08006a08                EXTI15_10_IRQHandler
                0x08006a08                ADC_IRQHandler
                0x08006a08                DMA1_Stream7_IRQHandler
                0x08006a08                TIM5_IRQHandler
                0x08006a08                DMA2_Stream7_IRQHandler
                0x08006a08                I2C3_EV_IRQHandler
                0x08006a08                EXTI9_5_IRQHandler
                0x08006a08                RTC_WKUP_IRQHandler
                0x08006a08                SPI2_IRQHandler
                0x08006a08                DMA1_Stream0_IRQHandler
                0x08006a08                EXTI4_IRQHandler
                0x08006a08                WWDG_IRQHandler
                0x08006a08                TIM2_IRQHandler
                0x08006a08                OTG_FS_WKUP_IRQHandler
                0x08006a08                TIM1_TRG_COM_TIM11_IRQHandler
                0x08006a08                EXTI1_IRQHandler
                0x08006a08                USART2_IRQHandler
                0x08006a08                I2C2_ER_IRQHandler
                0x08006a08                DMA2_Stream1_IRQHandler
                0x08006a08                FLASH_IRQHandler
                0x08006a08                DMA2_Stream4_IRQHandler
                0x08006a08                OTG_FS_IRQHandler
                0x08006a08                SPI3_IRQHandler
                0x08006a08                DMA1_Stream4_IRQHandler
                0x08006a08                I2C1_ER_IRQHandler
                0x08006a08                DMA2_Stream6_IRQHandler
                0x08006a08                RTC_Alarm_IRQHandler
 *(.glue_7)
 .glue_7        0x08006a0a        0x0 linker stubs
 *(.glue_7t)
 .glue_7t       0x08006a0a        0x0 linker stubs
 *(.eh_frame)
 *fill*         0x08006a0a        0x2 
 .eh_frame      0x08006a0c        0x0 /opt/local/lib/gcc/arm-none-eabi/13.1.0/thumb/v7e-m+fp/hard/crtbegin.o
 *(.init)
 .init          0x08006a0c        0x4 /opt/local/lib/gcc/arm-none-eabi/13.1.0/thumb/v7e-m+fp/hard/crti.o
                0x08006a0c                _init
 .init          0x08006a10        0x8 /opt/local/lib/gcc/arm-none-eabi/13.1.0/thumb/v7e-m+fp/hard/crtn.o
 *(.fini)
 .fini          0x08006a18        0x4 /opt/local/lib/gcc/arm-none-eabi/13.1.0/thumb/v7e-m+fp/hard/crti.o
                0x08006a18                _fini
 .fini          0x08006a1c        0x8 /opt/local/lib/gcc/arm-none-eabi/13.1.0/thumb/v7e-m+fp/hard/crtn.o
                0x08006a24                        . = ALIGN (0x4)
                0x08006a24                        _etext = .

.vfp11_veneer   0x08006a24        0x0
 .vfp11_veneer  0x08006a24        0x0 linker stubs

.v4_bx          0x08006a24        0x0
 .v4_bx         0x08006a24        0x0 linker stubs

.iplt           0x08006a24        0x0
 .iplt          0x08006a24        0x0 /opt/local/lib/gcc/arm-none-eabi/13.1.0/thumb/v7e-m+fp/hard/crtbegin.o

.rodata         0x08006a28       0x40
                0x08006a28                        . = ALIGN (0x4)
 *(.rodata)
 .rodata        0x08006a28       0x10 /opt/local/lib/gcc/arm-none-eabi/13.1.0/../../../../arm-none-eabi/lib/thumb/v7e-m+fp/hard/libm.a(libm_a-e_fmod.o)
 .rodata        0x08006a38       0x10 /opt/local/lib/gcc/arm-none-eabi/13.1.0/../../../../arm-none-eabi/lib/thumb/v7e-m+fp/hard/libm.a(libm_a-e_sqrt.o)
 *(.rodata*)
 .rodata.rs485_transmit_double.str1.4
                0x08006a48        0x5 build/debug/Core/Src/main.o
                                  0x4 (size before relaxing)
 *fill*         0x08006a4d        0x3 
 .rodata.APBPrescTable
                0x08006a50        0x8 build/debug/Core/Src/system_stm32f4xx.o
                0x08006a50                APBPrescTable
 .rodata.AHBPrescTable
                0x08006a58       0x10 build/debug/Core/Src/system_stm32f4xx.o
                0x08006a58                AHBPrescTable
 .rodata.str1.4
                0x08006a68        0x1 /opt/local/lib/gcc/arm-none-eabi/13.1.0/../../../../arm-none-eabi/lib/thumb/v7e-m+fp/hard/libm.a(libm_a-w_log10.o)
                0x08006a6c                        . = ALIGN (0x4)

.ARM.extab
 *(.ARM.extab* .gnu.linkonce.armextab.*)

.ARM            0x08006a68        0x8
                0x08006a68                        __exidx_start = .
 *(.ARM.exidx*)
 .ARM.exidx     0x08006a68        0x8 /opt/local/lib/gcc/arm-none-eabi/13.1.0/thumb/v7e-m+fp/hard/libgcc.a(_udivmoddi4.o)
                0x08006a70                        __exidx_end = .

.rel.dyn        0x08006a70        0x0
 .rel.iplt      0x08006a70        0x0 /opt/local/lib/gcc/arm-none-eabi/13.1.0/thumb/v7e-m+fp/hard/crtbegin.o

.preinit_array  0x08006a70        0x0
                0x08006a70                        PROVIDE (__preinit_array_start = .)
 *(.preinit_array*)
                0x08006a70                        PROVIDE (__preinit_array_end = .)

.init_array     0x08006a70        0x4
                0x08006a70                        PROVIDE (__init_array_start = .)
 *(SORT_BY_NAME(.init_array.*))
 *(.init_array*)
 .init_array    0x08006a70        0x4 /opt/local/lib/gcc/arm-none-eabi/13.1.0/thumb/v7e-m+fp/hard/crtbegin.o
                0x08006a74                        PROVIDE (__init_array_end = .)

.fini_array     0x08006a74        0x4
                0x08006a74                        PROVIDE (__fini_array_start = .)
 *(SORT_BY_NAME(.fini_array.*))
 *(.fini_array*)
 .fini_array    0x08006a74        0x4 /opt/local/lib/gcc/arm-none-eabi/13.1.0/thumb/v7e-m+fp/hard/crtbegin.o
                0x08006a78                        PROVIDE (__fini_array_end = .)
                0x08006a78                        _sidata = LOADADDR (.data)

.data           0x20000000      0x148 load address 0x08006a78
                0x20000000                        . = ALIGN (0x4)
                0x20000000                        _sdata = .
 *(.data)
 .data          0x20000000      0x128 /opt/local/lib/gcc/arm-none-eabi/13.1.0/../../../../arm-none-eabi/lib/thumb/v7e-m+fp/hard/libc.a(libc_a-impure.o)
                0x20000000                _impure_ptr
                0x20000008                _impure_data
 *(.data*)
 .data.probe_config
                0x20000128       0x14 build/debug/Core/Src/main.o
                0x20000128                probe_config
 .data.SystemCoreClock
                0x2000013c        0x4 build/debug/Core/Src/system_stm32f4xx.o
                0x2000013c                SystemCoreClock
 .data.uwTickFreq
                0x20000140        0x1 build/debug/Drivers/STM32F4xx_HAL_Driver/Src/stm32f4xx_hal.o
                0x20000140                uwTickFreq
 *fill*         0x20000141        0x3 
 .data.uwTickPrio
                0x20000144        0x4 build/debug/Drivers/STM32F4xx_HAL_Driver/Src/stm32f4xx_hal.o
                0x20000144                uwTickPrio
                0x20000148                        . = ALIGN (0x4)
                0x20000148                        _edata = .

.tm_clone_table
                0x20000148        0x0 load address 0x08006bc0
 .tm_clone_table
                0x20000148        0x0 /opt/local/lib/gcc/arm-none-eabi/13.1.0/thumb/v7e-m+fp/hard/crtbegin.o
 .tm_clone_table
                0x20000148        0x0 /opt/local/lib/gcc/arm-none-eabi/13.1.0/thumb/v7e-m+fp/hard/crtend.o

.igot.plt       0x20000148        0x0 load address 0x08006bc0
 .igot.plt      0x20000148        0x0 /opt/local/lib/gcc/arm-none-eabi/13.1.0/thumb/v7e-m+fp/hard/crtbegin.o
                0x20000148                        . = ALIGN (0x4)

.bss            0x20000148      0x2ec load address 0x08006bc0
                0x20000148                        _sbss = .
                0x20000148                        __bss_start__ = _sbss
 *(.bss)
 .bss           0x20000148       0x1c /opt/local/lib/gcc/arm-none-eabi/13.1.0/thumb/v7e-m+fp/hard/crtbegin.o
 .bss           0x20000164      0x13c /opt/local/lib/gcc/arm-none-eabi/13.1.0/../../../../arm-none-eabi/lib/thumb/v7e-m+fp/hard/libc.a(libc_a-findfp.o)
                0x20000164                __sf
                0x2000029c                __stdio_exit_handler
 *(.bss*)
 .bss.hadc1     0x200002a0       0x48 build/debug/Core/Src/adc.o
                0x200002a0                hadc1
 .bss.hi2c1     0x200002e8       0x54 build/debug/Core/Src/i2c.o
                0x200002e8                hi2c1
 .bss.status    0x2000033c        0x1 build/debug/Core/Src/main.o
                0x2000033c                status
 *fill*         0x2000033d        0x3 
 .bss.rx_buffer
                0x20000340       0x14 build/debug/Core/Src/main.o
                0x20000340                rx_buffer
 .bss.current_task
                0x20000354        0x1 build/debug/Core/Src/main.o
                0x20000354                current_task
 *fill*         0x20000355        0x3 
 .bss.htim10    0x20000358       0x48 build/debug/Core/Src/tim.o
                0x20000358                htim10
 .bss.huart6    0x200003a0       0x48 build/debug/Core/Src/usart.o
                0x200003a0                huart6
 .bss.huart1    0x200003e8       0x48 build/debug/Core/Src/usart.o
                0x200003e8                huart1
 .bss.uwTick    0x20000430        0x4 build/debug/Drivers/STM32F4xx_HAL_Driver/Src/stm32f4xx_hal.o
                0x20000430                uwTick
 *(COMMON)
                0x20000434                        . = ALIGN (0x4)
                0x20000434                        _ebss = .
                0x20000434                        __bss_end__ = _ebss

._user_heap_stack
                0x20000434      0x604 load address 0x08006bc0
                0x20000438                        . = ALIGN (0x8)
 *fill*         0x20000434        0x4 
                0x20000438                        PROVIDE (end = .)
                [!provide]                        PROVIDE (_end = .)
                0x20000638                        . = (. + _Min_Heap_Size)
 *fill*         0x20000438      0x200 
                0x20000a38                        . = (. + _Min_Stack_Size)
 *fill*         0x20000638      0x400 
                0x20000a38                        . = ALIGN (0x8)

/DISCARD/
 libc.a(*)
 libm.a(*)
 libgcc.a(*)

.ARM.attributes
                0x00000000       0x30
 *(.ARM.attributes)
 .ARM.attributes
                0x00000000       0x22 /opt/local/lib/gcc/arm-none-eabi/13.1.0/thumb/v7e-m+fp/hard/crti.o
 .ARM.attributes
                0x00000022       0x34 /opt/local/lib/gcc/arm-none-eabi/13.1.0/thumb/v7e-m+fp/hard/crtbegin.o
 .ARM.attributes
                0x00000056       0x34 build/debug/Core/Src/adc.o
 .ARM.attributes
                0x0000008a       0x34 build/debug/Core/Src/gpio.o
 .ARM.attributes
                0x000000be       0x34 build/debug/Core/Src/i2c.o
 .ARM.attributes
                0x000000f2       0x34 build/debug/Core/Src/main.o
 .ARM.attributes
                0x00000126       0x34 build/debug/Core/Src/salinity.o
 .ARM.attributes
                0x0000015a       0x34 build/debug/Core/Src/stm32f4xx_hal_msp.o
 .ARM.attributes
                0x0000018e       0x34 build/debug/Core/Src/stm32f4xx_it.o
 .ARM.attributes
                0x000001c2       0x34 build/debug/Core/Src/system_stm32f4xx.o
 .ARM.attributes
                0x000001f6       0x34 build/debug/Core/Src/tim.o
 .ARM.attributes
                0x0000022a       0x34 build/debug/Core/Src/usart.o
 .ARM.attributes
                0x0000025e       0x34 build/debug/Core/Src/voltage.o
 .ARM.attributes
                0x00000292       0x34 build/debug/Drivers/STM32F4xx_HAL_Driver/Src/stm32f4xx_hal.o
 .ARM.attributes
                0x000002c6       0x34 build/debug/Drivers/STM32F4xx_HAL_Driver/Src/stm32f4xx_hal_adc.o
 .ARM.attributes
                0x000002fa       0x34 build/debug/Drivers/STM32F4xx_HAL_Driver/Src/stm32f4xx_hal_cortex.o
 .ARM.attributes
                0x0000032e       0x34 build/debug/Drivers/STM32F4xx_HAL_Driver/Src/stm32f4xx_hal_dma.o
 .ARM.attributes
                0x00000362       0x34 build/debug/Drivers/STM32F4xx_HAL_Driver/Src/stm32f4xx_hal_gpio.o
 .ARM.attributes
                0x00000396       0x34 build/debug/Drivers/STM32F4xx_HAL_Driver/Src/stm32f4xx_hal_i2c.o
 .ARM.attributes
                0x000003ca       0x34 build/debug/Drivers/STM32F4xx_HAL_Driver/Src/stm32f4xx_hal_rcc.o
 .ARM.attributes
                0x000003fe       0x34 build/debug/Drivers/STM32F4xx_HAL_Driver/Src/stm32f4xx_hal_tim.o
 .ARM.attributes
                0x00000432       0x34 build/debug/Drivers/STM32F4xx_HAL_Driver/Src/stm32f4xx_hal_uart.o
 .ARM.attributes
                0x00000466       0x21 build/debug/startup_stm32f401xc.o
 .ARM.attributes
                0x00000487       0x34 /opt/local/lib/gcc/arm-none-eabi/13.1.0/../../../../arm-none-eabi/lib/thumb/v7e-m+fp/hard/libc.a(libc_a-findfp.o)
 .ARM.attributes
                0x000004bb       0x34 /opt/local/lib/gcc/arm-none-eabi/13.1.0/../../../../arm-none-eabi/lib/thumb/v7e-m+fp/hard/libc.a(libc_a-memset.o)
 .ARM.attributes
                0x000004ef       0x34 /opt/local/lib/gcc/arm-none-eabi/13.1.0/../../../../arm-none-eabi/lib/thumb/v7e-m+fp/hard/libc.a(libc_a-impure.o)
 .ARM.attributes
                0x00000523       0x34 /opt/local/lib/gcc/arm-none-eabi/13.1.0/../../../../arm-none-eabi/lib/thumb/v7e-m+fp/hard/libc.a(libc_a-init.o)
 .ARM.attributes
                0x00000557       0x34 /opt/local/lib/gcc/arm-none-eabi/13.1.0/../../../../arm-none-eabi/lib/thumb/v7e-m+fp/hard/libc.a(libc_a-errno.o)
 .ARM.attributes
                0x0000058b       0x34 /opt/local/lib/gcc/arm-none-eabi/13.1.0/../../../../arm-none-eabi/lib/thumb/v7e-m+fp/hard/libm.a(libm_a-w_fmod.o)
 .ARM.attributes
                0x000005bf       0x34 /opt/local/lib/gcc/arm-none-eabi/13.1.0/../../../../arm-none-eabi/lib/thumb/v7e-m+fp/hard/libm.a(libm_a-w_log10.o)
 .ARM.attributes
                0x000005f3       0x34 /opt/local/lib/gcc/arm-none-eabi/13.1.0/../../../../arm-none-eabi/lib/thumb/v7e-m+fp/hard/libm.a(libm_a-w_pow.o)
 .ARM.attributes
                0x00000627       0x34 /opt/local/lib/gcc/arm-none-eabi/13.1.0/../../../../arm-none-eabi/lib/thumb/v7e-m+fp/hard/libm.a(libm_a-s_finite.o)
 .ARM.attributes
                0x0000065b       0x34 /opt/local/lib/gcc/arm-none-eabi/13.1.0/../../../../arm-none-eabi/lib/thumb/v7e-m+fp/hard/libm.a(libm_a-e_fmod.o)
 .ARM.attributes
                0x0000068f       0x34 /opt/local/lib/gcc/arm-none-eabi/13.1.0/../../../../arm-none-eabi/lib/thumb/v7e-m+fp/hard/libm.a(libm_a-s_round.o)
 .ARM.attributes
                0x000006c3       0x34 /opt/local/lib/gcc/arm-none-eabi/13.1.0/../../../../arm-none-eabi/lib/thumb/v7e-m+fp/hard/libm.a(libm_a-s_nan.o)
 .ARM.attributes
                0x000006f7       0x34 /opt/local/lib/gcc/arm-none-eabi/13.1.0/../../../../arm-none-eabi/lib/thumb/v7e-m+fp/hard/libm.a(libm_a-e_log10.o)
 .ARM.attributes
                0x0000072b       0x34 /opt/local/lib/gcc/arm-none-eabi/13.1.0/../../../../arm-none-eabi/lib/thumb/v7e-m+fp/hard/libm.a(libm_a-e_pow.o)
 .ARM.attributes
                0x0000075f       0x34 /opt/local/lib/gcc/arm-none-eabi/13.1.0/../../../../arm-none-eabi/lib/thumb/v7e-m+fp/hard/libm.a(libm_a-math_err.o)
 .ARM.attributes
                0x00000793       0x34 /opt/local/lib/gcc/arm-none-eabi/13.1.0/../../../../arm-none-eabi/lib/thumb/v7e-m+fp/hard/libm.a(libm_a-s_fabs.o)
 .ARM.attributes
                0x000007c7       0x34 /opt/local/lib/gcc/arm-none-eabi/13.1.0/../../../../arm-none-eabi/lib/thumb/v7e-m+fp/hard/libm.a(libm_a-s_scalbn.o)
 .ARM.attributes
                0x000007fb       0x34 /opt/local/lib/gcc/arm-none-eabi/13.1.0/../../../../arm-none-eabi/lib/thumb/v7e-m+fp/hard/libm.a(libm_a-e_sqrt.o)
 .ARM.attributes
                0x0000082f       0x34 /opt/local/lib/gcc/arm-none-eabi/13.1.0/../../../../arm-none-eabi/lib/thumb/v7e-m+fp/hard/libm.a(libm_a-e_log.o)
 .ARM.attributes
                0x00000863       0x22 /opt/local/lib/gcc/arm-none-eabi/13.1.0/thumb/v7e-m+fp/hard/libgcc.a(_arm_addsubdf3.o)
 .ARM.attributes
                0x00000885       0x22 /opt/local/lib/gcc/arm-none-eabi/13.1.0/thumb/v7e-m+fp/hard/libgcc.a(_arm_muldivdf3.o)
 .ARM.attributes
                0x000008a7       0x22 /opt/local/lib/gcc/arm-none-eabi/13.1.0/thumb/v7e-m+fp/hard/libgcc.a(_arm_cmpdf2.o)
 .ARM.attributes
                0x000008c9       0x22 /opt/local/lib/gcc/arm-none-eabi/13.1.0/thumb/v7e-m+fp/hard/libgcc.a(_arm_unorddf2.o)
 .ARM.attributes
                0x000008eb       0x22 /opt/local/lib/gcc/arm-none-eabi/13.1.0/thumb/v7e-m+fp/hard/libgcc.a(_arm_fixdfsi.o)
 .ARM.attributes
                0x0000090d       0x22 /opt/local/lib/gcc/arm-none-eabi/13.1.0/thumb/v7e-m+fp/hard/libgcc.a(_arm_fixunsdfsi.o)
 .ARM.attributes
                0x0000092f       0x22 /opt/local/lib/gcc/arm-none-eabi/13.1.0/thumb/v7e-m+fp/hard/libgcc.a(_aeabi_uldivmod.o)
 .ARM.attributes
                0x00000951       0x34 /opt/local/lib/gcc/arm-none-eabi/13.1.0/thumb/v7e-m+fp/hard/libgcc.a(_udivmoddi4.o)
 .ARM.attributes
                0x00000985       0x22 /opt/local/lib/gcc/arm-none-eabi/13.1.0/thumb/v7e-m+fp/hard/libgcc.a(_dvmd_tls.o)
 .ARM.attributes
                0x000009a7       0x34 /opt/local/lib/gcc/arm-none-eabi/13.1.0/thumb/v7e-m+fp/hard/crtend.o
 .ARM.attributes
                0x000009db       0x22 /opt/local/lib/gcc/arm-none-eabi/13.1.0/thumb/v7e-m+fp/hard/crtn.o
OUTPUT(build/Probe.elf elf32-littlearm)
LOAD linker stubs
LOAD /opt/local/lib/gcc/arm-none-eabi/13.1.0/../../../../arm-none-eabi/lib/thumb/v7e-m+fp/hard/libc.a
LOAD /opt/local/lib/gcc/arm-none-eabi/13.1.0/../../../../arm-none-eabi/lib/thumb/v7e-m+fp/hard/libm.a
LOAD /opt/local/lib/gcc/arm-none-eabi/13.1.0/thumb/v7e-m+fp/hard/libgcc.a

.comment        0x00000000       0x12
 .comment       0x00000000       0x12 /opt/local/lib/gcc/arm-none-eabi/13.1.0/thumb/v7e-m+fp/hard/crtbegin.o
                                 0x13 (size before relaxing)
 .comment       0x00000012       0x13 build/debug/Core/Src/adc.o
 .comment       0x00000012       0x13 build/debug/Core/Src/gpio.o
 .comment       0x00000012       0x13 build/debug/Core/Src/i2c.o
 .comment       0x00000012       0x13 build/debug/Core/Src/main.o
 .comment       0x00000012       0x13 build/debug/Core/Src/salinity.o
 .comment       0x00000012       0x13 build/debug/Core/Src/stm32f4xx_hal_msp.o
 .comment       0x00000012       0x13 build/debug/Core/Src/stm32f4xx_it.o
 .comment       0x00000012       0x13 build/debug/Core/Src/system_stm32f4xx.o
 .comment       0x00000012       0x13 build/debug/Core/Src/tim.o
 .comment       0x00000012       0x13 build/debug/Core/Src/usart.o
 .comment       0x00000012       0x13 build/debug/Core/Src/voltage.o
 .comment       0x00000012       0x13 build/debug/Drivers/STM32F4xx_HAL_Driver/Src/stm32f4xx_hal.o
 .comment       0x00000012       0x13 build/debug/Drivers/STM32F4xx_HAL_Driver/Src/stm32f4xx_hal_adc.o
 .comment       0x00000012       0x13 build/debug/Drivers/STM32F4xx_HAL_Driver/Src/stm32f4xx_hal_cortex.o
 .comment       0x00000012       0x13 build/debug/Drivers/STM32F4xx_HAL_Driver/Src/stm32f4xx_hal_dma.o
 .comment       0x00000012       0x13 build/debug/Drivers/STM32F4xx_HAL_Driver/Src/stm32f4xx_hal_gpio.o
 .comment       0x00000012       0x13 build/debug/Drivers/STM32F4xx_HAL_Driver/Src/stm32f4xx_hal_i2c.o
 .comment       0x00000012       0x13 build/debug/Drivers/STM32F4xx_HAL_Driver/Src/stm32f4xx_hal_rcc.o
 .comment       0x00000012       0x13 build/debug/Drivers/STM32F4xx_HAL_Driver/Src/stm32f4xx_hal_tim.o
 .comment       0x00000012       0x13 build/debug/Drivers/STM32F4xx_HAL_Driver/Src/stm32f4xx_hal_uart.o
 .comment       0x00000012       0x13 /opt/local/lib/gcc/arm-none-eabi/13.1.0/../../../../arm-none-eabi/lib/thumb/v7e-m+fp/hard/libc.a(libc_a-findfp.o)
 .comment       0x00000012       0x13 /opt/local/lib/gcc/arm-none-eabi/13.1.0/../../../../arm-none-eabi/lib/thumb/v7e-m+fp/hard/libc.a(libc_a-memset.o)
 .comment       0x00000012       0x13 /opt/local/lib/gcc/arm-none-eabi/13.1.0/../../../../arm-none-eabi/lib/thumb/v7e-m+fp/hard/libc.a(libc_a-impure.o)
 .comment       0x00000012       0x13 /opt/local/lib/gcc/arm-none-eabi/13.1.0/../../../../arm-none-eabi/lib/thumb/v7e-m+fp/hard/libc.a(libc_a-init.o)
 .comment       0x00000012       0x13 /opt/local/lib/gcc/arm-none-eabi/13.1.0/../../../../arm-none-eabi/lib/thumb/v7e-m+fp/hard/libc.a(libc_a-errno.o)
 .comment       0x00000012       0x13 /opt/local/lib/gcc/arm-none-eabi/13.1.0/../../../../arm-none-eabi/lib/thumb/v7e-m+fp/hard/libm.a(libm_a-w_fmod.o)
 .comment       0x00000012       0x13 /opt/local/lib/gcc/arm-none-eabi/13.1.0/../../../../arm-none-eabi/lib/thumb/v7e-m+fp/hard/libm.a(libm_a-w_log10.o)
 .comment       0x00000012       0x13 /opt/local/lib/gcc/arm-none-eabi/13.1.0/../../../../arm-none-eabi/lib/thumb/v7e-m+fp/hard/libm.a(libm_a-w_pow.o)
 .comment       0x00000012       0x13 /opt/local/lib/gcc/arm-none-eabi/13.1.0/../../../../arm-none-eabi/lib/thumb/v7e-m+fp/hard/libm.a(libm_a-s_finite.o)
 .comment       0x00000012       0x13 /opt/local/lib/gcc/arm-none-eabi/13.1.0/../../../../arm-none-eabi/lib/thumb/v7e-m+fp/hard/libm.a(libm_a-e_fmod.o)
 .comment       0x00000012       0x13 /opt/local/lib/gcc/arm-none-eabi/13.1.0/../../../../arm-none-eabi/lib/thumb/v7e-m+fp/hard/libm.a(libm_a-s_round.o)
 .comment       0x00000012       0x13 /opt/local/lib/gcc/arm-none-eabi/13.1.0/../../../../arm-none-eabi/lib/thumb/v7e-m+fp/hard/libm.a(libm_a-s_nan.o)
 .comment       0x00000012       0x13 /opt/local/lib/gcc/arm-none-eabi/13.1.0/../../../../arm-none-eabi/lib/thumb/v7e-m+fp/hard/libm.a(libm_a-e_log10.o)
 .comment       0x00000012       0x13 /opt/local/lib/gcc/arm-none-eabi/13.1.0/../../../../arm-none-eabi/lib/thumb/v7e-m+fp/hard/libm.a(libm_a-e_pow.o)
 .comment       0x00000012       0x13 /opt/local/lib/gcc/arm-none-eabi/13.1.0/../../../../arm-none-eabi/lib/thumb/v7e-m+fp/hard/libm.a(libm_a-math_err.o)
 .comment       0x00000012       0x13 /opt/local/lib/gcc/arm-none-eabi/13.1.0/../../../../arm-none-eabi/lib/thumb/v7e-m+fp/hard/libm.a(libm_a-s_fabs.o)
 .comment       0x00000012       0x13 /opt/local/lib/gcc/arm-none-eabi/13.1.0/../../../../arm-none-eabi/lib/thumb/v7e-m+fp/hard/libm.a(libm_a-s_scalbn.o)
 .comment       0x00000012       0x13 /opt/local/lib/gcc/arm-none-eabi/13.1.0/../../../../arm-none-eabi/lib/thumb/v7e-m+fp/hard/libm.a(libm_a-e_sqrt.o)
 .comment       0x00000012       0x13 /opt/local/lib/gcc/arm-none-eabi/13.1.0/../../../../arm-none-eabi/lib/thumb/v7e-m+fp/hard/libm.a(libm_a-e_log.o)
 .comment       0x00000012       0x13 /opt/local/lib/gcc/arm-none-eabi/13.1.0/thumb/v7e-m+fp/hard/libgcc.a(_udivmoddi4.o)
 .comment       0x00000012       0x13 /opt/local/lib/gcc/arm-none-eabi/13.1.0/thumb/v7e-m+fp/hard/crtend.o

.debug_info     0x00000000    0x1d5ba
 .debug_info    0x00000000      0xa9d build/debug/Core/Src/adc.o
 .debug_info    0x00000a9d      0x530 build/debug/Core/Src/gpio.o
 .debug_info    0x00000fcd      0xa1b build/debug/Core/Src/i2c.o
 .debug_info    0x000019e8     0x2323 build/debug/Core/Src/main.o
 .debug_info    0x00003d0b     0x107d build/debug/Core/Src/salinity.o
 .debug_info    0x00004d88      0x28d build/debug/Core/Src/stm32f4xx_hal_msp.o
 .debug_info    0x00005015      0x67e build/debug/Core/Src/stm32f4xx_it.o
 .debug_info    0x00005693      0x553 build/debug/Core/Src/system_stm32f4xx.o
 .debug_info    0x00005be6      0x8f7 build/debug/Core/Src/tim.o
 .debug_info    0x000064dd      0xc50 build/debug/Core/Src/usart.o
 .debug_info    0x0000712d     0x160f build/debug/Core/Src/voltage.o
 .debug_info    0x0000873c      0x959 build/debug/Drivers/STM32F4xx_HAL_Driver/Src/stm32f4xx_hal.o
 .debug_info    0x00009095      0xe7f build/debug/Drivers/STM32F4xx_HAL_Driver/Src/stm32f4xx_hal_adc.o
 .debug_info    0x00009f14      0xf2c build/debug/Drivers/STM32F4xx_HAL_Driver/Src/stm32f4xx_hal_cortex.o
 .debug_info    0x0000ae40      0xad8 build/debug/Drivers/STM32F4xx_HAL_Driver/Src/stm32f4xx_hal_dma.o
 .debug_info    0x0000b918      0x73a build/debug/Drivers/STM32F4xx_HAL_Driver/Src/stm32f4xx_hal_gpio.o
 .debug_info    0x0000c052     0x3816 build/debug/Drivers/STM32F4xx_HAL_Driver/Src/stm32f4xx_hal_i2c.o
 .debug_info    0x0000f868      0xab1 build/debug/Drivers/STM32F4xx_HAL_Driver/Src/stm32f4xx_hal_rcc.o
 .debug_info    0x00010319     0x3c4c build/debug/Drivers/STM32F4xx_HAL_Driver/Src/stm32f4xx_hal_tim.o
 .debug_info    0x00013f65     0x4007 build/debug/Drivers/STM32F4xx_HAL_Driver/Src/stm32f4xx_hal_uart.o
 .debug_info    0x00017f6c       0x30 build/debug/startup_stm32f401xc.o
 .debug_info    0x00017f9c      0xea8 /opt/local/lib/gcc/arm-none-eabi/13.1.0/../../../../arm-none-eabi/lib/thumb/v7e-m+fp/hard/libc.a(libc_a-findfp.o)
 .debug_info    0x00018e44      0x135 /opt/local/lib/gcc/arm-none-eabi/13.1.0/../../../../arm-none-eabi/lib/thumb/v7e-m+fp/hard/libc.a(libc_a-memset.o)
 .debug_info    0x00018f79      0x729 /opt/local/lib/gcc/arm-none-eabi/13.1.0/../../../../arm-none-eabi/lib/thumb/v7e-m+fp/hard/libc.a(libc_a-impure.o)
 .debug_info    0x000196a2      0x10b /opt/local/lib/gcc/arm-none-eabi/13.1.0/../../../../arm-none-eabi/lib/thumb/v7e-m+fp/hard/libc.a(libc_a-init.o)
 .debug_info    0x000197ad      0x70f /opt/local/lib/gcc/arm-none-eabi/13.1.0/../../../../arm-none-eabi/lib/thumb/v7e-m+fp/hard/libc.a(libc_a-errno.o)
 .debug_info    0x00019ebc      0x16c /opt/local/lib/gcc/arm-none-eabi/13.1.0/../../../../arm-none-eabi/lib/thumb/v7e-m+fp/hard/libm.a(libm_a-w_fmod.o)
 .debug_info    0x0001a028      0x187 /opt/local/lib/gcc/arm-none-eabi/13.1.0/../../../../arm-none-eabi/lib/thumb/v7e-m+fp/hard/libm.a(libm_a-w_log10.o)
 .debug_info    0x0001a1af      0x24e /opt/local/lib/gcc/arm-none-eabi/13.1.0/../../../../arm-none-eabi/lib/thumb/v7e-m+fp/hard/libm.a(libm_a-w_pow.o)
 .debug_info    0x0001a3fd      0x135 /opt/local/lib/gcc/arm-none-eabi/13.1.0/../../../../arm-none-eabi/lib/thumb/v7e-m+fp/hard/libm.a(libm_a-s_finite.o)
 .debug_info    0x0001a532      0x2b7 /opt/local/lib/gcc/arm-none-eabi/13.1.0/../../../../arm-none-eabi/lib/thumb/v7e-m+fp/hard/libm.a(libm_a-e_fmod.o)
 .debug_info    0x0001a7e9      0x1e8 /opt/local/lib/gcc/arm-none-eabi/13.1.0/../../../../arm-none-eabi/lib/thumb/v7e-m+fp/hard/libm.a(libm_a-s_round.o)
 .debug_info    0x0001a9d1       0xcd /opt/local/lib/gcc/arm-none-eabi/13.1.0/../../../../arm-none-eabi/lib/thumb/v7e-m+fp/hard/libm.a(libm_a-s_nan.o)
 .debug_info    0x0001aa9e      0x2f3 /opt/local/lib/gcc/arm-none-eabi/13.1.0/../../../../arm-none-eabi/lib/thumb/v7e-m+fp/hard/libm.a(libm_a-e_log10.o)
 .debug_info    0x0001ad91      0xde1 /opt/local/lib/gcc/arm-none-eabi/13.1.0/../../../../arm-none-eabi/lib/thumb/v7e-m+fp/hard/libm.a(libm_a-e_pow.o)
 .debug_info    0x0001bb72      0x46a /opt/local/lib/gcc/arm-none-eabi/13.1.0/../../../../arm-none-eabi/lib/thumb/v7e-m+fp/hard/libm.a(libm_a-math_err.o)
 .debug_info    0x0001bfdc      0x14b /opt/local/lib/gcc/arm-none-eabi/13.1.0/../../../../arm-none-eabi/lib/thumb/v7e-m+fp/hard/libm.a(libm_a-s_fabs.o)
 .debug_info    0x0001c127      0x27b /opt/local/lib/gcc/arm-none-eabi/13.1.0/../../../../arm-none-eabi/lib/thumb/v7e-m+fp/hard/libm.a(libm_a-s_scalbn.o)
 .debug_info    0x0001c3a2      0x2e8 /opt/local/lib/gcc/arm-none-eabi/13.1.0/../../../../arm-none-eabi/lib/thumb/v7e-m+fp/hard/libm.a(libm_a-e_sqrt.o)
 .debug_info    0x0001c68a      0x51e /opt/local/lib/gcc/arm-none-eabi/13.1.0/../../../../arm-none-eabi/lib/thumb/v7e-m+fp/hard/libm.a(libm_a-e_log.o)
 .debug_info    0x0001cba8       0xd3 /opt/local/lib/gcc/arm-none-eabi/13.1.0/thumb/v7e-m+fp/hard/libgcc.a(_arm_addsubdf3.o)
 .debug_info    0x0001cc7b       0x57 /opt/local/lib/gcc/arm-none-eabi/13.1.0/thumb/v7e-m+fp/hard/libgcc.a(_arm_muldivdf3.o)
 .debug_info    0x0001ccd2       0xdf /opt/local/lib/gcc/arm-none-eabi/13.1.0/thumb/v7e-m+fp/hard/libgcc.a(_arm_cmpdf2.o)
 .debug_info    0x0001cdb1       0x3c /opt/local/lib/gcc/arm-none-eabi/13.1.0/thumb/v7e-m+fp/hard/libgcc.a(_arm_unorddf2.o)
 .debug_info    0x0001cded       0x3c /opt/local/lib/gcc/arm-none-eabi/13.1.0/thumb/v7e-m+fp/hard/libgcc.a(_arm_fixdfsi.o)
 .debug_info    0x0001ce29       0x3c /opt/local/lib/gcc/arm-none-eabi/13.1.0/thumb/v7e-m+fp/hard/libgcc.a(_arm_fixunsdfsi.o)
 .debug_info    0x0001ce65       0x24 /opt/local/lib/gcc/arm-none-eabi/13.1.0/thumb/v7e-m+fp/hard/libgcc.a(_aeabi_uldivmod.o)
 .debug_info    0x0001ce89      0x6f5 /opt/local/lib/gcc/arm-none-eabi/13.1.0/thumb/v7e-m+fp/hard/libgcc.a(_udivmoddi4.o)
 .debug_info    0x0001d57e       0x3c /opt/local/lib/gcc/arm-none-eabi/13.1.0/thumb/v7e-m+fp/hard/libgcc.a(_dvmd_tls.o)

.debug_abbrev   0x00000000     0x4ac9
 .debug_abbrev  0x00000000      0x210 build/debug/Core/Src/adc.o
 .debug_abbrev  0x00000210      0x163 build/debug/Core/Src/gpio.o
 .debug_abbrev  0x00000373      0x20e build/debug/Core/Src/i2c.o
 .debug_abbrev  0x00000581      0x3ae build/debug/Core/Src/main.o
 .debug_abbrev  0x0000092f      0x269 build/debug/Core/Src/salinity.o
 .debug_abbrev  0x00000b98       0xd6 build/debug/Core/Src/stm32f4xx_hal_msp.o
 .debug_abbrev  0x00000c6e      0x18d build/debug/Core/Src/stm32f4xx_it.o
 .debug_abbrev  0x00000dfb      0x11e build/debug/Core/Src/system_stm32f4xx.o
 .debug_abbrev  0x00000f19      0x1fd build/debug/Core/Src/tim.o
 .debug_abbrev  0x00001116      0x239 build/debug/Core/Src/usart.o
 .debug_abbrev  0x0000134f      0x2ba build/debug/Core/Src/voltage.o
 .debug_abbrev  0x00001609      0x277 build/debug/Drivers/STM32F4xx_HAL_Driver/Src/stm32f4xx_hal.o
 .debug_abbrev  0x00001880      0x234 build/debug/Drivers/STM32F4xx_HAL_Driver/Src/stm32f4xx_hal_adc.o
 .debug_abbrev  0x00001ab4      0x39c build/debug/Drivers/STM32F4xx_HAL_Driver/Src/stm32f4xx_hal_cortex.o
 .debug_abbrev  0x00001e50      0x27d build/debug/Drivers/STM32F4xx_HAL_Driver/Src/stm32f4xx_hal_dma.o
 .debug_abbrev  0x000020cd      0x201 build/debug/Drivers/STM32F4xx_HAL_Driver/Src/stm32f4xx_hal_gpio.o
 .debug_abbrev  0x000022ce      0x2d2 build/debug/Drivers/STM32F4xx_HAL_Driver/Src/stm32f4xx_hal_i2c.o
 .debug_abbrev  0x000025a0      0x2c5 build/debug/Drivers/STM32F4xx_HAL_Driver/Src/stm32f4xx_hal_rcc.o
 .debug_abbrev  0x00002865      0x284 build/debug/Drivers/STM32F4xx_HAL_Driver/Src/stm32f4xx_hal_tim.o
 .debug_abbrev  0x00002ae9      0x33c build/debug/Drivers/STM32F4xx_HAL_Driver/Src/stm32f4xx_hal_uart.o
 .debug_abbrev  0x00002e25       0x24 build/debug/startup_stm32f401xc.o
 .debug_abbrev  0x00002e49      0x446 /opt/local/lib/gcc/arm-none-eabi/13.1.0/../../../../arm-none-eabi/lib/thumb/v7e-m+fp/hard/libc.a(libc_a-findfp.o)
 .debug_abbrev  0x0000328f       0xb7 /opt/local/lib/gcc/arm-none-eabi/13.1.0/../../../../arm-none-eabi/lib/thumb/v7e-m+fp/hard/libc.a(libc_a-memset.o)
 .debug_abbrev  0x00003346      0x185 /opt/local/lib/gcc/arm-none-eabi/13.1.0/../../../../arm-none-eabi/lib/thumb/v7e-m+fp/hard/libc.a(libc_a-impure.o)
 .debug_abbrev  0x000034cb       0xc9 /opt/local/lib/gcc/arm-none-eabi/13.1.0/../../../../arm-none-eabi/lib/thumb/v7e-m+fp/hard/libc.a(libc_a-init.o)
 .debug_abbrev  0x00003594      0x19a /opt/local/lib/gcc/arm-none-eabi/13.1.0/../../../../arm-none-eabi/lib/thumb/v7e-m+fp/hard/libc.a(libc_a-errno.o)
 .debug_abbrev  0x0000372e       0xd7 /opt/local/lib/gcc/arm-none-eabi/13.1.0/../../../../arm-none-eabi/lib/thumb/v7e-m+fp/hard/libm.a(libm_a-w_fmod.o)
 .debug_abbrev  0x00003805      0x100 /opt/local/lib/gcc/arm-none-eabi/13.1.0/../../../../arm-none-eabi/lib/thumb/v7e-m+fp/hard/libm.a(libm_a-w_log10.o)
 .debug_abbrev  0x00003905       0xd7 /opt/local/lib/gcc/arm-none-eabi/13.1.0/../../../../arm-none-eabi/lib/thumb/v7e-m+fp/hard/libm.a(libm_a-w_pow.o)
 .debug_abbrev  0x000039dc       0xd9 /opt/local/lib/gcc/arm-none-eabi/13.1.0/../../../../arm-none-eabi/lib/thumb/v7e-m+fp/hard/libm.a(libm_a-s_finite.o)
 .debug_abbrev  0x00003ab5      0x16d /opt/local/lib/gcc/arm-none-eabi/13.1.0/../../../../arm-none-eabi/lib/thumb/v7e-m+fp/hard/libm.a(libm_a-e_fmod.o)
 .debug_abbrev  0x00003c22      0x12d /opt/local/lib/gcc/arm-none-eabi/13.1.0/../../../../arm-none-eabi/lib/thumb/v7e-m+fp/hard/libm.a(libm_a-s_round.o)
 .debug_abbrev  0x00003d4f       0x77 /opt/local/lib/gcc/arm-none-eabi/13.1.0/../../../../arm-none-eabi/lib/thumb/v7e-m+fp/hard/libm.a(libm_a-s_nan.o)
 .debug_abbrev  0x00003dc6      0x16d /opt/local/lib/gcc/arm-none-eabi/13.1.0/../../../../arm-none-eabi/lib/thumb/v7e-m+fp/hard/libm.a(libm_a-e_log10.o)
 .debug_abbrev  0x00003f33      0x29d /opt/local/lib/gcc/arm-none-eabi/13.1.0/../../../../arm-none-eabi/lib/thumb/v7e-m+fp/hard/libm.a(libm_a-e_pow.o)
 .debug_abbrev  0x000041d0      0x164 /opt/local/lib/gcc/arm-none-eabi/13.1.0/../../../../arm-none-eabi/lib/thumb/v7e-m+fp/hard/libm.a(libm_a-math_err.o)
 .debug_abbrev  0x00004334       0xec /opt/local/lib/gcc/arm-none-eabi/13.1.0/../../../../arm-none-eabi/lib/thumb/v7e-m+fp/hard/libm.a(libm_a-s_fabs.o)
 .debug_abbrev  0x00004420      0x167 /opt/local/lib/gcc/arm-none-eabi/13.1.0/../../../../arm-none-eabi/lib/thumb/v7e-m+fp/hard/libm.a(libm_a-s_scalbn.o)
 .debug_abbrev  0x00004587      0x15e /opt/local/lib/gcc/arm-none-eabi/13.1.0/../../../../arm-none-eabi/lib/thumb/v7e-m+fp/hard/libm.a(libm_a-e_sqrt.o)
 .debug_abbrev  0x000046e5      0x150 /opt/local/lib/gcc/arm-none-eabi/13.1.0/../../../../arm-none-eabi/lib/thumb/v7e-m+fp/hard/libm.a(libm_a-e_log.o)
 .debug_abbrev  0x00004835       0x28 /opt/local/lib/gcc/arm-none-eabi/13.1.0/thumb/v7e-m+fp/hard/libgcc.a(_arm_addsubdf3.o)
 .debug_abbrev  0x0000485d       0x28 /opt/local/lib/gcc/arm-none-eabi/13.1.0/thumb/v7e-m+fp/hard/libgcc.a(_arm_muldivdf3.o)
 .debug_abbrev  0x00004885       0x28 /opt/local/lib/gcc/arm-none-eabi/13.1.0/thumb/v7e-m+fp/hard/libgcc.a(_arm_cmpdf2.o)
 .debug_abbrev  0x000048ad       0x28 /opt/local/lib/gcc/arm-none-eabi/13.1.0/thumb/v7e-m+fp/hard/libgcc.a(_arm_unorddf2.o)
 .debug_abbrev  0x000048d5       0x28 /opt/local/lib/gcc/arm-none-eabi/13.1.0/thumb/v7e-m+fp/hard/libgcc.a(_arm_fixdfsi.o)
 .debug_abbrev  0x000048fd       0x28 /opt/local/lib/gcc/arm-none-eabi/13.1.0/thumb/v7e-m+fp/hard/libgcc.a(_arm_fixunsdfsi.o)
 .debug_abbrev  0x00004925       0x14 /opt/local/lib/gcc/arm-none-eabi/13.1.0/thumb/v7e-m+fp/hard/libgcc.a(_aeabi_uldivmod.o)
 .debug_abbrev  0x00004939      0x16a /opt/local/lib/gcc/arm-none-eabi/13.1.0/thumb/v7e-m+fp/hard/libgcc.a(_udivmoddi4.o)
 .debug_abbrev  0x00004aa3       0x26 /opt/local/lib/gcc/arm-none-eabi/13.1.0/thumb/v7e-m+fp/hard/libgcc.a(_dvmd_tls.o)

.debug_loclists
                0x00000000     0xf850
 .debug_loclists
                0x00000000       0x75 build/debug/Core/Src/adc.o
 .debug_loclists
                0x00000075       0x5d build/debug/Core/Src/i2c.o
 .debug_loclists
                0x000000d2      0x52f build/debug/Core/Src/main.o
 .debug_loclists
                0x00000601      0x2e5 build/debug/Core/Src/salinity.o
 .debug_loclists
                0x000008e6       0xfa build/debug/Core/Src/system_stm32f4xx.o
 .debug_loclists
                0x000009e0       0xa5 build/debug/Core/Src/usart.o
 .debug_loclists
                0x00000a85      0x5b0 build/debug/Core/Src/voltage.o
 .debug_loclists
                0x00001035       0xe1 build/debug/Drivers/STM32F4xx_HAL_Driver/Src/stm32f4xx_hal.o
 .debug_loclists
                0x00001116      0x8af build/debug/Drivers/STM32F4xx_HAL_Driver/Src/stm32f4xx_hal_adc.o
 .debug_loclists
                0x000019c5      0x54d build/debug/Drivers/STM32F4xx_HAL_Driver/Src/stm32f4xx_hal_cortex.o
 .debug_loclists
                0x00001f12      0x88a build/debug/Drivers/STM32F4xx_HAL_Driver/Src/stm32f4xx_hal_dma.o
 .debug_loclists
                0x0000279c      0x386 build/debug/Drivers/STM32F4xx_HAL_Driver/Src/stm32f4xx_hal_gpio.o
 .debug_loclists
                0x00002b22     0x31d0 build/debug/Drivers/STM32F4xx_HAL_Driver/Src/stm32f4xx_hal_i2c.o
 .debug_loclists
                0x00005cf2      0x3e5 build/debug/Drivers/STM32F4xx_HAL_Driver/Src/stm32f4xx_hal_rcc.o
 .debug_loclists
                0x000060d7     0x37d9 build/debug/Drivers/STM32F4xx_HAL_Driver/Src/stm32f4xx_hal_tim.o
 .debug_loclists
                0x000098b0     0x2c89 build/debug/Drivers/STM32F4xx_HAL_Driver/Src/stm32f4xx_hal_uart.o
 .debug_loclists
                0x0000c539      0x1d0 /opt/local/lib/gcc/arm-none-eabi/13.1.0/../../../../arm-none-eabi/lib/thumb/v7e-m+fp/hard/libc.a(libc_a-findfp.o)
 .debug_loclists
                0x0000c709      0x1c2 /opt/local/lib/gcc/arm-none-eabi/13.1.0/../../../../arm-none-eabi/lib/thumb/v7e-m+fp/hard/libc.a(libc_a-memset.o)
 .debug_loclists
                0x0000c8cb       0x65 /opt/local/lib/gcc/arm-none-eabi/13.1.0/../../../../arm-none-eabi/lib/thumb/v7e-m+fp/hard/libc.a(libc_a-init.o)
 .debug_loclists
                0x0000c930       0x7b /opt/local/lib/gcc/arm-none-eabi/13.1.0/../../../../arm-none-eabi/lib/thumb/v7e-m+fp/hard/libm.a(libm_a-w_fmod.o)
 .debug_loclists
                0x0000c9ab       0x5f /opt/local/lib/gcc/arm-none-eabi/13.1.0/../../../../arm-none-eabi/lib/thumb/v7e-m+fp/hard/libm.a(libm_a-w_log10.o)
 .debug_loclists
                0x0000ca0a       0x70 /opt/local/lib/gcc/arm-none-eabi/13.1.0/../../../../arm-none-eabi/lib/thumb/v7e-m+fp/hard/libm.a(libm_a-w_pow.o)
 .debug_loclists
                0x0000ca7a      0x7a4 /opt/local/lib/gcc/arm-none-eabi/13.1.0/../../../../arm-none-eabi/lib/thumb/v7e-m+fp/hard/libm.a(libm_a-e_fmod.o)
 .debug_loclists
                0x0000d21e      0x17b /opt/local/lib/gcc/arm-none-eabi/13.1.0/../../../../arm-none-eabi/lib/thumb/v7e-m+fp/hard/libm.a(libm_a-s_round.o)
 .debug_loclists
                0x0000d399      0x137 /opt/local/lib/gcc/arm-none-eabi/13.1.0/../../../../arm-none-eabi/lib/thumb/v7e-m+fp/hard/libm.a(libm_a-e_log10.o)
 .debug_loclists
                0x0000d4d0      0xe64 /opt/local/lib/gcc/arm-none-eabi/13.1.0/../../../../arm-none-eabi/lib/thumb/v7e-m+fp/hard/libm.a(libm_a-e_pow.o)
 .debug_loclists
                0x0000e334      0x217 /opt/local/lib/gcc/arm-none-eabi/13.1.0/../../../../arm-none-eabi/lib/thumb/v7e-m+fp/hard/libm.a(libm_a-math_err.o)
 .debug_loclists
                0x0000e54b       0x34 /opt/local/lib/gcc/arm-none-eabi/13.1.0/../../../../arm-none-eabi/lib/thumb/v7e-m+fp/hard/libm.a(libm_a-s_fabs.o)
 .debug_loclists
                0x0000e57f      0x13d /opt/local/lib/gcc/arm-none-eabi/13.1.0/../../../../arm-none-eabi/lib/thumb/v7e-m+fp/hard/libm.a(libm_a-s_scalbn.o)
 .debug_loclists
                0x0000e6bc      0x426 /opt/local/lib/gcc/arm-none-eabi/13.1.0/../../../../arm-none-eabi/lib/thumb/v7e-m+fp/hard/libm.a(libm_a-e_sqrt.o)
 .debug_loclists
                0x0000eae2      0x38a /opt/local/lib/gcc/arm-none-eabi/13.1.0/../../../../arm-none-eabi/lib/thumb/v7e-m+fp/hard/libm.a(libm_a-e_log.o)
 .debug_loclists
                0x0000ee6c      0x9e4 /opt/local/lib/gcc/arm-none-eabi/13.1.0/thumb/v7e-m+fp/hard/libgcc.a(_udivmoddi4.o)

.debug_aranges  0x00000000     0x1328
 .debug_aranges
                0x00000000       0x30 build/debug/Core/Src/adc.o
 .debug_aranges
                0x00000030       0x20 build/debug/Core/Src/gpio.o
 .debug_aranges
                0x00000050       0x30 build/debug/Core/Src/i2c.o
 .debug_aranges
                0x00000080       0x70 build/debug/Core/Src/main.o
 .debug_aranges
                0x000000f0       0x48 build/debug/Core/Src/salinity.o
 .debug_aranges
                0x00000138       0x20 build/debug/Core/Src/stm32f4xx_hal_msp.o
 .debug_aranges
                0x00000158       0x70 build/debug/Core/Src/stm32f4xx_it.o
 .debug_aranges
                0x000001c8       0x28 build/debug/Core/Src/system_stm32f4xx.o
 .debug_aranges
                0x000001f0       0x30 build/debug/Core/Src/tim.o
 .debug_aranges
                0x00000220       0x38 build/debug/Core/Src/usart.o
 .debug_aranges
                0x00000258       0x80 build/debug/Core/Src/voltage.o
 .debug_aranges
                0x000002d8       0xf0 build/debug/Drivers/STM32F4xx_HAL_Driver/Src/stm32f4xx_hal.o
 .debug_aranges
                0x000003c8       0xe8 build/debug/Drivers/STM32F4xx_HAL_Driver/Src/stm32f4xx_hal_adc.o
 .debug_aranges
                0x000004b0       0xe8 build/debug/Drivers/STM32F4xx_HAL_Driver/Src/stm32f4xx_hal_cortex.o
 .debug_aranges
                0x00000598       0x90 build/debug/Drivers/STM32F4xx_HAL_Driver/Src/stm32f4xx_hal_dma.o
 .debug_aranges
                0x00000628       0x58 build/debug/Drivers/STM32F4xx_HAL_Driver/Src/stm32f4xx_hal_gpio.o
 .debug_aranges
                0x00000680      0x2a8 build/debug/Drivers/STM32F4xx_HAL_Driver/Src/stm32f4xx_hal_i2c.o
 .debug_aranges
                0x00000928       0x88 build/debug/Drivers/STM32F4xx_HAL_Driver/Src/stm32f4xx_hal_rcc.o
 .debug_aranges
                0x000009b0      0x3d0 build/debug/Drivers/STM32F4xx_HAL_Driver/Src/stm32f4xx_hal_tim.o
 .debug_aranges
                0x00000d80      0x208 build/debug/Drivers/STM32F4xx_HAL_Driver/Src/stm32f4xx_hal_uart.o
 .debug_aranges
                0x00000f88       0x28 build/debug/startup_stm32f401xc.o
 .debug_aranges
                0x00000fb0       0x20 /opt/local/lib/gcc/arm-none-eabi/13.1.0/../../../../arm-none-eabi/lib/thumb/v7e-m+fp/hard/libc.a(libc_a-findfp.o)
 .debug_aranges
                0x00000fd0       0x20 /opt/local/lib/gcc/arm-none-eabi/13.1.0/../../../../arm-none-eabi/lib/thumb/v7e-m+fp/hard/libc.a(libc_a-memset.o)
 .debug_aranges
                0x00000ff0       0x18 /opt/local/lib/gcc/arm-none-eabi/13.1.0/../../../../arm-none-eabi/lib/thumb/v7e-m+fp/hard/libc.a(libc_a-impure.o)
 .debug_aranges
                0x00001008       0x20 /opt/local/lib/gcc/arm-none-eabi/13.1.0/../../../../arm-none-eabi/lib/thumb/v7e-m+fp/hard/libc.a(libc_a-init.o)
 .debug_aranges
                0x00001028       0x20 /opt/local/lib/gcc/arm-none-eabi/13.1.0/../../../../arm-none-eabi/lib/thumb/v7e-m+fp/hard/libc.a(libc_a-errno.o)
 .debug_aranges
                0x00001048       0x20 /opt/local/lib/gcc/arm-none-eabi/13.1.0/../../../../arm-none-eabi/lib/thumb/v7e-m+fp/hard/libm.a(libm_a-w_fmod.o)
 .debug_aranges
                0x00001068       0x20 /opt/local/lib/gcc/arm-none-eabi/13.1.0/../../../../arm-none-eabi/lib/thumb/v7e-m+fp/hard/libm.a(libm_a-w_log10.o)
 .debug_aranges
                0x00001088       0x20 /opt/local/lib/gcc/arm-none-eabi/13.1.0/../../../../arm-none-eabi/lib/thumb/v7e-m+fp/hard/libm.a(libm_a-w_pow.o)
 .debug_aranges
                0x000010a8       0x20 /opt/local/lib/gcc/arm-none-eabi/13.1.0/../../../../arm-none-eabi/lib/thumb/v7e-m+fp/hard/libm.a(libm_a-s_finite.o)
 .debug_aranges
                0x000010c8       0x20 /opt/local/lib/gcc/arm-none-eabi/13.1.0/../../../../arm-none-eabi/lib/thumb/v7e-m+fp/hard/libm.a(libm_a-e_fmod.o)
 .debug_aranges
                0x000010e8       0x20 /opt/local/lib/gcc/arm-none-eabi/13.1.0/../../../../arm-none-eabi/lib/thumb/v7e-m+fp/hard/libm.a(libm_a-s_round.o)
 .debug_aranges
                0x00001108       0x20 /opt/local/lib/gcc/arm-none-eabi/13.1.0/../../../../arm-none-eabi/lib/thumb/v7e-m+fp/hard/libm.a(libm_a-s_nan.o)
 .debug_aranges
                0x00001128       0x20 /opt/local/lib/gcc/arm-none-eabi/13.1.0/../../../../arm-none-eabi/lib/thumb/v7e-m+fp/hard/libm.a(libm_a-e_log10.o)
 .debug_aranges
                0x00001148       0x20 /opt/local/lib/gcc/arm-none-eabi/13.1.0/../../../../arm-none-eabi/lib/thumb/v7e-m+fp/hard/libm.a(libm_a-e_pow.o)
 .debug_aranges
                0x00001168       0x20 /opt/local/lib/gcc/arm-none-eabi/13.1.0/../../../../arm-none-eabi/lib/thumb/v7e-m+fp/hard/libm.a(libm_a-math_err.o)
 .debug_aranges
                0x00001188       0x20 /opt/local/lib/gcc/arm-none-eabi/13.1.0/../../../../arm-none-eabi/lib/thumb/v7e-m+fp/hard/libm.a(libm_a-s_fabs.o)
 .debug_aranges
                0x000011a8       0x20 /opt/local/lib/gcc/arm-none-eabi/13.1.0/../../../../arm-none-eabi/lib/thumb/v7e-m+fp/hard/libm.a(libm_a-s_scalbn.o)
 .debug_aranges
                0x000011c8       0x20 /opt/local/lib/gcc/arm-none-eabi/13.1.0/../../../../arm-none-eabi/lib/thumb/v7e-m+fp/hard/libm.a(libm_a-e_sqrt.o)
 .debug_aranges
                0x000011e8       0x20 /opt/local/lib/gcc/arm-none-eabi/13.1.0/../../../../arm-none-eabi/lib/thumb/v7e-m+fp/hard/libm.a(libm_a-e_log.o)
 .debug_aranges
                0x00001208       0x20 /opt/local/lib/gcc/arm-none-eabi/13.1.0/thumb/v7e-m+fp/hard/libgcc.a(_arm_addsubdf3.o)
 .debug_aranges
                0x00001228       0x20 /opt/local/lib/gcc/arm-none-eabi/13.1.0/thumb/v7e-m+fp/hard/libgcc.a(_arm_muldivdf3.o)
 .debug_aranges
                0x00001248       0x20 /opt/local/lib/gcc/arm-none-eabi/13.1.0/thumb/v7e-m+fp/hard/libgcc.a(_arm_cmpdf2.o)
 .debug_aranges
                0x00001268       0x20 /opt/local/lib/gcc/arm-none-eabi/13.1.0/thumb/v7e-m+fp/hard/libgcc.a(_arm_unorddf2.o)
 .debug_aranges
                0x00001288       0x20 /opt/local/lib/gcc/arm-none-eabi/13.1.0/thumb/v7e-m+fp/hard/libgcc.a(_arm_fixdfsi.o)
 .debug_aranges
                0x000012a8       0x20 /opt/local/lib/gcc/arm-none-eabi/13.1.0/thumb/v7e-m+fp/hard/libgcc.a(_arm_fixunsdfsi.o)
 .debug_aranges
                0x000012c8       0x20 /opt/local/lib/gcc/arm-none-eabi/13.1.0/thumb/v7e-m+fp/hard/libgcc.a(_aeabi_uldivmod.o)
 .debug_aranges
                0x000012e8       0x20 /opt/local/lib/gcc/arm-none-eabi/13.1.0/thumb/v7e-m+fp/hard/libgcc.a(_udivmoddi4.o)
 .debug_aranges
                0x00001308       0x20 /opt/local/lib/gcc/arm-none-eabi/13.1.0/thumb/v7e-m+fp/hard/libgcc.a(_dvmd_tls.o)

.debug_rnglists
                0x00000000      0xec8
 .debug_rnglists
                0x00000000       0x20 build/debug/Core/Src/adc.o
 .debug_rnglists
                0x00000020       0x14 build/debug/Core/Src/gpio.o
 .debug_rnglists
                0x00000034       0x1f build/debug/Core/Src/i2c.o
 .debug_rnglists
                0x00000053       0x77 build/debug/Core/Src/main.o
 .debug_rnglists
                0x000000ca       0x41 build/debug/Core/Src/salinity.o
 .debug_rnglists
                0x0000010b       0x13 build/debug/Core/Src/stm32f4xx_hal_msp.o
 .debug_rnglists
                0x0000011e       0x4f build/debug/Core/Src/stm32f4xx_it.o
 .debug_rnglists
                0x0000016d       0x1a build/debug/Core/Src/system_stm32f4xx.o
 .debug_rnglists
                0x00000187       0x1f build/debug/Core/Src/tim.o
 .debug_rnglists
                0x000001a6       0x26 build/debug/Core/Src/usart.o
 .debug_rnglists
                0x000001cc       0x69 build/debug/Core/Src/voltage.o
 .debug_rnglists
                0x00000235       0xaf build/debug/Drivers/STM32F4xx_HAL_Driver/Src/stm32f4xx_hal.o
 .debug_rnglists
                0x000002e4       0xb0 build/debug/Drivers/STM32F4xx_HAL_Driver/Src/stm32f4xx_hal_adc.o
 .debug_rnglists
                0x00000394       0xa9 build/debug/Drivers/STM32F4xx_HAL_Driver/Src/stm32f4xx_hal_cortex.o
 .debug_rnglists
                0x0000043d       0x6c build/debug/Drivers/STM32F4xx_HAL_Driver/Src/stm32f4xx_hal_dma.o
 .debug_rnglists
                0x000004a9       0x3f build/debug/Drivers/STM32F4xx_HAL_Driver/Src/stm32f4xx_hal_gpio.o
 .debug_rnglists
                0x000004e8      0x236 build/debug/Drivers/STM32F4xx_HAL_Driver/Src/stm32f4xx_hal_i2c.o
 .debug_rnglists
                0x0000071e       0x75 build/debug/Drivers/STM32F4xx_HAL_Driver/Src/stm32f4xx_hal_rcc.o
 .debug_rnglists
                0x00000793      0x2ff build/debug/Drivers/STM32F4xx_HAL_Driver/Src/stm32f4xx_hal_tim.o
 .debug_rnglists
                0x00000a92      0x1a1 build/debug/Drivers/STM32F4xx_HAL_Driver/Src/stm32f4xx_hal_uart.o
 .debug_rnglists
                0x00000c33       0x19 build/debug/startup_stm32f401xc.o
 .debug_rnglists
                0x00000c4c       0x77 /opt/local/lib/gcc/arm-none-eabi/13.1.0/../../../../arm-none-eabi/lib/thumb/v7e-m+fp/hard/libc.a(libc_a-findfp.o)
 .debug_rnglists
                0x00000cc3       0x27 /opt/local/lib/gcc/arm-none-eabi/13.1.0/../../../../arm-none-eabi/lib/thumb/v7e-m+fp/hard/libm.a(libm_a-e_fmod.o)
 .debug_rnglists
                0x00000cea       0x24 /opt/local/lib/gcc/arm-none-eabi/13.1.0/../../../../arm-none-eabi/lib/thumb/v7e-m+fp/hard/libm.a(libm_a-s_round.o)
 .debug_rnglists
                0x00000d0e       0x28 /opt/local/lib/gcc/arm-none-eabi/13.1.0/../../../../arm-none-eabi/lib/thumb/v7e-m+fp/hard/libm.a(libm_a-e_log10.o)
 .debug_rnglists
                0x00000d36       0xb6 /opt/local/lib/gcc/arm-none-eabi/13.1.0/../../../../arm-none-eabi/lib/thumb/v7e-m+fp/hard/libm.a(libm_a-e_pow.o)
 .debug_rnglists
                0x00000dec       0x24 /opt/local/lib/gcc/arm-none-eabi/13.1.0/../../../../arm-none-eabi/lib/thumb/v7e-m+fp/hard/libm.a(libm_a-s_scalbn.o)
 .debug_rnglists
                0x00000e10       0x13 /opt/local/lib/gcc/arm-none-eabi/13.1.0/../../../../arm-none-eabi/lib/thumb/v7e-m+fp/hard/libm.a(libm_a-e_sqrt.o)
 .debug_rnglists
                0x00000e23       0x21 /opt/local/lib/gcc/arm-none-eabi/13.1.0/../../../../arm-none-eabi/lib/thumb/v7e-m+fp/hard/libm.a(libm_a-e_log.o)
 .debug_rnglists
                0x00000e44       0x84 /opt/local/lib/gcc/arm-none-eabi/13.1.0/thumb/v7e-m+fp/hard/libgcc.a(_udivmoddi4.o)

.debug_line     0x00000000    0x18d96
 .debug_line    0x00000000      0x2f4 build/debug/Core/Src/adc.o
 .debug_line    0x000002f4      0x1f8 build/debug/Core/Src/gpio.o
 .debug_line    0x000004ec      0x27e build/debug/Core/Src/i2c.o
 .debug_line    0x0000076a      0xa2b build/debug/Core/Src/main.o
 .debug_line    0x00001195      0x5c2 build/debug/Core/Src/salinity.o
 .debug_line    0x00001757      0x10b build/debug/Core/Src/stm32f4xx_hal_msp.o
 .debug_line    0x00001862      0x25f build/debug/Core/Src/stm32f4xx_it.o
 .debug_line    0x00001ac1      0x202 build/debug/Core/Src/system_stm32f4xx.o
 .debug_line    0x00001cc3      0x211 build/debug/Core/Src/tim.o
 .debug_line    0x00001ed4      0x354 build/debug/Core/Src/usart.o
 .debug_line    0x00002228      0x5ac build/debug/Core/Src/voltage.o
 .debug_line    0x000027d4      0x51b build/debug/Drivers/STM32F4xx_HAL_Driver/Src/stm32f4xx_hal.o
 .debug_line    0x00002cef      0xf9d build/debug/Drivers/STM32F4xx_HAL_Driver/Src/stm32f4xx_hal_adc.o
 .debug_line    0x00003c8c      0x7c3 build/debug/Drivers/STM32F4xx_HAL_Driver/Src/stm32f4xx_hal_cortex.o
 .debug_line    0x0000444f      0xde7 build/debug/Drivers/STM32F4xx_HAL_Driver/Src/stm32f4xx_hal_dma.o
 .debug_line    0x00005236      0x66d build/debug/Drivers/STM32F4xx_HAL_Driver/Src/stm32f4xx_hal_gpio.o
 .debug_line    0x000058a3     0x5425 build/debug/Drivers/STM32F4xx_HAL_Driver/Src/stm32f4xx_hal_i2c.o
 .debug_line    0x0000acc8      0xb38 build/debug/Drivers/STM32F4xx_HAL_Driver/Src/stm32f4xx_hal_rcc.o
 .debug_line    0x0000b800     0x4624 build/debug/Drivers/STM32F4xx_HAL_Driver/Src/stm32f4xx_hal_tim.o
 .debug_line    0x0000fe24     0x3471 build/debug/Drivers/STM32F4xx_HAL_Driver/Src/stm32f4xx_hal_uart.o
 .debug_line    0x00013295       0x76 build/debug/startup_stm32f401xc.o
 .debug_line    0x0001330b      0x68d /opt/local/lib/gcc/arm-none-eabi/13.1.0/../../../../arm-none-eabi/lib/thumb/v7e-m+fp/hard/libc.a(libc_a-findfp.o)
 .debug_line    0x00013998      0x2eb /opt/local/lib/gcc/arm-none-eabi/13.1.0/../../../../arm-none-eabi/lib/thumb/v7e-m+fp/hard/libc.a(libc_a-memset.o)
 .debug_line    0x00013c83      0x21c /opt/local/lib/gcc/arm-none-eabi/13.1.0/../../../../arm-none-eabi/lib/thumb/v7e-m+fp/hard/libc.a(libc_a-impure.o)
 .debug_line    0x00013e9f      0x1f7 /opt/local/lib/gcc/arm-none-eabi/13.1.0/../../../../arm-none-eabi/lib/thumb/v7e-m+fp/hard/libc.a(libc_a-init.o)
 .debug_line    0x00014096      0x241 /opt/local/lib/gcc/arm-none-eabi/13.1.0/../../../../arm-none-eabi/lib/thumb/v7e-m+fp/hard/libc.a(libc_a-errno.o)
 .debug_line    0x000142d7      0x314 /opt/local/lib/gcc/arm-none-eabi/13.1.0/../../../../arm-none-eabi/lib/thumb/v7e-m+fp/hard/libm.a(libm_a-w_fmod.o)
 .debug_line    0x000145eb      0x330 /opt/local/lib/gcc/arm-none-eabi/13.1.0/../../../../arm-none-eabi/lib/thumb/v7e-m+fp/hard/libm.a(libm_a-w_log10.o)
 .debug_line    0x0001491b      0x385 /opt/local/lib/gcc/arm-none-eabi/13.1.0/../../../../arm-none-eabi/lib/thumb/v7e-m+fp/hard/libm.a(libm_a-w_pow.o)
 .debug_line    0x00014ca0      0x259 /opt/local/lib/gcc/arm-none-eabi/13.1.0/../../../../arm-none-eabi/lib/thumb/v7e-m+fp/hard/libm.a(libm_a-s_finite.o)
 .debug_line    0x00014ef9      0x7ea /opt/local/lib/gcc/arm-none-eabi/13.1.0/../../../../arm-none-eabi/lib/thumb/v7e-m+fp/hard/libm.a(libm_a-e_fmod.o)
 .debug_line    0x000156e3      0x3f2 /opt/local/lib/gcc/arm-none-eabi/13.1.0/../../../../arm-none-eabi/lib/thumb/v7e-m+fp/hard/libm.a(libm_a-s_round.o)
 .debug_line    0x00015ad5      0x181 /opt/local/lib/gcc/arm-none-eabi/13.1.0/../../../../arm-none-eabi/lib/thumb/v7e-m+fp/hard/libm.a(libm_a-s_nan.o)
 .debug_line    0x00015c56      0x38a /opt/local/lib/gcc/arm-none-eabi/13.1.0/../../../../arm-none-eabi/lib/thumb/v7e-m+fp/hard/libm.a(libm_a-e_log10.o)
 .debug_line    0x00015fe0      0xd04 /opt/local/lib/gcc/arm-none-eabi/13.1.0/../../../../arm-none-eabi/lib/thumb/v7e-m+fp/hard/libm.a(libm_a-e_pow.o)
 .debug_line    0x00016ce4      0x417 /opt/local/lib/gcc/arm-none-eabi/13.1.0/../../../../arm-none-eabi/lib/thumb/v7e-m+fp/hard/libm.a(libm_a-math_err.o)
 .debug_line    0x000170fb      0x2f4 /opt/local/lib/gcc/arm-none-eabi/13.1.0/../../../../arm-none-eabi/lib/thumb/v7e-m+fp/hard/libm.a(libm_a-s_fabs.o)
 .debug_line    0x000173ef      0x366 /opt/local/lib/gcc/arm-none-eabi/13.1.0/../../../../arm-none-eabi/lib/thumb/v7e-m+fp/hard/libm.a(libm_a-s_scalbn.o)
 .debug_line    0x00017755      0x60d /opt/local/lib/gcc/arm-none-eabi/13.1.0/../../../../arm-none-eabi/lib/thumb/v7e-m+fp/hard/libm.a(libm_a-e_sqrt.o)
 .debug_line    0x00017d62      0x503 /opt/local/lib/gcc/arm-none-eabi/13.1.0/../../../../arm-none-eabi/lib/thumb/v7e-m+fp/hard/libm.a(libm_a-e_log.o)
 .debug_line    0x00018265      0x16f /opt/local/lib/gcc/arm-none-eabi/13.1.0/thumb/v7e-m+fp/hard/libgcc.a(_arm_addsubdf3.o)
 .debug_line    0x000183d4      0x184 /opt/local/lib/gcc/arm-none-eabi/13.1.0/thumb/v7e-m+fp/hard/libgcc.a(_arm_muldivdf3.o)
 .debug_line    0x00018558       0xa6 /opt/local/lib/gcc/arm-none-eabi/13.1.0/thumb/v7e-m+fp/hard/libgcc.a(_arm_cmpdf2.o)
 .debug_line    0x000185fe       0x57 /opt/local/lib/gcc/arm-none-eabi/13.1.0/thumb/v7e-m+fp/hard/libgcc.a(_arm_unorddf2.o)
 .debug_line    0x00018655       0x62 /opt/local/lib/gcc/arm-none-eabi/13.1.0/thumb/v7e-m+fp/hard/libgcc.a(_arm_fixdfsi.o)
 .debug_line    0x000186b7       0x5e /opt/local/lib/gcc/arm-none-eabi/13.1.0/thumb/v7e-m+fp/hard/libgcc.a(_arm_fixunsdfsi.o)
 .debug_line    0x00018715       0x4e /opt/local/lib/gcc/arm-none-eabi/13.1.0/thumb/v7e-m+fp/hard/libgcc.a(_aeabi_uldivmod.o)
 .debug_line    0x00018763      0x5e9 /opt/local/lib/gcc/arm-none-eabi/13.1.0/thumb/v7e-m+fp/hard/libgcc.a(_udivmoddi4.o)
 .debug_line    0x00018d4c       0x4a /opt/local/lib/gcc/arm-none-eabi/13.1.0/thumb/v7e-m+fp/hard/libgcc.a(_dvmd_tls.o)

.debug_str      0x00000000     0x6b70
 .debug_str     0x00000000     0x6b70 build/debug/Core/Src/adc.o
                                0x7fb (size before relaxing)
 .debug_str     0x00006b70      0x388 build/debug/Core/Src/gpio.o
 .debug_str     0x00006b70      0x8bd build/debug/Core/Src/i2c.o
 .debug_str     0x00006b70     0x152f build/debug/Core/Src/main.o
 .debug_str     0x00006b70      0x935 build/debug/Core/Src/salinity.o
 .debug_str     0x00006b70      0x2c9 build/debug/Core/Src/stm32f4xx_hal_msp.o
 .debug_str     0x00006b70      0x6f4 build/debug/Core/Src/stm32f4xx_it.o
 .debug_str     0x00006b70      0x383 build/debug/Core/Src/system_stm32f4xx.o
 .debug_str     0x00006b70      0x878 build/debug/Core/Src/tim.o
 .debug_str     0x00006b70      0xc1d build/debug/Core/Src/usart.o
 .debug_str     0x00006b70      0xf3d build/debug/Core/Src/voltage.o
 .debug_str     0x00006b70      0xa10 build/debug/Drivers/STM32F4xx_HAL_Driver/Src/stm32f4xx_hal.o
 .debug_str     0x00006b70      0x95e build/debug/Drivers/STM32F4xx_HAL_Driver/Src/stm32f4xx_hal_adc.o
 .debug_str     0x00006b70      0xadd build/debug/Drivers/STM32F4xx_HAL_Driver/Src/stm32f4xx_hal_cortex.o
 .debug_str     0x00006b70      0x772 build/debug/Drivers/STM32F4xx_HAL_Driver/Src/stm32f4xx_hal_dma.o
 .debug_str     0x00006b70      0x4ee build/debug/Drivers/STM32F4xx_HAL_Driver/Src/stm32f4xx_hal_gpio.o
 .debug_str     0x00006b70     0x103e build/debug/Drivers/STM32F4xx_HAL_Driver/Src/stm32f4xx_hal_i2c.o
 .debug_str     0x00006b70      0x714 build/debug/Drivers/STM32F4xx_HAL_Driver/Src/stm32f4xx_hal_rcc.o
 .debug_str     0x00006b70     0x16fb build/debug/Drivers/STM32F4xx_HAL_Driver/Src/stm32f4xx_hal_tim.o
 .debug_str     0x00006b70      0xd97 build/debug/Drivers/STM32F4xx_HAL_Driver/Src/stm32f4xx_hal_uart.o
 .debug_str     0x00006b70       0x81 build/debug/startup_stm32f401xc.o
 .debug_str     0x00006b70      0x76c /opt/local/lib/gcc/arm-none-eabi/13.1.0/../../../../arm-none-eabi/lib/thumb/v7e-m+fp/hard/libc.a(libc_a-findfp.o)
 .debug_str     0x00006b70      0x265 /opt/local/lib/gcc/arm-none-eabi/13.1.0/../../../../arm-none-eabi/lib/thumb/v7e-m+fp/hard/libc.a(libc_a-memset.o)
 .debug_str     0x00006b70      0x569 /opt/local/lib/gcc/arm-none-eabi/13.1.0/../../../../arm-none-eabi/lib/thumb/v7e-m+fp/hard/libc.a(libc_a-impure.o)
 .debug_str     0x00006b70      0x2b2 /opt/local/lib/gcc/arm-none-eabi/13.1.0/../../../../arm-none-eabi/lib/thumb/v7e-m+fp/hard/libc.a(libc_a-init.o)
 .debug_str     0x00006b70      0x55e /opt/local/lib/gcc/arm-none-eabi/13.1.0/../../../../arm-none-eabi/lib/thumb/v7e-m+fp/hard/libc.a(libc_a-errno.o)
 .debug_str     0x00006b70      0x295 /opt/local/lib/gcc/arm-none-eabi/13.1.0/../../../../arm-none-eabi/lib/thumb/v7e-m+fp/hard/libm.a(libm_a-w_fmod.o)
 .debug_str     0x00006b70      0x29a /opt/local/lib/gcc/arm-none-eabi/13.1.0/../../../../arm-none-eabi/lib/thumb/v7e-m+fp/hard/libm.a(libm_a-w_log10.o)
 .debug_str     0x00006b70      0x297 /opt/local/lib/gcc/arm-none-eabi/13.1.0/../../../../arm-none-eabi/lib/thumb/v7e-m+fp/hard/libm.a(libm_a-w_pow.o)
 .debug_str     0x00006b70      0x2a3 /opt/local/lib/gcc/arm-none-eabi/13.1.0/../../../../arm-none-eabi/lib/thumb/v7e-m+fp/hard/libm.a(libm_a-s_finite.o)
 .debug_str     0x00006b70      0x2be /opt/local/lib/gcc/arm-none-eabi/13.1.0/../../../../arm-none-eabi/lib/thumb/v7e-m+fp/hard/libm.a(libm_a-e_fmod.o)
 .debug_str     0x00006b70      0x2cc /opt/local/lib/gcc/arm-none-eabi/13.1.0/../../../../arm-none-eabi/lib/thumb/v7e-m+fp/hard/libm.a(libm_a-s_round.o)
 .debug_str     0x00006b70      0x263 /opt/local/lib/gcc/arm-none-eabi/13.1.0/../../../../arm-none-eabi/lib/thumb/v7e-m+fp/hard/libm.a(libm_a-s_nan.o)
 .debug_str     0x00006b70      0x31a /opt/local/lib/gcc/arm-none-eabi/13.1.0/../../../../arm-none-eabi/lib/thumb/v7e-m+fp/hard/libm.a(libm_a-e_log10.o)
 .debug_str     0x00006b70      0x3ca /opt/local/lib/gcc/arm-none-eabi/13.1.0/../../../../arm-none-eabi/lib/thumb/v7e-m+fp/hard/libm.a(libm_a-e_pow.o)
 .debug_str     0x00006b70      0x367 /opt/local/lib/gcc/arm-none-eabi/13.1.0/../../../../arm-none-eabi/lib/thumb/v7e-m+fp/hard/libm.a(libm_a-math_err.o)
 .debug_str     0x00006b70      0x290 /opt/local/lib/gcc/arm-none-eabi/13.1.0/../../../../arm-none-eabi/lib/thumb/v7e-m+fp/hard/libm.a(libm_a-s_fabs.o)
 .debug_str     0x00006b70      0x2e7 /opt/local/lib/gcc/arm-none-eabi/13.1.0/../../../../arm-none-eabi/lib/thumb/v7e-m+fp/hard/libm.a(libm_a-s_scalbn.o)
 .debug_str     0x00006b70      0x302 /opt/local/lib/gcc/arm-none-eabi/13.1.0/../../../../arm-none-eabi/lib/thumb/v7e-m+fp/hard/libm.a(libm_a-e_sqrt.o)
 .debug_str     0x00006b70      0x30f /opt/local/lib/gcc/arm-none-eabi/13.1.0/../../../../arm-none-eabi/lib/thumb/v7e-m+fp/hard/libm.a(libm_a-e_log.o)
 .debug_str     0x00006b70      0x209 /opt/local/lib/gcc/arm-none-eabi/13.1.0/thumb/v7e-m+fp/hard/libgcc.a(_arm_addsubdf3.o)
 .debug_str     0x00006b70      0x189 /opt/local/lib/gcc/arm-none-eabi/13.1.0/thumb/v7e-m+fp/hard/libgcc.a(_arm_muldivdf3.o)
 .debug_str     0x00006b70      0x212 /opt/local/lib/gcc/arm-none-eabi/13.1.0/thumb/v7e-m+fp/hard/libgcc.a(_arm_cmpdf2.o)
 .debug_str     0x00006b70      0x177 /opt/local/lib/gcc/arm-none-eabi/13.1.0/thumb/v7e-m+fp/hard/libgcc.a(_arm_unorddf2.o)
 .debug_str     0x00006b70      0x174 /opt/local/lib/gcc/arm-none-eabi/13.1.0/thumb/v7e-m+fp/hard/libgcc.a(_arm_fixdfsi.o)
 .debug_str     0x00006b70      0x178 /opt/local/lib/gcc/arm-none-eabi/13.1.0/thumb/v7e-m+fp/hard/libgcc.a(_arm_fixunsdfsi.o)
 .debug_str     0x00006b70      0x158 /opt/local/lib/gcc/arm-none-eabi/13.1.0/thumb/v7e-m+fp/hard/libgcc.a(_aeabi_uldivmod.o)
 .debug_str     0x00006b70      0x731 /opt/local/lib/gcc/arm-none-eabi/13.1.0/thumb/v7e-m+fp/hard/libgcc.a(_udivmoddi4.o)
 .debug_str     0x00006b70      0x178 /opt/local/lib/gcc/arm-none-eabi/13.1.0/thumb/v7e-m+fp/hard/libgcc.a(_dvmd_tls.o)

.debug_frame    0x00000000     0x3414
 .debug_frame   0x00000000       0x6c build/debug/Core/Src/adc.o
 .debug_frame   0x0000006c       0x34 build/debug/Core/Src/gpio.o
 .debug_frame   0x000000a0       0x64 build/debug/Core/Src/i2c.o
 .debug_frame   0x00000104      0x194 build/debug/Core/Src/main.o
 .debug_frame   0x00000298      0x10c build/debug/Core/Src/salinity.o
 .debug_frame   0x000003a4       0x28 build/debug/Core/Src/stm32f4xx_hal_msp.o
 .debug_frame   0x000003cc       0xd8 build/debug/Core/Src/stm32f4xx_it.o
 .debug_frame   0x000004a4       0x30 build/debug/Core/Src/system_stm32f4xx.o
 .debug_frame   0x000004d4       0x50 build/debug/Core/Src/tim.o
 .debug_frame   0x00000524       0x78 build/debug/Core/Src/usart.o
 .debug_frame   0x0000059c      0x178 build/debug/Core/Src/voltage.o
 .debug_frame   0x00000714      0x1ec build/debug/Drivers/STM32F4xx_HAL_Driver/Src/stm32f4xx_hal.o
 .debug_frame   0x00000900      0x268 build/debug/Drivers/STM32F4xx_HAL_Driver/Src/stm32f4xx_hal_adc.o
 .debug_frame   0x00000b68      0x1f4 build/debug/Drivers/STM32F4xx_HAL_Driver/Src/stm32f4xx_hal_cortex.o
 .debug_frame   0x00000d5c      0x188 build/debug/Drivers/STM32F4xx_HAL_Driver/Src/stm32f4xx_hal_dma.o
 .debug_frame   0x00000ee4       0xd8 build/debug/Drivers/STM32F4xx_HAL_Driver/Src/stm32f4xx_hal_gpio.o
 .debug_frame   0x00000fbc      0x988 build/debug/Drivers/STM32F4xx_HAL_Driver/Src/stm32f4xx_hal_i2c.o
 .debug_frame   0x00001944      0x16c build/debug/Drivers/STM32F4xx_HAL_Driver/Src/stm32f4xx_hal_rcc.o