Archive member included to satisfy reference by file (symbol)

/opt/local/lib/gcc/arm-none-eabi/13.1.0/../../../../arm-none-eabi/lib/thumb/v7e-m+fp/hard/libc.a(libc_a-atexit.o)
                              /opt/local/lib/gcc/arm-none-eabi/13.1.0/../../../../arm-none-eabi/lib/thumb/v7e-m+fp/hard/crt0.o (atexit)
/opt/local/lib/gcc/arm-none-eabi/13.1.0/../../../../arm-none-eabi/lib/thumb/v7e-m+fp/hard/libc.a(libc_a-exit.o)
                              /opt/local/lib/gcc/arm-none-eabi/13.1.0/../../../../arm-none-eabi/lib/thumb/v7e-m+fp/hard/crt0.o (exit)
/opt/local/lib/gcc/arm-none-eabi/13.1.0/../../../../arm-none-eabi/lib/thumb/v7e-m+fp/hard/libc.a(libc_a-sprintf.o)
                              build/debug/Core/Src/main.o (sprintf)
/opt/local/lib/gcc/arm-none-eabi/13.1.0/../../../../arm-none-eabi/lib/thumb/v7e-m+fp/hard/libc.a(libc_a-findfp.o)
                              /opt/local/lib/gcc/arm-none-eabi/13.1.0/../../../../arm-none-eabi/lib/thumb/v7e-m+fp/hard/libc.a(libc_a-exit.o) (__stdio_exit_handler)
/opt/local/lib/gcc/arm-none-eabi/13.1.0/../../../../arm-none-eabi/lib/thumb/v7e-m+fp/hard/libc.a(libc_a-fwalk.o)
                              /opt/local/lib/gcc/arm-none-eabi/13.1.0/../../../../arm-none-eabi/lib/thumb/v7e-m+fp/hard/libc.a(libc_a-findfp.o) (_fwalk_sglue)
/opt/local/lib/gcc/arm-none-eabi/13.1.0/../../../../arm-none-eabi/lib/thumb/v7e-m+fp/hard/libc.a(libc_a-memset.o)
                              /opt/local/lib/gcc/arm-none-eabi/13.1.0/../../../../arm-none-eabi/lib/thumb/v7e-m+fp/hard/crt0.o (memset)
/opt/local/lib/gcc/arm-none-eabi/13.1.0/../../../../arm-none-eabi/lib/thumb/v7e-m+fp/hard/libc.a(libc_a-impure.o)
                              /opt/local/lib/gcc/arm-none-eabi/13.1.0/../../../../arm-none-eabi/lib/thumb/v7e-m+fp/hard/libc.a(libc_a-sprintf.o) (_impure_ptr)
/opt/local/lib/gcc/arm-none-eabi/13.1.0/../../../../arm-none-eabi/lib/thumb/v7e-m+fp/hard/libc.a(libc_a-init.o)
                              /opt/local/lib/gcc/arm-none-eabi/13.1.0/../../../../arm-none-eabi/lib/thumb/v7e-m+fp/hard/crt0.o (__libc_init_array)
/opt/local/lib/gcc/arm-none-eabi/13.1.0/../../../../arm-none-eabi/lib/thumb/v7e-m+fp/hard/libc.a(libc_a-fini.o)
                              /opt/local/lib/gcc/arm-none-eabi/13.1.0/../../../../arm-none-eabi/lib/thumb/v7e-m+fp/hard/crt0.o (__libc_fini_array)
/opt/local/lib/gcc/arm-none-eabi/13.1.0/../../../../arm-none-eabi/lib/thumb/v7e-m+fp/hard/libc.a(libc_a-strlen.o)
                              build/debug/Core/Src/main.o (strlen)
/opt/local/lib/gcc/arm-none-eabi/13.1.0/../../../../arm-none-eabi/lib/thumb/v7e-m+fp/hard/libc.a(libc_a-__atexit.o)
                              /opt/local/lib/gcc/arm-none-eabi/13.1.0/../../../../arm-none-eabi/lib/thumb/v7e-m+fp/hard/libc.a(libc_a-atexit.o) (__register_exitproc)
/opt/local/lib/gcc/arm-none-eabi/13.1.0/../../../../arm-none-eabi/lib/thumb/v7e-m+fp/hard/libc.a(libc_a-__call_atexit.o)
                              /opt/local/lib/gcc/arm-none-eabi/13.1.0/../../../../arm-none-eabi/lib/thumb/v7e-m+fp/hard/libc.a(libc_a-exit.o) (__call_exitprocs)
/opt/local/lib/gcc/arm-none-eabi/13.1.0/../../../../arm-none-eabi/lib/thumb/v7e-m+fp/hard/libc.a(libc_a-mallocr.o)
                              /opt/local/lib/gcc/arm-none-eabi/13.1.0/../../../../arm-none-eabi/lib/thumb/v7e-m+fp/hard/libc.a(libc_a-findfp.o) (_malloc_r)
/opt/local/lib/gcc/arm-none-eabi/13.1.0/../../../../arm-none-eabi/lib/thumb/v7e-m+fp/hard/libc.a(libc_a-svfprintf.o)
                              /opt/local/lib/gcc/arm-none-eabi/13.1.0/../../../../arm-none-eabi/lib/thumb/v7e-m+fp/hard/libc.a(libc_a-sprintf.o) (_svfprintf_r)
/opt/local/lib/gcc/arm-none-eabi/13.1.0/../../../../arm-none-eabi/lib/thumb/v7e-m+fp/hard/libc.a(libc_a-mlock.o)
                              /opt/local/lib/gcc/arm-none-eabi/13.1.0/../../../../arm-none-eabi/lib/thumb/v7e-m+fp/hard/libc.a(libc_a-mallocr.o) (__malloc_lock)
/opt/local/lib/gcc/arm-none-eabi/13.1.0/../../../../arm-none-eabi/lib/thumb/v7e-m+fp/hard/libc.a(libc_a-fclose.o)
                              /opt/local/lib/gcc/arm-none-eabi/13.1.0/../../../../arm-none-eabi/lib/thumb/v7e-m+fp/hard/libc.a(libc_a-findfp.o) (_fclose_r)
/opt/local/lib/gcc/arm-none-eabi/13.1.0/../../../../arm-none-eabi/lib/thumb/v7e-m+fp/hard/libc.a(libc_a-fflush.o)
                              /opt/local/lib/gcc/arm-none-eabi/13.1.0/../../../../arm-none-eabi/lib/thumb/v7e-m+fp/hard/libc.a(libc_a-fclose.o) (__sflush_r)
/opt/local/lib/gcc/arm-none-eabi/13.1.0/../../../../arm-none-eabi/lib/thumb/v7e-m+fp/hard/libc.a(libc_a-stdio.o)
                              /opt/local/lib/gcc/arm-none-eabi/13.1.0/../../../../arm-none-eabi/lib/thumb/v7e-m+fp/hard/libc.a(libc_a-findfp.o) (__sread)
/opt/local/lib/gcc/arm-none-eabi/13.1.0/../../../../arm-none-eabi/lib/thumb/v7e-m+fp/hard/libc.a(libc_a-localeconv.o)
                              /opt/local/lib/gcc/arm-none-eabi/13.1.0/../../../../arm-none-eabi/lib/thumb/v7e-m+fp/hard/libc.a(libc_a-svfprintf.o) (_localeconv_r)
[...]
Memory Configuration

Name             Origin             Length             Attributes
RAM              0x20000000         0x00010000         xrw
FLASH            0x08000000         0x00040000         xr
*default*        0x00000000         0xffffffff

Linker script and memory map

LOAD /opt/local/lib/gcc/arm-none-eabi/13.1.0/thumb/v7e-m+fp/hard/crti.o
LOAD /opt/local/lib/gcc/arm-none-eabi/13.1.0/thumb/v7e-m+fp/hard/crtbegin.o
LOAD /opt/local/lib/gcc/arm-none-eabi/13.1.0/../../../../arm-none-eabi/lib/thumb/v7e-m+fp/hard/crt0.o
LOAD build/debug/Core/Src/adc.o
LOAD build/debug/Core/Src/gpio.o
LOAD build/debug/Core/Src/i2c.o
LOAD build/debug/Core/Src/main.o
LOAD build/debug/Core/Src/salinity.o
LOAD build/debug/Core/Src/stm32f4xx_hal_msp.o
LOAD build/debug/Core/Src/stm32f4xx_it.o
LOAD build/debug/Core/Src/system_stm32f4xx.o
LOAD build/debug/Core/Src/tim.o
LOAD build/debug/Core/Src/usart.o
LOAD build/debug/Core/Src/voltage.o
LOAD build/debug/Drivers/STM32F4xx_HAL_Driver/Src/stm32f4xx_hal.o
LOAD build/debug/Drivers/STM32F4xx_HAL_Driver/Src/stm32f4xx_hal_adc.o
LOAD build/debug/Drivers/STM32F4xx_HAL_Driver/Src/stm32f4xx_hal_adc_ex.o
LOAD build/debug/Drivers/STM32F4xx_HAL_Driver/Src/stm32f4xx_hal_cortex.o
LOAD build/debug/Drivers/STM32F4xx_HAL_Driver/Src/stm32f4xx_hal_dma.o
LOAD build/debug/Drivers/STM32F4xx_HAL_Driver/Src/stm32f4xx_hal_dma_ex.o
LOAD build/debug/Drivers/STM32F4xx_HAL_Driver/Src/stm32f4xx_hal_exti.o
LOAD build/debug/Drivers/STM32F4xx_HAL_Driver/Src/stm32f4xx_hal_flash.o
LOAD build/debug/Drivers/STM32F4xx_HAL_Driver/Src/stm32f4xx_hal_flash_ex.o
LOAD build/debug/Drivers/STM32F4xx_HAL_Driver/Src/stm32f4xx_hal_flash_ramfunc.o
LOAD build/debug/Drivers/STM32F4xx_HAL_Driver/Src/stm32f4xx_hal_gpio.o
LOAD build/debug/Drivers/STM32F4xx_HAL_Driver/Src/stm32f4xx_hal_i2c.o
LOAD build/debug/Drivers/STM32F4xx_HAL_Driver/Src/stm32f4xx_hal_i2c_ex.o
LOAD build/debug/Drivers/STM32F4xx_HAL_Driver/Src/stm32f4xx_hal_pwr.o
LOAD build/debug/Drivers/STM32F4xx_HAL_Driver/Src/stm32f4xx_hal_pwr_ex.o
LOAD build/debug/Drivers/STM32F4xx_HAL_Driver/Src/stm32f4xx_hal_rcc.o
LOAD build/debug/Drivers/STM32F4xx_HAL_Driver/Src/stm32f4xx_hal_rcc_ex.o
LOAD build/debug/Drivers/STM32F4xx_HAL_Driver/Src/stm32f4xx_hal_tim.o
LOAD build/debug/Drivers/STM32F4xx_HAL_Driver/Src/stm32f4xx_hal_tim_ex.o
LOAD build/debug/Drivers/STM32F4xx_HAL_Driver/Src/stm32f4xx_hal_uart.o
LOAD build/debug/Drivers/STM32F4xx_HAL_Driver/Src/stm32f4xx_ll_adc.o
LOAD build/debug/startup_stm32f401xc.o
LOAD /opt/local/lib/gcc/arm-none-eabi/13.1.0/../../../../arm-none-eabi/lib/thumb/v7e-m+fp/hard/libc.a
LOAD /opt/local/lib/gcc/arm-none-eabi/13.1.0/../../../../arm-none-eabi/lib/thumb/v7e-m+fp/hard/libm.a
LOAD /opt/local/lib/gcc/arm-none-eabi/13.1.0/../../../../arm-none-eabi/lib/thumb/v7e-m+fp/hard/libnosys.a
START GROUP
LOAD /opt/local/lib/gcc/arm-none-eabi/13.1.0/thumb/v7e-m+fp/hard/libgcc.a
LOAD /opt/local/lib/gcc/arm-none-eabi/13.1.0/../../../../arm-none-eabi/lib/thumb/v7e-m+fp/hard/libc.a
END GROUP
LOAD /opt/local/lib/gcc/arm-none-eabi/13.1.0/thumb/v7e-m+fp/hard/crtend.o
LOAD /opt/local/lib/gcc/arm-none-eabi/13.1.0/thumb/v7e-m+fp/hard/crtn.o
                0x20010000                        _estack = (ORIGIN (RAM) + LENGTH (RAM))
                0x00000200                        _Min_Heap_Size = 0x200
                0x00000400                        _Min_Stack_Size = 0x400

.isr_vector     0x08000000      0x194
                0x08000000                        . = ALIGN (0x4)
 *(.isr_vector)
 .isr_vector    0x08000000      0x194 build/debug/startup_stm32f401xc.o
                0x08000000                g_pfnVectors
                0x08000194                        . = ALIGN (0x4)

.text           0x080001c0     0xe6b8
                0x080001c0                        . = ALIGN (0x4)
 *(.text)
 .text          0x080001c0       0x88 /opt/local/lib/gcc/arm-none-eabi/13.1.0/thumb/v7e-m+fp/hard/crtbegin.o
 .text          0x08000248       0x78 /opt/local/lib/gcc/arm-none-eabi/13.1.0/../../../../arm-none-eabi/lib/thumb/v7e-m+fp/hard/libc.a(libc_a-sprintf.o)
                0x08000248                _sprintf_r
                0x08000280                sprintf
 .text          0x080002c0      0x224 /opt/local/lib/gcc/arm-none-eabi/13.1.0/../../../../arm-none-eabi/lib/thumb/v7e-m+fp/hard/libc.a(libc_a-findfp.o)
                0x080003f0                __sfp
                0x08000494                __sinit
                0x080004b4                __sfp_lock_acquire
                0x080004b8                __sfp_lock_release
                0x080004bc                __fp_lock_all
                0x080004d0                __fp_unlock_all
 .text          0x080004e4       0x44 /opt/local/lib/gcc/arm-none-eabi/13.1.0/../../../../arm-none-eabi/lib/thumb/v7e-m+fp/hard/libc.a(libc_a-fwalk.o)
                0x080004e4                _fwalk_sglue
 .text          0x08000528       0xa4 /opt/local/lib/gcc/arm-none-eabi/13.1.0/../../../../arm-none-eabi/lib/thumb/v7e-m+fp/hard/libc.a(libc_a-memset.o)
                0x08000528                memset
 .text          0x080005cc       0x50 /opt/local/lib/gcc/arm-none-eabi/13.1.0/../../../../arm-none-eabi/lib/thumb/v7e-m+fp/hard/libc.a(libc_a-init.o)
                0x080005cc                __libc_init_array
 *fill*         0x0800061c       0x24 
 .text          0x08000640       0xd8 /opt/local/lib/gcc/arm-none-eabi/13.1.0/../../../../arm-none-eabi/lib/thumb/v7e-m+fp/hard/libc.a(libc_a-strlen.o)
                0x08000640                strlen
 .text          0x08000718      0x554 /opt/local/lib/gcc/arm-none-eabi/13.1.0/../../../../arm-none-eabi/lib/thumb/v7e-m+fp/hard/libc.a(libc_a-mallocr.o)
                0x08000718                _malloc_r
 *fill*         0x08000c6c        0x4 
 .text          0x08000c70     0x12b4 /opt/local/lib/gcc/arm-none-eabi/13.1.0/../../../../arm-none-eabi/lib/thumb/v7e-m+fp/hard/libc.a(libc_a-svfprintf.o)
                0x08000c70                _svfprintf_r
 .text          0x08001f24        0x8 /opt/local/lib/gcc/arm-none-eabi/13.1.0/../../../../arm-none-eabi/lib/thumb/v7e-m+fp/hard/libc.a(libc_a-mlock.o)
                0x08001f24                __malloc_lock
                0x08001f28                __malloc_unlock
 .text          0x08001f2c       0x90 /opt/local/lib/gcc/arm-none-eabi/13.1.0/../../../../arm-none-eabi/lib/thumb/v7e-m+fp/hard/libc.a(libc_a-fclose.o)
                0x08001f2c                _fclose_r
                0x08001fac                fclose
 .text          0x08001fbc      0x1ac /opt/local/lib/gcc/arm-none-eabi/13.1.0/../../../../arm-none-eabi/lib/thumb/v7e-m+fp/hard/libc.a(libc_a-fflush.o)
                0x08001fbc                __sflush_r
                0x080020f4                _fflush_r
                0x08002120                fflush
 .text          0x08002168       0x94 /opt/local/lib/gcc/arm-none-eabi/13.1.0/../../../../arm-none-eabi/lib/thumb/v7e-m+fp/hard/libc.a(libc_a-stdio.o)
                0x08002168                __sread
                0x0800218c                __seofread
                0x08002190                __swrite
                0x080021d0                __sseek
                0x080021f4                __sclose
 .text          0x080021fc       0x14 /opt/local/lib/gcc/arm-none-eabi/13.1.0/../../../../arm-none-eabi/lib/thumb/v7e-m+fp/hard/libc.a(libc_a-localeconv.o)
                0x080021fc                __localeconv_l
                0x08002200                _localeconv_r
                0x08002208                localeconv
 .text          0x08002210       0x24 /opt/local/lib/gcc/arm-none-eabi/13.1.0/../../../../arm-none-eabi/lib/thumb/v7e-m+fp/hard/libc.a(libc_a-closer.o)
                0x08002210                _close_r
 .text          0x08002234       0x2c /opt/local/lib/gcc/arm-none-eabi/13.1.0/../../../../arm-none-eabi/lib/thumb/v7e-m+fp/hard/libc.a(libc_a-lseekr.o)
                0x08002234                _lseek_r
 .text          0x08002260       0x2c /opt/local/lib/gcc/arm-none-eabi/13.1.0/../../../../arm-none-eabi/lib/thumb/v7e-m+fp/hard/libc.a(libc_a-readr.o)
                0x08002260                _read_r
 .text          0x0800228c       0x24 /opt/local/lib/gcc/arm-none-eabi/13.1.0/../../../../arm-none-eabi/lib/thumb/v7e-m+fp/hard/libc.a(libc_a-sbrkr.o)
                0x0800228c                _sbrk_r
 .text          0x080022b0       0x2c /opt/local/lib/gcc/arm-none-eabi/13.1.0/../../../../arm-none-eabi/lib/thumb/v7e-m+fp/hard/libc.a(libc_a-writer.o)
                0x080022b0                _write_r
 .text          0x080022dc       0x1c /opt/local/lib/gcc/arm-none-eabi/13.1.0/../../../../arm-none-eabi/lib/thumb/v7e-m+fp/hard/libc.a(libc_a-sysconf.o)
                0x080022dc                sysconf
 *fill*         0x080022f8        0x8 
 .text          0x08002300       0xa0 /opt/local/lib/gcc/arm-none-eabi/13.1.0/../../../../arm-none-eabi/lib/thumb/v7e-m+fp/hard/libc.a(libc_a-memchr.o)
                0x08002300                memchr
 .text          0x080023a0      0xfb0 /opt/local/lib/gcc/arm-none-eabi/13.1.0/../../../../arm-none-eabi/lib/thumb/v7e-m+fp/hard/libc.a(libc_a-dtoa.o)
                0x080024cc                _dtoa_r
 .text          0x08003350      0x2b0 /opt/local/lib/gcc/arm-none-eabi/13.1.0/../../../../arm-none-eabi/lib/thumb/v7e-m+fp/hard/libc.a(libc_a-freer.o)
                0x08003350                _malloc_trim_r
                0x08003408                _free_r
 .text          0x08003600      0xa5c /opt/local/lib/gcc/arm-none-eabi/13.1.0/../../../../arm-none-eabi/lib/thumb/v7e-m+fp/hard/libc.a(libc_a-svfiprintf.o)
                0x08003600                __ssprint_r
                0x08003708                _svfiprintf_r
 .text          0x0800405c      0xab8 /opt/local/lib/gcc/arm-none-eabi/13.1.0/../../../../arm-none-eabi/lib/thumb/v7e-m+fp/hard/libc.a(libc_a-mprec.o)
                0x0800405c                _Balloc
                0x080040a8                _Bfree
                0x080040bc                __multadd
                0x0800415c                __s2b
                0x08004210                __hi0bits
                0x08004254                __lo0bits
                0x080042b4                __i2b
                0x08004310                __multiply
                0x0800447c                __pow5mult
                0x08004530                __lshift
                0x08004620                __mcmp
                0x08004664                __mdiff
                0x080047dc                __ulp
                0x08004840                __b2d
                0x080048fc                __d2b
                0x080049bc                __ratio
                0x08004a1c                _mprec_log10
                0x08004a5c                __copybits
                0x08004ab8                __any_on
 .text          0x08004b14      0x344 /opt/local/lib/gcc/arm-none-eabi/13.1.0/../../../../arm-none-eabi/lib/thumb/v7e-m+fp/hard/libc.a(libc_a-reallocr.o)
                0x08004b14                _realloc_r
 .text          0x08004e58      0x100 /opt/local/lib/gcc/arm-none-eabi/13.1.0/../../../../arm-none-eabi/lib/thumb/v7e-m+fp/hard/libc.a(libc_a-memmove.o)
                0x08004e58                memmove
 .text          0x08004f58       0x8c /opt/local/lib/gcc/arm-none-eabi/13.1.0/../../../../arm-none-eabi/lib/thumb/v7e-m+fp/hard/libc.a(libc_a-locale.o)
                0x08004f58                _setlocale_r
                0x08004f98                __locale_mb_cur_max
                0x08004fa4                setlocale
 .text          0x08004fe4        0xc /opt/local/lib/gcc/arm-none-eabi/13.1.0/../../../../arm-none-eabi/lib/thumb/v7e-m+fp/hard/libc.a(libc_a-errno.o)
                0x08004fe4                __errno
 *fill*         0x08004ff0       0x10 
 .text          0x08005000      0x2e0 /opt/local/lib/gcc/arm-none-eabi/13.1.0/../../../../arm-none-eabi/lib/thumb/v7e-m+fp/hard/libc.a(libc_a-strcmp.o)
                0x08005000                strcmp
 .text          0x080052e0      0x134 /opt/local/lib/gcc/arm-none-eabi/13.1.0/../../../../arm-none-eabi/lib/thumb/v7e-m+fp/hard/libc.a(libc_a-memcpy.o)
                0x080052e0                memcpy
 .text          0x08005414       0x4c /opt/local/lib/gcc/arm-none-eabi/13.1.0/../../../../arm-none-eabi/lib/thumb/v7e-m+fp/hard/libc.a(libc_a-assert.o)
                0x08005414                __assert_func
                0x08005454                __assert
 .text          0x08005460       0x6c /opt/local/lib/gcc/arm-none-eabi/13.1.0/../../../../arm-none-eabi/lib/thumb/v7e-m+fp/hard/libc.a(libc_a-callocr.o)
                0x08005460                _calloc_r
 .text          0x080054cc       0x44 /opt/local/lib/gcc/arm-none-eabi/13.1.0/../../../../arm-none-eabi/lib/thumb/v7e-m+fp/hard/libc.a(libc_a-fiprintf.o)
                0x080054cc                _fiprintf_r
                0x080054e8                fiprintf
 .text          0x08005510       0x40 /opt/local/lib/gcc/arm-none-eabi/13.1.0/../../../../arm-none-eabi/lib/thumb/v7e-m+fp/hard/libc.a(libc_a-mbtowc_r.o)
                0x08005510                _mbtowc_r
                0x08005524                __ascii_mbtowc
 .text          0x08005550      0xc0c /opt/local/lib/gcc/arm-none-eabi/13.1.0/../../../../arm-none-eabi/lib/thumb/v7e-m+fp/hard/libc.a(libc_a-vfiprintf.o)
                0x080055c8                __sprint_r
                0x080055e0                _vfiprintf_r
                0x080060d4                vfiprintf
 .text          0x0800615c       0x30 /opt/local/lib/gcc/arm-none-eabi/13.1.0/../../../../arm-none-eabi/lib/thumb/v7e-m+fp/hard/libc.a(libc_a-wctomb_r.o)
                0x0800615c                _wctomb_r
                0x08006170                __ascii_wctomb
 .text          0x0800618c      0x300 /opt/local/lib/gcc/arm-none-eabi/13.1.0/../../../../arm-none-eabi/lib/thumb/v7e-m+fp/hard/libc.a(libc_a-fvwrite.o)
                0x0800618c                __sfvwrite_r
 .text          0x0800648c       0xc4 /opt/local/lib/gcc/arm-none-eabi/13.1.0/../../../../arm-none-eabi/lib/thumb/v7e-m+fp/hard/libc.a(libc_a-wsetup.o)
                0x0800648c                __swsetup_r
 .text          0x08006550       0xec /opt/local/lib/gcc/arm-none-eabi/13.1.0/../../../../arm-none-eabi/lib/thumb/v7e-m+fp/hard/libc.a(libc_a-fputwc.o)
                0x08006550                __fputwc
                0x080065cc                _fputwc_r
                0x080065f4                fputwc
 .text          0x0800663c       0x7c /opt/local/lib/gcc/arm-none-eabi/13.1.0/../../../../arm-none-eabi/lib/thumb/v7e-m+fp/hard/libc.a(libc_a-wcrtomb.o)
                0x0800663c                _wcrtomb_r
                0x08006670                wcrtomb
 .text          0x080066b8       0x10 /opt/local/lib/gcc/arm-none-eabi/13.1.0/../../../../arm-none-eabi/lib/thumb/v7e-m+fp/hard/libc.a(libc_a-abort.o)
                0x080066b8                abort
 .text          0x080066c8      0x13c /opt/local/lib/gcc/arm-none-eabi/13.1.0/../../../../arm-none-eabi/lib/thumb/v7e-m+fp/hard/libc.a(libc_a-makebuf.o)
                0x080066c8                __smakebuf_r
                0x080067a4                __swhatbuf_r
 .text          0x08006804       0xc4 /opt/local/lib/gcc/arm-none-eabi/13.1.0/../../../../arm-none-eabi/lib/thumb/v7e-m+fp/hard/libc.a(libc_a-wbuf.o)
                0x08006804                __swbuf_r
                0x080068b0                __swbuf
 .text          0x080068c8      0x280 /opt/local/lib/gcc/arm-none-eabi/13.1.0/../../../../arm-none-eabi/lib/thumb/v7e-m+fp/hard/libc.a(libc_a-signal.o)
                0x080068c8                _init_signal_r
                0x080068f8                _signal_r
                0x08006948                _raise_r
                0x0800699c                __sigtramp_r
                0x08006a00                raise
                0x08006a58                signal
                0x08006aa8                _init_signal
                0x08006ae0                __sigtramp
 .text          0x08006b48       0x2c /opt/local/lib/gcc/arm-none-eabi/13.1.0/../../../../arm-none-eabi/lib/thumb/v7e-m+fp/hard/libc.a(libc_a-fstatr.o)
                0x08006b48                _fstat_r
 .text          0x08006b74       0x24 /opt/local/lib/gcc/arm-none-eabi/13.1.0/../../../../arm-none-eabi/lib/thumb/v7e-m+fp/hard/libc.a(libc_a-isattyr.o)
                0x08006b74                _isatty_r
 .text          0x08006b98       0x30 /opt/local/lib/gcc/arm-none-eabi/13.1.0/../../../../arm-none-eabi/lib/thumb/v7e-m+fp/hard/libc.a(libc_a-signalr.o)
                0x08006b98                _kill_r
                0x08006bc4                _getpid_r
 .text          0x08006bc8       0x6c /opt/local/lib/gcc/arm-none-eabi/13.1.0/../../../../arm-none-eabi/lib/thumb/v7e-m+fp/hard/libm.a(libm_a-w_fmod.o)
                0x08006bc8                fmod
 *fill*         0x08006c34        0x4 
 .text          0x08006c38       0x84 /opt/local/lib/gcc/arm-none-eabi/13.1.0/../../../../arm-none-eabi/lib/thumb/v7e-m+fp/hard/libm.a(libm_a-w_log10.o)
                0x08006c38                log10
 *fill*         0x08006cbc        0x4 
 .text          0x08006cc0       0xf0 /opt/local/lib/gcc/arm-none-eabi/13.1.0/../../../../arm-none-eabi/lib/thumb/v7e-m+fp/hard/libm.a(libm_a-w_pow.o)
                0x08006cc0                pow
 .text          0x08006db0       0x18 /opt/local/lib/gcc/arm-none-eabi/13.1.0/../../../../arm-none-eabi/lib/thumb/v7e-m+fp/hard/libm.a(libm_a-s_finite.o)
                0x08006db0                finite
 .text          0x08006dc8       0x90 /opt/local/lib/gcc/arm-none-eabi/13.1.0/../../../../arm-none-eabi/lib/thumb/v7e-m+fp/hard/libm.a(libm_a-s_sin.o)
                0x08006dc8                sin
 .text          0x08006e58      0x30c /opt/local/lib/gcc/arm-none-eabi/13.1.0/../../../../arm-none-eabi/lib/thumb/v7e-m+fp/hard/libm.a(libm_a-e_fmod.o)
                0x08006e58                __ieee754_fmod
 .text          0x08007164       0xa0 /opt/local/lib/gcc/arm-none-eabi/13.1.0/../../../../arm-none-eabi/lib/thumb/v7e-m+fp/hard/libm.a(libm_a-s_round.o)
                0x08007164                round
 *fill*         0x08007204        0x4 
 .text          0x08007208       0x10 /opt/local/lib/gcc/arm-none-eabi/13.1.0/../../../../arm-none-eabi/lib/thumb/v7e-m+fp/hard/libm.a(libm_a-s_nan.o)
                0x08007208                nan
 .text          0x08007218      0x134 /opt/local/lib/gcc/arm-none-eabi/13.1.0/../../../../arm-none-eabi/lib/thumb/v7e-m+fp/hard/libm.a(libm_a-e_log10.o)
                0x08007218                __ieee754_log10
 *fill*         0x0800734c        0x4 
 .text          0x08007350      0xbfc /opt/local/lib/gcc/arm-none-eabi/13.1.0/../../../../arm-none-eabi/lib/thumb/v7e-m+fp/hard/libm.a(libm_a-e_pow.o)
                0x08007350                __ieee754_pow
 *fill*         0x08007f4c        0x4 
 .text          0x08007f50      0x424 /opt/local/lib/gcc/arm-none-eabi/13.1.0/../../../../arm-none-eabi/lib/thumb/v7e-m+fp/hard/libm.a(libm_a-e_rem_pio2.o)
                0x08007f50                __ieee754_rem_pio2
 *fill*         0x08008374        0x4 
 .text          0x08008378      0x180 /opt/local/lib/gcc/arm-none-eabi/13.1.0/../../../../arm-none-eabi/lib/thumb/v7e-m+fp/hard/libm.a(libm_a-math_err.o)
                0x080083d0                __math_uflow
                0x080083e0                __math_may_uflow
                0x080083f0                __math_oflow
                0x08008400                __math_divzero
                0x08008434                __math_invalid
                0x08008480                __math_check_uflow
                0x080084b8                __math_check_oflow
 .text          0x080084f8      0x82c /opt/local/lib/gcc/arm-none-eabi/13.1.0/../../../../arm-none-eabi/lib/thumb/v7e-m+fp/hard/libm.a(libm_a-k_rem_pio2.o)
                0x080084f8                __kernel_rem_pio2
 *fill*         0x08008d24        0x4 
 .text          0x08008d28      0x26c /opt/local/lib/gcc/arm-none-eabi/13.1.0/../../../../arm-none-eabi/lib/thumb/v7e-m+fp/hard/libm.a(libm_a-k_cos.o)
                0x08008d28                __kernel_cos
 *fill*         0x08008f94        0x4 
 .text          0x08008f98      0x17c /opt/local/lib/gcc/arm-none-eabi/13.1.0/../../../../arm-none-eabi/lib/thumb/v7e-m+fp/hard/libm.a(libm_a-k_sin.o)
                0x08008f98                __kernel_sin
 .text          0x08009114       0x10 /opt/local/lib/gcc/arm-none-eabi/13.1.0/../../../../arm-none-eabi/lib/thumb/v7e-m+fp/hard/libm.a(libm_a-s_fabs.o)
                0x08009114                fabs
 *fill*         0x08009124        0x4 
 .text          0x08009128      0x114 /opt/local/lib/gcc/arm-none-eabi/13.1.0/../../../../arm-none-eabi/lib/thumb/v7e-m+fp/hard/libm.a(libm_a-s_scalbn.o)
                0x08009128                scalbn
 .text          0x0800923c      0x1ec /opt/local/lib/gcc/arm-none-eabi/13.1.0/../../../../arm-none-eabi/lib/thumb/v7e-m+fp/hard/libm.a(libm_a-e_sqrt.o)
                0x0800923c                __ieee754_sqrt
 .text          0x08009428      0x108 /opt/local/lib/gcc/arm-none-eabi/13.1.0/../../../../arm-none-eabi/lib/thumb/v7e-m+fp/hard/libm.a(libm_a-s_floor.o)
                0x08009428                floor
 .text          0x08009530      0x3b8 /opt/local/lib/gcc/arm-none-eabi/13.1.0/../../../../arm-none-eabi/lib/thumb/v7e-m+fp/hard/libm.a(libm_a-e_log.o)
                0x08009530                __ieee754_log
 .text          0x080098e8       0x10 /opt/local/lib/gcc/arm-none-eabi/13.1.0/../../../../arm-none-eabi/lib/thumb/v7e-m+fp/hard/libnosys.a(close.o)
                0x080098e8                _close
 .text          0x080098f8       0x10 /opt/local/lib/gcc/arm-none-eabi/13.1.0/../../../../arm-none-eabi/lib/thumb/v7e-m+fp/hard/libnosys.a(fstat.o)
                0x080098f8                _fstat
 .text          0x08009908       0x10 /opt/local/lib/gcc/arm-none-eabi/13.1.0/../../../../arm-none-eabi/lib/thumb/v7e-m+fp/hard/libnosys.a(getpid.o)
                0x08009908                _getpid
 .text          0x08009918       0x10 /opt/local/lib/gcc/arm-none-eabi/13.1.0/../../../../arm-none-eabi/lib/thumb/v7e-m+fp/hard/libnosys.a(isatty.o)
                0x08009918                _isatty
 .text          0x08009928       0x10 /opt/local/lib/gcc/arm-none-eabi/13.1.0/../../../../arm-none-eabi/lib/thumb/v7e-m+fp/hard/libnosys.a(kill.o)
                0x08009928                _kill
 .text          0x08009938       0x10 /opt/local/lib/gcc/arm-none-eabi/13.1.0/../../../../arm-none-eabi/lib/thumb/v7e-m+fp/hard/libnosys.a(lseek.o)
                0x08009938                _lseek
 .text          0x08009948       0x10 /opt/local/lib/gcc/arm-none-eabi/13.1.0/../../../../arm-none-eabi/lib/thumb/v7e-m+fp/hard/libnosys.a(read.o)
                0x08009948                _read
 .text          0x08009958       0x1c /opt/local/lib/gcc/arm-none-eabi/13.1.0/../../../../arm-none-eabi/lib/thumb/v7e-m+fp/hard/libnosys.a(sbrk.o)
                0x08009958                _sbrk
 .text          0x08009974       0x10 /opt/local/lib/gcc/arm-none-eabi/13.1.0/../../../../arm-none-eabi/lib/thumb/v7e-m+fp/hard/libnosys.a(write.o)
                0x08009974                _write
 .text          0x08009984        0x4 /opt/local/lib/gcc/arm-none-eabi/13.1.0/../../../../arm-none-eabi/lib/thumb/v7e-m+fp/hard/libnosys.a(_exit.o)
                0x08009984                _exit
 .text          0x08009988      0x378 /opt/local/lib/gcc/arm-none-eabi/13.1.0/thumb/v7e-m+fp/hard/libgcc.a(_arm_addsubdf3.o)
                0x08009988                __aeabi_drsub
                0x08009990                __subdf3
                0x08009990                __aeabi_dsub
                0x08009994                __aeabi_dadd
                0x08009994                __adddf3
                0x08009c0c                __aeabi_ui2d
                0x08009c0c                __floatunsidf
                0x08009c2c                __floatsidf
                0x08009c2c                __aeabi_i2d
                0x08009c50                __extendsfdf2
                0x08009c50                __aeabi_f2d
                0x08009c94                __aeabi_ul2d
                0x08009c94                __floatundidf
                0x08009ca4                __aeabi_l2d
                0x08009ca4                __floatdidf
 .text          0x08009d00      0x424 /opt/local/lib/gcc/arm-none-eabi/13.1.0/thumb/v7e-m+fp/hard/libgcc.a(_arm_muldivdf3.o)
                0x08009d00                __aeabi_dmul
                0x08009d00                __muldf3
                0x08009f54                __aeabi_ddiv
                0x08009f54                __divdf3
 .text          0x0800a124      0x110 /opt/local/lib/gcc/arm-none-eabi/13.1.0/thumb/v7e-m+fp/hard/libgcc.a(_arm_cmpdf2.o)
                0x0800a124                __gedf2
                0x0800a124                __gtdf2
                0x0800a12c                __ledf2
                0x0800a12c                __ltdf2
                0x0800a134                __cmpdf2
                0x0800a134                __eqdf2
                0x0800a134                __nedf2
                0x0800a1b0                __aeabi_cdrcmple
                0x0800a1c0                __aeabi_cdcmple
                0x0800a1c0                __aeabi_cdcmpeq
                0x0800a1d0                __aeabi_dcmpeq
                0x0800a1e4                __aeabi_dcmplt
                0x0800a1f8                __aeabi_dcmple
                0x0800a20c                __aeabi_dcmpge
                0x0800a220                __aeabi_dcmpgt
 .text          0x0800a234       0x2c /opt/local/lib/gcc/arm-none-eabi/13.1.0/thumb/v7e-m+fp/hard/libgcc.a(_arm_unorddf2.o)
                0x0800a234                __aeabi_dcmpun
                0x0800a234                __unorddf2
 .text          0x0800a260       0x50 /opt/local/lib/gcc/arm-none-eabi/13.1.0/thumb/v7e-m+fp/hard/libgcc.a(_arm_fixdfsi.o)
                0x0800a260                __fixdfsi
                0x0800a260                __aeabi_d2iz
 .text          0x0800a2b0       0x40 /opt/local/lib/gcc/arm-none-eabi/13.1.0/thumb/v7e-m+fp/hard/libgcc.a(_arm_fixunsdfsi.o)
                0x0800a2b0                __fixunsdfsi
                0x0800a2b0                __aeabi_d2uiz
 .text          0x0800a2f0       0x30 /opt/local/lib/gcc/arm-none-eabi/13.1.0/thumb/v7e-m+fp/hard/libgcc.a(_aeabi_uldivmod.o)
                0x0800a2f0                __aeabi_uldivmod
 .text          0x0800a320      0x2bc /opt/local/lib/gcc/arm-none-eabi/13.1.0/thumb/v7e-m+fp/hard/libgcc.a(_udivmoddi4.o)
                0x0800a320                __udivmoddi4
 .text          0x0800a5dc        0x4 /opt/local/lib/gcc/arm-none-eabi/13.1.0/thumb/v7e-m+fp/hard/libgcc.a(_dvmd_tls.o)
                0x0800a5dc                __aeabi_ldiv0
                0x0800a5dc                __aeabi_idiv0
 *(.text*)
 .text.MX_ADC1_Init
                0x0800a5e0       0x6c build/debug/Core/Src/adc.o
                0x0800a5e0                MX_ADC1_Init
 .text.HAL_ADC_MspInit
                0x0800a64c       0x90 build/debug/Core/Src/adc.o
                0x0800a64c                HAL_ADC_MspInit
 .text.MX_GPIO_Init
                0x0800a6dc      0x118 build/debug/Core/Src/gpio.o
                0x0800a6dc                MX_GPIO_Init
 .text.MX_I2C1_Init
                0x0800a7f4       0x3c build/debug/Core/Src/i2c.o
                0x0800a7f4                MX_I2C1_Init
 .text.HAL_I2C_MspInit
                0x0800a830       0x70 build/debug/Core/Src/i2c.o
                0x0800a830                HAL_I2C_MspInit
 .text.MX_NVIC_Init
                0x0800a8a0       0x24 build/debug/Core/Src/main.o
 .text.transmit_sample_data_binary
                0x0800a8c4       0x8c build/debug/Core/Src/main.o
                0x0800a8c4                transmit_sample_data_binary
 .text.Error_Handler
                0x0800a950       0x24 build/debug/Core/Src/main.o
                0x0800a950                Error_Handler
 .text.SystemClock_Config
                0x0800a974       0x8c build/debug/Core/Src/main.o
                0x0800a974                SystemClock_Config
 .text.rs485_transmit
                0x0800aa00       0x3c build/debug/Core/Src/main.o
                0x0800aa00                rs485_transmit
 *fill*         0x0800aa3c        0x4 
 .text.rs485_transmit_double
                0x0800aa40      0x278 build/debug/Core/Src/main.o
                0x0800aa40                rs485_transmit_double
 .text.rs485_receive_IT
                0x0800acb8       0x38 build/debug/Core/Src/main.o
                0x0800acb8                rs485_receive_IT
 .text.main     0x0800acf0      0x2cc build/debug/Core/Src/main.o
                0x0800acf0                main
 .text.HAL_UART_RxCpltCallback
                0x0800afbc      0x110 build/debug/Core/Src/main.o
                0x0800afbc                HAL_UART_RxCpltCallback
 *fill*         0x0800b0cc        0x4 
 .text.calculate_salinity
                0x0800b0d0      0x4b8 build/debug/Core/Src/salinity.o
                0x0800b0d0                calculate_salinity
 .text.calculate_average_resistance
                0x0800b588       0x46 build/debug/Core/Src/salinity.o
                0x0800b588                calculate_average_resistance
 *fill*         0x0800b5ce        0x2 
 .text.calculate_conductivity
                0x0800b5d0       0x50 build/debug/Core/Src/salinity.o
                0x0800b5d0                calculate_conductivity
 .text.calculate_resistance
                0x0800b620       0xa8 build/debug/Core/Src/salinity.o
                0x0800b620                calculate_resistance
 .text.measure_temperature
                0x0800b6c8       0xd4 build/debug/Core/Src/salinity.o
                0x0800b6c8                measure_temperature
 *fill*         0x0800b79c        0x4 
 .text.measure_pressure
                0x0800b7a0       0xf4 build/debug/Core/Src/salinity.o
                0x0800b7a0                measure_pressure
 .text.HAL_MspInit
                0x0800b894       0x38 build/debug/Core/Src/stm32f4xx_hal_msp.o
                0x0800b894                HAL_MspInit
 .text.NMI_Handler
                0x0800b8cc        0x2 build/debug/Core/Src/stm32f4xx_it.o
                0x0800b8cc                NMI_Handler
 .text.HardFault_Handler
                0x0800b8ce        0x2 build/debug/Core/Src/stm32f4xx_it.o
                0x0800b8ce                HardFault_Handler
 .text.MemManage_Handler
                0x0800b8d0        0x2 build/debug/Core/Src/stm32f4xx_it.o
                0x0800b8d0                MemManage_Handler
 .text.BusFault_Handler
                0x0800b8d2        0x2 build/debug/Core/Src/stm32f4xx_it.o
                0x0800b8d2                BusFault_Handler
 .text.UsageFault_Handler
                0x0800b8d4        0x2 build/debug/Core/Src/stm32f4xx_it.o
                0x0800b8d4                UsageFault_Handler
 .text.SVC_Handler
                0x0800b8d6        0x2 build/debug/Core/Src/stm32f4xx_it.o
                0x0800b8d6                SVC_Handler
 .text.DebugMon_Handler
                0x0800b8d8        0x2 build/debug/Core/Src/stm32f4xx_it.o
                0x0800b8d8                DebugMon_Handler
 .text.PendSV_Handler
                0x0800b8da        0x2 build/debug/Core/Src/stm32f4xx_it.o
                0x0800b8da                PendSV_Handler
 .text.SysTick_Handler
                0x0800b8dc        0x8 build/debug/Core/Src/stm32f4xx_it.o
                0x0800b8dc                SysTick_Handler
 .text.USART1_IRQHandler
                0x0800b8e4       0x10 build/debug/Core/Src/stm32f4xx_it.o
                0x0800b8e4                USART1_IRQHandler
 .text.USART6_IRQHandler
                0x0800b8f4       0x10 build/debug/Core/Src/stm32f4xx_it.o
                0x0800b8f4                USART6_IRQHandler
 .text.SystemInit
                0x0800b904       0x14 build/debug/Core/Src/system_stm32f4xx.o
                0x0800b904                SystemInit
 .text.MX_TIM10_Init
                0x0800b918       0x30 build/debug/Core/Src/tim.o
                0x0800b918                MX_TIM10_Init
 .text.HAL_TIM_Base_MspInit
                0x0800b948       0x30 build/debug/Core/Src/tim.o
                0x0800b948                HAL_TIM_Base_MspInit
 .text.MX_USART1_UART_Init
                0x0800b978       0x34 build/debug/Core/Src/usart.o
                0x0800b978                MX_USART1_UART_Init
 .text.MX_USART6_UART_Init
                0x0800b9ac       0x34 build/debug/Core/Src/usart.o
                0x0800b9ac                MX_USART6_UART_Init
 .text.HAL_UART_MspInit
                0x0800b9e0       0xc8 build/debug/Core/Src/usart.o
                0x0800b9e0                HAL_UART_MspInit
 .text.us_delay
                0x0800baa8       0x14 build/debug/Core/Src/voltage.o
                0x0800baa8                us_delay
 .text.dac_write
                0x0800babc       0x40 build/debug/Core/Src/voltage.o
                0x0800babc                dac_write
 .text.dac_init
                0x0800bafc       0x30 build/debug/Core/Src/voltage.o
                0x0800bafc                dac_init
 .text.dac_drain
                0x0800bb2c       0x22 build/debug/Core/Src/voltage.o
                0x0800bb2c                dac_drain
 .text.dac_set_voltage
                0x0800bb4e        0xe build/debug/Core/Src/voltage.o
                0x0800bb4e                dac_set_voltage
 .text.adc_set_channel
                0x0800bb5c       0x2c build/debug/Core/Src/voltage.o
                0x0800bb5c                adc_set_channel
 .text.adc_average
                0x0800bb88       0x38 build/debug/Core/Src/voltage.o
                0x0800bb88                adc_average
 .text.reset_muxs
                0x0800bbc0       0x10 build/debug/Core/Src/voltage.o
                0x0800bbc0                reset_muxs
 .text.voltage_init
                0x0800bbd0       0x1c build/debug/Core/Src/voltage.o
                0x0800bbd0                voltage_init
 .text.measure_dac_voltage
                0x0800bbec       0x24 build/debug/Core/Src/voltage.o
                0x0800bbec                measure_dac_voltage
 .text.measure_calib_voltage
                0x0800bc10       0x24 build/debug/Core/Src/voltage.o
                0x0800bc10                measure_calib_voltage
 .text.measure_pin_voltage
                0x0800bc34      0x10c build/debug/Core/Src/voltage.o
                0x0800bc34                measure_pin_voltage
 .text.measure_voltage_sweep
                0x0800bd40      0x110 build/debug/Core/Src/voltage.o
                0x0800bd40                measure_voltage_sweep
 .text.measure_ac_sweep
                0x0800be50      0x1f8 build/debug/Core/Src/voltage.o
                0x0800be50                measure_ac_sweep
 .text.HAL_InitTick
                0x0800c048       0x4c build/debug/Drivers/STM32F4xx_HAL_Driver/Src/stm32f4xx_hal.o
                0x0800c048                HAL_InitTick
 .text.HAL_Init
                0x0800c094       0x34 build/debug/Drivers/STM32F4xx_HAL_Driver/Src/stm32f4xx_hal.o
                0x0800c094                HAL_Init
 .text.HAL_IncTick
                0x0800c0c8       0x18 build/debug/Drivers/STM32F4xx_HAL_Driver/Src/stm32f4xx_hal.o
                0x0800c0c8                HAL_IncTick
 .text.HAL_GetTick
                0x0800c0e0        0xc build/debug/Drivers/STM32F4xx_HAL_Driver/Src/stm32f4xx_hal.o
                0x0800c0e0                HAL_GetTick
 .text.HAL_Delay
                0x0800c0ec       0x28 build/debug/Drivers/STM32F4xx_HAL_Driver/Src/stm32f4xx_hal.o
                0x0800c0ec                HAL_Delay
 .text.ADC_Init
                0x0800c114      0x134 build/debug/Drivers/STM32F4xx_HAL_Driver/Src/stm32f4xx_hal_adc.o
 .text.HAL_ADC_Init
                0x0800c248       0x56 build/debug/Drivers/STM32F4xx_HAL_Driver/Src/stm32f4xx_hal_adc.o
                0x0800c248                HAL_ADC_Init
 *fill*         0x0800c29e        0x2 
 .text.HAL_ADC_Start
                0x0800c2a0      0x108 build/debug/Drivers/STM32F4xx_HAL_Driver/Src/stm32f4xx_hal_adc.o
                0x0800c2a0                HAL_ADC_Start
 .text.HAL_ADC_PollForConversion
                0x0800c3a8       0xb8 build/debug/Drivers/STM32F4xx_HAL_Driver/Src/stm32f4xx_hal_adc.o
                0x0800c3a8                HAL_ADC_PollForConversion
 .text.HAL_ADC_GetValue
                0x0800c460        0x6 build/debug/Drivers/STM32F4xx_HAL_Driver/Src/stm32f4xx_hal_adc.o
                0x0800c460                HAL_ADC_GetValue
 *fill*         0x0800c466        0x2 
 .text.HAL_ADC_ConfigChannel
                0x0800c468      0x194 build/debug/Drivers/STM32F4xx_HAL_Driver/Src/stm32f4xx_hal_adc.o
                0x0800c468                HAL_ADC_ConfigChannel
 .text.__NVIC_EnableIRQ
                0x0800c5fc       0x1c build/debug/Drivers/STM32F4xx_HAL_Driver/Src/stm32f4xx_hal_cortex.o
 .text.__NVIC_SetPriority
                0x0800c618       0x28 build/debug/Drivers/STM32F4xx_HAL_Driver/Src/stm32f4xx_hal_cortex.o
 .text.NVIC_EncodePriority
                0x0800c640       0x3e build/debug/Drivers/STM32F4xx_HAL_Driver/Src/stm32f4xx_hal_cortex.o
 *fill*         0x0800c67e        0x2 
 .text.__NVIC_SystemReset
                0x0800c680       0x24 build/debug/Drivers/STM32F4xx_HAL_Driver/Src/stm32f4xx_hal_cortex.o
 .text.HAL_NVIC_SetPriorityGrouping
                0x0800c6a4       0x24 build/debug/Drivers/STM32F4xx_HAL_Driver/Src/stm32f4xx_hal_cortex.o
                0x0800c6a4                HAL_NVIC_SetPriorityGrouping
 .text.HAL_NVIC_SetPriority
                0x0800c6c8       0x20 build/debug/Drivers/STM32F4xx_HAL_Driver/Src/stm32f4xx_hal_cortex.o
                0x0800c6c8                HAL_NVIC_SetPriority
 .text.HAL_NVIC_EnableIRQ
                0x0800c6e8        0x8 build/debug/Drivers/STM32F4xx_HAL_Driver/Src/stm32f4xx_hal_cortex.o
                0x0800c6e8                HAL_NVIC_EnableIRQ
 .text.HAL_NVIC_SystemReset
                0x0800c6f0        0x6 build/debug/Drivers/STM32F4xx_HAL_Driver/Src/stm32f4xx_hal_cortex.o
                0x0800c6f0                HAL_NVIC_SystemReset
 *fill*         0x0800c6f6        0x2 
 .text.HAL_SYSTICK_Config
                0x0800c6f8       0x28 build/debug/Drivers/STM32F4xx_HAL_Driver/Src/stm32f4xx_hal_cortex.o
                0x0800c6f8                HAL_SYSTICK_Config
 .text.HAL_DMA_Abort
                0x0800c720       0x94 build/debug/Drivers/STM32F4xx_HAL_Driver/Src/stm32f4xx_hal_dma.o
                0x0800c720                HAL_DMA_Abort
 .text.HAL_DMA_Abort_IT
                0x0800c7b4       0x26 build/debug/Drivers/STM32F4xx_HAL_Driver/Src/stm32f4xx_hal_dma.o
                0x0800c7b4                HAL_DMA_Abort_IT
 *fill*         0x0800c7da        0x2 
 .text.HAL_GPIO_Init
                0x0800c7dc      0x1c8 build/debug/Drivers/STM32F4xx_HAL_Driver/Src/stm32f4xx_hal_gpio.o
                0x0800c7dc                HAL_GPIO_Init
 .text.HAL_GPIO_WritePin
                0x0800c9a4        0xc build/debug/Drivers/STM32F4xx_HAL_Driver/Src/stm32f4xx_hal_gpio.o
                0x0800c9a4                HAL_GPIO_WritePin
 .text.HAL_GPIO_TogglePin
                0x0800c9b0       0x12 build/debug/Drivers/STM32F4xx_HAL_Driver/Src/stm32f4xx_hal_gpio.o
                0x0800c9b0                HAL_GPIO_TogglePin
 .text.I2C_IsAcknowledgeFailed
                0x0800c9c2       0x32 build/debug/Drivers/STM32F4xx_HAL_Driver/Src/stm32f4xx_hal_i2c.o
 .text.I2C_WaitOnFlagUntilTimeout
                0x0800c9f4       0xaa build/debug/Drivers/STM32F4xx_HAL_Driver/Src/stm32f4xx_hal_i2c.o
 .text.I2C_WaitOnMasterAddressFlagUntilTimeout
                0x0800ca9e       0xd6 build/debug/Drivers/STM32F4xx_HAL_Driver/Src/stm32f4xx_hal_i2c.o
 .text.I2C_WaitOnTXEFlagUntilTimeout
                0x0800cb74       0x5e build/debug/Drivers/STM32F4xx_HAL_Driver/Src/stm32f4xx_hal_i2c.o
 *fill*         0x0800cbd2        0x2 
 .text.I2C_RequestMemoryWrite
                0x0800cbd4       0xd8 build/debug/Drivers/STM32F4xx_HAL_Driver/Src/stm32f4xx_hal_i2c.o
 .text.I2C_RequestMemoryRead
                0x0800ccac      0x154 build/debug/Drivers/STM32F4xx_HAL_Driver/Src/stm32f4xx_hal_i2c.o
 .text.I2C_WaitOnBTFFlagUntilTimeout
                0x0800ce00       0x5e build/debug/Drivers/STM32F4xx_HAL_Driver/Src/stm32f4xx_hal_i2c.o
 .text.I2C_WaitOnRXNEFlagUntilTimeout
                0x0800ce5e       0x78 build/debug/Drivers/STM32F4xx_HAL_Driver/Src/stm32f4xx_hal_i2c.o
 *fill*         0x0800ced6        0x2 
 .text.HAL_I2C_Init
                0x0800ced8      0x1bc build/debug/Drivers/STM32F4xx_HAL_Driver/Src/stm32f4xx_hal_i2c.o
                0x0800ced8                HAL_I2C_Init
 .text.HAL_I2C_Mem_Write
                0x0800d094      0x164 build/debug/Drivers/STM32F4xx_HAL_Driver/Src/stm32f4xx_hal_i2c.o
                0x0800d094                HAL_I2C_Mem_Write
 .text.HAL_I2C_Mem_Read
                0x0800d1f8      0x2f8 build/debug/Drivers/STM32F4xx_HAL_Driver/Src/stm32f4xx_hal_i2c.o
                0x0800d1f8                HAL_I2C_Mem_Read
 .text.HAL_I2C_IsDeviceReady
                0x0800d4f0      0x194 build/debug/Drivers/STM32F4xx_HAL_Driver/Src/stm32f4xx_hal_i2c.o
                0x0800d4f0                HAL_I2C_IsDeviceReady
 .text.HAL_RCC_OscConfig
                0x0800d684      0x3f8 build/debug/Drivers/STM32F4xx_HAL_Driver/Src/stm32f4xx_hal_rcc.o
                0x0800d684                HAL_RCC_OscConfig
 .text.HAL_RCC_GetSysClockFreq
                0x0800da7c       0xa8 build/debug/Drivers/STM32F4xx_HAL_Driver/Src/stm32f4xx_hal_rcc.o
                0x0800da7c                HAL_RCC_GetSysClockFreq
 .text.HAL_RCC_ClockConfig
                0x0800db24      0x160 build/debug/Drivers/STM32F4xx_HAL_Driver/Src/stm32f4xx_hal_rcc.o
                0x0800db24                HAL_RCC_ClockConfig
 .text.HAL_RCC_GetHCLKFreq
                0x0800dc84        0xc build/debug/Drivers/STM32F4xx_HAL_Driver/Src/stm32f4xx_hal_rcc.o
                0x0800dc84                HAL_RCC_GetHCLKFreq
 .text.HAL_RCC_GetPCLK1Freq
                0x0800dc90       0x20 build/debug/Drivers/STM32F4xx_HAL_Driver/Src/stm32f4xx_hal_rcc.o
                0x0800dc90                HAL_RCC_GetPCLK1Freq
 .text.HAL_RCC_GetPCLK2Freq
                0x0800dcb0       0x20 build/debug/Drivers/STM32F4xx_HAL_Driver/Src/stm32f4xx_hal_rcc.o
                0x0800dcb0                HAL_RCC_GetPCLK2Freq
 .text.HAL_TIM_Base_Start
                0x0800dcd0       0x6c build/debug/Drivers/STM32F4xx_HAL_Driver/Src/stm32f4xx_hal_tim.o
                0x0800dcd0                HAL_TIM_Base_Start
 .text.TIM_Base_SetConfig
                0x0800dd3c       0xac build/debug/Drivers/STM32F4xx_HAL_Driver/Src/stm32f4xx_hal_tim.o
                0x0800dd3c                TIM_Base_SetConfig
 .text.HAL_TIM_Base_Init
                0x0800dde8       0x58 build/debug/Drivers/STM32F4xx_HAL_Driver/Src/stm32f4xx_hal_tim.o
                0x0800dde8                HAL_TIM_Base_Init
 .text.UART_EndRxTransfer
                0x0800de40       0x5c build/debug/Drivers/STM32F4xx_HAL_Driver/Src/stm32f4xx_hal_uart.o
 .text.UART_Transmit_IT
                0x0800de9c       0x60 build/debug/Drivers/STM32F4xx_HAL_Driver/Src/stm32f4xx_hal_uart.o
 .text.UART_SetConfig
                0x0800defc      0x110 build/debug/Drivers/STM32F4xx_HAL_Driver/Src/stm32f4xx_hal_uart.o
 .text.UART_WaitOnFlagUntilTimeout
                0x0800e00c       0x86 build/debug/Drivers/STM32F4xx_HAL_Driver/Src/stm32f4xx_hal_uart.o
 .text.HAL_UART_Init
                0x0800e092       0x60 build/debug/Drivers/STM32F4xx_HAL_Driver/Src/stm32f4xx_hal_uart.o
                0x0800e092                HAL_UART_Init
 .text.HAL_HalfDuplex_Init
                0x0800e0f2       0x6c build/debug/Drivers/STM32F4xx_HAL_Driver/Src/stm32f4xx_hal_uart.o
                0x0800e0f2                HAL_HalfDuplex_Init
 .text.HAL_UART_Transmit
                0x0800e15e       0xcc build/debug/Drivers/STM32F4xx_HAL_Driver/Src/stm32f4xx_hal_uart.o
                0x0800e15e                HAL_UART_Transmit
 .text.HAL_UART_TxCpltCallback
                0x0800e22a        0x2 build/debug/Drivers/STM32F4xx_HAL_Driver/Src/stm32f4xx_hal_uart.o
                0x0800e22a                HAL_UART_TxCpltCallback
 .text.UART_EndTransmit_IT
                0x0800e22c       0x1a build/debug/Drivers/STM32F4xx_HAL_Driver/Src/stm32f4xx_hal_uart.o
 .text.HAL_UART_ErrorCallback
                0x0800e246        0x2 build/debug/Drivers/STM32F4xx_HAL_Driver/Src/stm32f4xx_hal_uart.o
                0x0800e246                HAL_UART_ErrorCallback
 .text.UART_DMAAbortOnError
                0x0800e248       0x10 build/debug/Drivers/STM32F4xx_HAL_Driver/Src/stm32f4xx_hal_uart.o
 .text.HAL_UART_AbortCpltCallback
                0x0800e258        0x2 build/debug/Drivers/STM32F4xx_HAL_Driver/Src/stm32f4xx_hal_uart.o
                0x0800e258                HAL_UART_AbortCpltCallback
 *fill*         0x0800e25a        0x2 
 .text.HAL_UART_Abort_IT
                0x0800e25c      0x124 build/debug/Drivers/STM32F4xx_HAL_Driver/Src/stm32f4xx_hal_uart.o
                0x0800e25c                HAL_UART_Abort_IT
 .text.UART_DMARxAbortCallback
                0x0800e380       0x2c build/debug/Drivers/STM32F4xx_HAL_Driver/Src/stm32f4xx_hal_uart.o
 .text.UART_DMATxAbortCallback
                0x0800e3ac       0x2c build/debug/Drivers/STM32F4xx_HAL_Driver/Src/stm32f4xx_hal_uart.o
 .text.HAL_UARTEx_RxEventCallback
                0x0800e3d8        0x2 build/debug/Drivers/STM32F4xx_HAL_Driver/Src/stm32f4xx_hal_uart.o
                0x0800e3d8                HAL_UARTEx_RxEventCallback
 .text.UART_Receive_IT
                0x0800e3da       0xe6 build/debug/Drivers/STM32F4xx_HAL_Driver/Src/stm32f4xx_hal_uart.o
 .text.HAL_UART_IRQHandler
                0x0800e4c0      0x284 build/debug/Drivers/STM32F4xx_HAL_Driver/Src/stm32f4xx_hal_uart.o
                0x0800e4c0                HAL_UART_IRQHandler
 .text.HAL_HalfDuplex_EnableTransmitter
                0x0800e744       0x36 build/debug/Drivers/STM32F4xx_HAL_Driver/Src/stm32f4xx_hal_uart.o
                0x0800e744                HAL_HalfDuplex_EnableTransmitter
 .text.HAL_HalfDuplex_EnableReceiver
                0x0800e77a       0x36 build/debug/Drivers/STM32F4xx_HAL_Driver/Src/stm32f4xx_hal_uart.o
                0x0800e77a                HAL_HalfDuplex_EnableReceiver
 .text.UART_Start_Receive_IT
                0x0800e7b0       0x36 build/debug/Drivers/STM32F4xx_HAL_Driver/Src/stm32f4xx_hal_uart.o
                0x0800e7b0                UART_Start_Receive_IT
 .text.HAL_UART_Receive_IT
                0x0800e7e6       0x26 build/debug/Drivers/STM32F4xx_HAL_Driver/Src/stm32f4xx_hal_uart.o
                0x0800e7e6                HAL_UART_Receive_IT
 .text.Reset_Handler
                0x0800e80c       0x50 build/debug/startup_stm32f401xc.o
                0x0800e80c                Reset_Handler
 .text.Default_Handler
                0x0800e85c        0x2 build/debug/startup_stm32f401xc.o
                0x0800e85c                DMA1_Stream3_IRQHandler
                0x0800e85c                EXTI2_IRQHandler
                0x0800e85c                SPI4_IRQHandler
                0x0800e85c                TIM1_CC_IRQHandler
                0x0800e85c                DMA2_Stream5_IRQHandler
                0x0800e85c                DMA1_Stream5_IRQHandler
                0x0800e85c                PVD_IRQHandler
                0x0800e85c                SDIO_IRQHandler
                0x0800e85c                TAMP_STAMP_IRQHandler
                0x0800e85c                EXTI3_IRQHandler
                0x0800e85c                TIM1_UP_TIM10_IRQHandler
                0x0800e85c                I2C3_ER_IRQHandler
                0x0800e85c                EXTI0_IRQHandler
                0x0800e85c                I2C2_EV_IRQHandler
                0x0800e85c                DMA1_Stream2_IRQHandler
                0x0800e85c                FPU_IRQHandler
                0x0800e85c                DMA2_Stream2_IRQHandler
                0x0800e85c                SPI1_IRQHandler
                0x0800e85c                TIM1_BRK_TIM9_IRQHandler
                0x0800e85c                DMA2_Stream3_IRQHandler
                0x0800e85c                DMA2_Stream0_IRQHandler
                0x0800e85c                TIM4_IRQHandler
                0x0800e85c                I2C1_EV_IRQHandler
                0x0800e85c                DMA1_Stream6_IRQHandler
                0x0800e85c                DMA1_Stream1_IRQHandler
                0x0800e85c                TIM3_IRQHandler
                0x0800e85c                RCC_IRQHandler
                0x0800e85c                Default_Handler
                0x0800e85c                EXTI15_10_IRQHandler
                0x0800e85c                ADC_IRQHandler
                0x0800e85c                DMA1_Stream7_IRQHandler
                0x0800e85c                TIM5_IRQHandler
                0x0800e85c                DMA2_Stream7_IRQHandler
                0x0800e85c                I2C3_EV_IRQHandler
                0x0800e85c                EXTI9_5_IRQHandler
                0x0800e85c                RTC_WKUP_IRQHandler
                0x0800e85c                SPI2_IRQHandler
                0x0800e85c                DMA1_Stream0_IRQHandler
                0x0800e85c                EXTI4_IRQHandler
                0x0800e85c                WWDG_IRQHandler
                0x0800e85c                TIM2_IRQHandler
                0x0800e85c                OTG_FS_WKUP_IRQHandler
                0x0800e85c                TIM1_TRG_COM_TIM11_IRQHandler
                0x0800e85c                EXTI1_IRQHandler
                0x0800e85c                USART2_IRQHandler
                0x0800e85c                I2C2_ER_IRQHandler
                0x0800e85c                DMA2_Stream1_IRQHandler
                0x0800e85c                FLASH_IRQHandler
                0x0800e85c                DMA2_Stream4_IRQHandler
                0x0800e85c                OTG_FS_IRQHandler
                0x0800e85c                SPI3_IRQHandler
                0x0800e85c                DMA1_Stream4_IRQHandler
                0x0800e85c                I2C1_ER_IRQHandler
                0x0800e85c                DMA2_Stream6_IRQHandler
                0x0800e85c                RTC_Alarm_IRQHandler
 *(.glue_7)
 .glue_7        0x0800e85e        0x0 linker stubs
 *(.glue_7t)
 .glue_7t       0x0800e85e        0x0 linker stubs
 *(.eh_frame)
 *fill*         0x0800e85e        0x2 
 .eh_frame      0x0800e860        0x0 /opt/local/lib/gcc/arm-none-eabi/13.1.0/thumb/v7e-m+fp/hard/crtbegin.o
 *(.init)
 .init          0x0800e860        0x4 /opt/local/lib/gcc/arm-none-eabi/13.1.0/thumb/v7e-m+fp/hard/crti.o
                0x0800e860                _init
 .init          0x0800e864        0x8 /opt/local/lib/gcc/arm-none-eabi/13.1.0/thumb/v7e-m+fp/hard/crtn.o
 *(.fini)
 .fini          0x0800e86c        0x4 /opt/local/lib/gcc/arm-none-eabi/13.1.0/thumb/v7e-m+fp/hard/crti.o
                0x0800e86c                _fini
 .fini          0x0800e870        0x8 /opt/local/lib/gcc/arm-none-eabi/13.1.0/thumb/v7e-m+fp/hard/crtn.o
                0x0800e878                        . = ALIGN (0x4)
                0x0800e878                        _etext = .

.vfp11_veneer   0x0800e878        0x0
 .vfp11_veneer  0x0800e878        0x0 linker stubs

.v4_bx          0x0800e878        0x0
 .v4_bx         0x0800e878        0x0 linker stubs

.iplt           0x0800e878        0x0
 .iplt          0x0800e878        0x0 /opt/local/lib/gcc/arm-none-eabi/13.1.0/thumb/v7e-m+fp/hard/crtbegin.o

.rodata         0x0800e878      0x6ec
                0x0800e878                        . = ALIGN (0x4)
 *(.rodata)
 .rodata        0x0800e878       0x20 /opt/local/lib/gcc/arm-none-eabi/13.1.0/../../../../arm-none-eabi/lib/thumb/v7e-m+fp/hard/libc.a(libc_a-svfprintf.o)
 .rodata        0x0800e898       0x20 /opt/local/lib/gcc/arm-none-eabi/13.1.0/../../../../arm-none-eabi/lib/thumb/v7e-m+fp/hard/libc.a(libc_a-svfiprintf.o)
 .rodata        0x0800e8b8      0x128 /opt/local/lib/gcc/arm-none-eabi/13.1.0/../../../../arm-none-eabi/lib/thumb/v7e-m+fp/hard/libc.a(libc_a-mprec.o)
                0x0800e8c8                __mprec_tens
                0x0800e990                __mprec_tinytens
                0x0800e9b8                __mprec_bigtens
 .rodata        0x0800e9e0      0x101 /opt/local/lib/gcc/arm-none-eabi/13.1.0/../../../../arm-none-eabi/lib/thumb/v7e-m+fp/hard/libc.a(libc_a-ctype_.o)
                0x0800e9e0                _ctype_
 *fill*         0x0800eae1        0x3 
 .rodata        0x0800eae4       0x20 /opt/local/lib/gcc/arm-none-eabi/13.1.0/../../../../arm-none-eabi/lib/thumb/v7e-m+fp/hard/libc.a(libc_a-vfiprintf.o)
 *fill*         0x0800eb04        0x4 
 .rodata        0x0800eb08       0x10 /opt/local/lib/gcc/arm-none-eabi/13.1.0/../../../../arm-none-eabi/lib/thumb/v7e-m+fp/hard/libm.a(libm_a-e_fmod.o)
 .rodata        0x0800eb18      0x188 /opt/local/lib/gcc/arm-none-eabi/13.1.0/../../../../arm-none-eabi/lib/thumb/v7e-m+fp/hard/libm.a(libm_a-e_rem_pio2.o)
 .rodata        0x0800eca0       0x50 /opt/local/lib/gcc/arm-none-eabi/13.1.0/../../../../arm-none-eabi/lib/thumb/v7e-m+fp/hard/libm.a(libm_a-k_rem_pio2.o)
 .rodata        0x0800ecf0       0x10 /opt/local/lib/gcc/arm-none-eabi/13.1.0/../../../../arm-none-eabi/lib/thumb/v7e-m+fp/hard/libm.a(libm_a-e_sqrt.o)
 *(.rodata*)
 .rodata.transmit_sample_data_binary.str1.4
                0x0800ed00      0x24b build/debug/Core/Src/main.o
                                 0x46 (size before relaxing)
 .rodata.rs485_transmit_double.str1.4
                0x0800ef4b        0x4 build/debug/Core/Src/main.o
 *fill*         0x0800ef4b        0x1 
 .rodata.APBPrescTable
                0x0800ef4c        0x8 build/debug/Core/Src/system_stm32f4xx.o
                0x0800ef4c                APBPrescTable
 .rodata.AHBPrescTable
                0x0800ef54       0x10 build/debug/Core/Src/system_stm32f4xx.o
                0x0800ef54                AHBPrescTable
 .rodata.str1.4
                0x0800ef64       0x42 /opt/local/lib/gcc/arm-none-eabi/13.1.0/../../../../arm-none-eabi/lib/thumb/v7e-m+fp/hard/libc.a(libc_a-svfprintf.o)
 .rodata.str1.4
                0x0800ef64       0xc9 /opt/local/lib/gcc/arm-none-eabi/13.1.0/../../../../arm-none-eabi/lib/thumb/v7e-m+fp/hard/libc.a(libc_a-dtoa.o)
 .rodata.str1.4
                0x0800ef64       0x2f /opt/local/lib/gcc/arm-none-eabi/13.1.0/../../../../arm-none-eabi/lib/thumb/v7e-m+fp/hard/libc.a(libc_a-svfiprintf.o)
 .rodata.str1.4
                0x0800ef64       0xb6 /opt/local/lib/gcc/arm-none-eabi/13.1.0/../../../../arm-none-eabi/lib/thumb/v7e-m+fp/hard/libc.a(libc_a-mprec.o)
 .rodata.str1.4
                0x0800ef64       0x12 /opt/local/lib/gcc/arm-none-eabi/13.1.0/../../../../arm-none-eabi/lib/thumb/v7e-m+fp/hard/libc.a(libc_a-locale.o)
 .rodata.str1.4
                0x0800ef64       0x43 /opt/local/lib/gcc/arm-none-eabi/13.1.0/../../../../arm-none-eabi/lib/thumb/v7e-m+fp/hard/libc.a(libc_a-assert.o)
 .rodata.str1.4
                0x0800ef64       0x2f /opt/local/lib/gcc/arm-none-eabi/13.1.0/../../../../arm-none-eabi/lib/thumb/v7e-m+fp/hard/libc.a(libc_a-vfiprintf.o)
 .rodata.str1.4
                0x0800ef64        0x1 /opt/local/lib/gcc/arm-none-eabi/13.1.0/../../../../arm-none-eabi/lib/thumb/v7e-m+fp/hard/libm.a(libm_a-w_log10.o)
                0x0800f030                        . = ALIGN (0x4)

.ARM.extab
 *(.ARM.extab* .gnu.linkonce.armextab.*)

.ARM            0x0800ef64        0x8
                0x0800ef64                        __exidx_start = .
 *(.ARM.exidx*)
 .ARM.exidx     0x0800ef64        0x8 /opt/local/lib/gcc/arm-none-eabi/13.1.0/../../../../arm-none-eabi/lib/thumb/v7e-m+fp/hard/libc.a(libc_a-strlen.o)
 .ARM.exidx     0x0800ef6c        0x0 /opt/local/lib/gcc/arm-none-eabi/13.1.0/../../../../arm-none-eabi/lib/thumb/v7e-m+fp/hard/libc.a(libc_a-memchr.o)
                                  0x8 (size before relaxing)
 .ARM.exidx     0x0800ef6c        0x0 /opt/local/lib/gcc/arm-none-eabi/13.1.0/../../../../arm-none-eabi/lib/thumb/v7e-m+fp/hard/libc.a(libc_a-strcmp.o)
                                  0x8 (size before relaxing)
 .ARM.exidx     0x0800ef6c        0x0 /opt/local/lib/gcc/arm-none-eabi/13.1.0/../../../../arm-none-eabi/lib/thumb/v7e-m+fp/hard/libc.a(libc_a-memcpy.o)
                                  0x8 (size before relaxing)
 .ARM.exidx     0x0800ef6c        0x0 /opt/local/lib/gcc/arm-none-eabi/13.1.0/thumb/v7e-m+fp/hard/libgcc.a(_udivmoddi4.o)
                                  0x8 (size before relaxing)
                0x0800ef6c                        __exidx_end = .

.rel.dyn        0x0800ef6c        0x0
 .rel.iplt      0x0800ef6c        0x0 /opt/local/lib/gcc/arm-none-eabi/13.1.0/thumb/v7e-m+fp/hard/crtbegin.o

.preinit_array  0x0800ef6c        0x0
                0x0800ef6c                        PROVIDE (__preinit_array_start = .)
 *(.preinit_array*)
                0x0800ef6c                        PROVIDE (__preinit_array_end = .)

.init_array     0x0800ef6c        0x4
                0x0800ef6c                        PROVIDE (__init_array_start = .)
 *(SORT_BY_NAME(.init_array.*))
 *(.init_array*)
 .init_array    0x0800ef6c        0x4 /opt/local/lib/gcc/arm-none-eabi/13.1.0/thumb/v7e-m+fp/hard/crtbegin.o
                0x0800ef70                        PROVIDE (__init_array_end = .)

.fini_array     0x0800ef70        0x4
                0x0800ef70                        PROVIDE (__fini_array_start = .)
 *(SORT_BY_NAME(.fini_array.*))
 *(.fini_array*)
 .fini_array    0x0800ef70        0x4 /opt/local/lib/gcc/arm-none-eabi/13.1.0/thumb/v7e-m+fp/hard/crtbegin.o
                0x0800ef74                        PROVIDE (__fini_array_end = .)
                0x0800ef74                        _sidata = LOADADDR (.data)

.data           0x20000000      0x6d4 load address 0x0800ef74
                0x20000000                        . = ALIGN (0x4)
                0x20000000                        _sdata = .
 *(.data)
 .data          0x20000000        0xc /opt/local/lib/gcc/arm-none-eabi/13.1.0/../../../../arm-none-eabi/lib/thumb/v7e-m+fp/hard/libc.a(libc_a-findfp.o)
                0x20000000                __sglue
 *fill*         0x2000000c        0x4 
 .data          0x20000010      0x128 /opt/local/lib/gcc/arm-none-eabi/13.1.0/../../../../arm-none-eabi/lib/thumb/v7e-m+fp/hard/libc.a(libc_a-impure.o)
                0x20000010                _impure_ptr
                0x20000018                _impure_data
 .data          0x20000138      0x410 /opt/local/lib/gcc/arm-none-eabi/13.1.0/../../../../arm-none-eabi/lib/thumb/v7e-m+fp/hard/libc.a(libc_a-mallocr.o)
                0x20000138                __malloc_av_
                0x20000540                __malloc_sbrk_base
                0x20000544                __malloc_trim_threshold
 .data          0x20000548      0x16c /opt/local/lib/gcc/arm-none-eabi/13.1.0/../../../../arm-none-eabi/lib/thumb/v7e-m+fp/hard/libc.a(libc_a-locale.o)
                0x20000548                __global_locale
 *(.data*)
 .data.probe_config
                0x200006b4       0x14 build/debug/Core/Src/main.o
                0x200006b4                probe_config
 .data.SystemCoreClock
                0x200006c8        0x4 build/debug/Core/Src/system_stm32f4xx.o
                0x200006c8                SystemCoreClock
 .data.uwTickFreq
                0x200006cc        0x1 build/debug/Drivers/STM32F4xx_HAL_Driver/Src/stm32f4xx_hal.o
                0x200006cc                uwTickFreq
 *fill*         0x200006cd        0x3 
 .data.uwTickPrio
                0x200006d0        0x4 build/debug/Drivers/STM32F4xx_HAL_Driver/Src/stm32f4xx_hal.o
                0x200006d0                uwTickPrio
                0x200006d4                        . = ALIGN (0x4)
                0x200006d4                        _edata = .

.tm_clone_table
                0x200006d4        0x0 load address 0x0800f648
 .tm_clone_table
                0x200006d4        0x0 /opt/local/lib/gcc/arm-none-eabi/13.1.0/thumb/v7e-m+fp/hard/crtbegin.o
 .tm_clone_table
                0x200006d4        0x0 /opt/local/lib/gcc/arm-none-eabi/13.1.0/thumb/v7e-m+fp/hard/crtend.o

.igot.plt       0x200006d4        0x0 load address 0x0800f648
 .igot.plt      0x200006d4        0x0 /opt/local/lib/gcc/arm-none-eabi/13.1.0/thumb/v7e-m+fp/hard/crtbegin.o
                0x200006d4                        . = ALIGN (0x4)

.bss            0x200006d4      0x328 load address 0x0800f648
                0x200006d4                        _sbss = .
                0x200006d4                        __bss_start__ = _sbss
 *(.bss)
 .bss           0x200006d4       0x1c /opt/local/lib/gcc/arm-none-eabi/13.1.0/thumb/v7e-m+fp/hard/crtbegin.o
 .bss           0x200006f0      0x13c /opt/local/lib/gcc/arm-none-eabi/13.1.0/../../../../arm-none-eabi/lib/thumb/v7e-m+fp/hard/libc.a(libc_a-findfp.o)
                0x200006f0                __sf
                0x20000828                __stdio_exit_handler
 .bss           0x2000082c       0x34 /opt/local/lib/gcc/arm-none-eabi/13.1.0/../../../../arm-none-eabi/lib/thumb/v7e-m+fp/hard/libc.a(libc_a-mallocr.o)
                0x2000082c                __malloc_top_pad
                0x20000830                __malloc_current_mallinfo
                0x20000858                __malloc_max_sbrked_mem
                0x2000085c                __malloc_max_total_mem
 .bss           0x20000860        0x4 /opt/local/lib/gcc/arm-none-eabi/13.1.0/../../../../arm-none-eabi/lib/thumb/v7e-m+fp/hard/libc.a(libc_a-reent.o)
                0x20000860                errno
 .bss           0x20000864        0x4 /opt/local/lib/gcc/arm-none-eabi/13.1.0/../../../../arm-none-eabi/lib/thumb/v7e-m+fp/hard/libnosys.a(sbrk.o)
 *(.bss*)
 .bss.hadc1     0x20000868       0x48 build/debug/Core/Src/adc.o
                0x20000868                hadc1
 .bss.hi2c1     0x200008b0       0x54 build/debug/Core/Src/i2c.o
                0x200008b0                hi2c1
 .bss.status    0x20000904        0x1 build/debug/Core/Src/main.o
                0x20000904                status
 *fill*         0x20000905        0x3 
 .bss.rx_buffer
                0x20000908       0x14 build/debug/Core/Src/main.o
                0x20000908                rx_buffer
 .bss.current_task
                0x2000091c        0x1 build/debug/Core/Src/main.o
                0x2000091c                current_task
 *fill*         0x2000091d        0x3 
 .bss.htim10    0x20000920       0x48 build/debug/Core/Src/tim.o
                0x20000920                htim10
 .bss.huart6    0x20000968       0x48 build/debug/Core/Src/usart.o
                0x20000968                huart6
 .bss.huart1    0x200009b0       0x48 build/debug/Core/Src/usart.o
                0x200009b0                huart1
 .bss.uwTick    0x200009f8        0x4 build/debug/Drivers/STM32F4xx_HAL_Driver/Src/stm32f4xx_hal.o
                0x200009f8                uwTick
 *(COMMON)
                0x200009fc                        . = ALIGN (0x4)
                0x200009fc                        _ebss = .
                0x200009fc                        __bss_end__ = _ebss

._user_heap_stack
                0x200009fc      0x604 load address 0x0800f648
                0x20000a00                        . = ALIGN (0x8)
 *fill*         0x200009fc        0x4 
                0x20000a00                        PROVIDE (end = .)
                [!provide]                        PROVIDE (_end = .)
                0x20000c00                        . = (. + _Min_Heap_Size)
 *fill*         0x20000a00      0x200 
                0x20001000                        . = (. + _Min_Stack_Size)
 *fill*         0x20000c00      0x400 
                0x20001000                        . = ALIGN (0x8)

/DISCARD/
 libc.a(*)
 libm.a(*)
 libgcc.a(*)

.ARM.attributes
                0x00000000       0x30
 *(.ARM.attributes)
 .ARM.attributes
                0x00000000       0x22 /opt/local/lib/gcc/arm-none-eabi/13.1.0/thumb/v7e-m+fp/hard/crti.o
 .ARM.attributes
                0x00000022       0x34 /opt/local/lib/gcc/arm-none-eabi/13.1.0/thumb/v7e-m+fp/hard/crtbegin.o
 .ARM.attributes
                0x00000056       0x34 build/debug/Core/Src/adc.o
 .ARM.attributes
                0x0000008a       0x34 build/debug/Core/Src/gpio.o
 .ARM.attributes
                0x000000be       0x34 build/debug/Core/Src/i2c.o
 .ARM.attributes
                0x000000f2       0x34 build/debug/Core/Src/main.o
 .ARM.attributes
                0x00000126       0x34 build/debug/Core/Src/salinity.o
 .ARM.attributes
                0x0000015a       0x34 build/debug/Core/Src/stm32f4xx_hal_msp.o
 .ARM.attributes
                0x0000018e       0x34 build/debug/Core/Src/stm32f4xx_it.o
 .ARM.attributes
                0x000001c2       0x34 build/debug/Core/Src/system_stm32f4xx.o
 .ARM.attributes
                0x000001f6       0x34 build/debug/Core/Src/tim.o
 .ARM.attributes
                0x0000022a       0x34 build/debug/Core/Src/usart.o
 .ARM.attributes
                0x0000025e       0x34 build/debug/Core/Src/voltage.o
 .ARM.attributes
                0x00000292       0x34 build/debug/Drivers/STM32F4xx_HAL_Driver/Src/stm32f4xx_hal.o
 .ARM.attributes
                0x000002c6       0x34 build/debug/Drivers/STM32F4xx_HAL_Driver/Src/stm32f4xx_hal_adc.o
 .ARM.attributes
                0x000002fa       0x34 build/debug/Drivers/STM32F4xx_HAL_Driver/Src/stm32f4xx_hal_cortex.o
 .ARM.attributes
                0x0000032e       0x34 build/debug/Drivers/STM32F4xx_HAL_Driver/Src/stm32f4xx_hal_dma.o
 .ARM.attributes
                0x00000362       0x34 build/debug/Drivers/STM32F4xx_HAL_Driver/Src/stm32f4xx_hal_gpio.o
 .ARM.attributes
                0x00000396       0x34 build/debug/Drivers/STM32F4xx_HAL_Driver/Src/stm32f4xx_hal_i2c.o
 .ARM.attributes
                0x000003ca       0x34 build/debug/Drivers/STM32F4xx_HAL_Driver/Src/stm32f4xx_hal_rcc.o
 .ARM.attributes
                0x000003fe       0x34 build/debug/Drivers/STM32F4xx_HAL_Driver/Src/stm32f4xx_hal_tim.o
 .ARM.attributes
                0x00000432       0x34 build/debug/Drivers/STM32F4xx_HAL_Driver/Src/stm32f4xx_hal_uart.o
 .ARM.attributes
                0x00000466       0x21 build/debug/startup_stm32f401xc.o
 .ARM.attributes
                0x00000487       0x34 /opt/local/lib/gcc/arm-none-eabi/13.1.0/../../../../arm-none-eabi/lib/thumb/v7e-m+fp/hard/libc.a(libc_a-sprintf.o)
 .ARM.attributes
                0x000004bb       0x34 /opt/local/lib/gcc/arm-none-eabi/13.1.0/../../../../arm-none-eabi/lib/thumb/v7e-m+fp/hard/libc.a(libc_a-findfp.o)
 .ARM.attributes
                0x000004ef       0x34 /opt/local/lib/gcc/arm-none-eabi/13.1.0/../../../../arm-none-eabi/lib/thumb/v7e-m+fp/hard/libc.a(libc_a-fwalk.o)
 .ARM.attributes
                0x00000523       0x34 /opt/local/lib/gcc/arm-none-eabi/13.1.0/../../../../arm-none-eabi/lib/thumb/v7e-m+fp/hard/libc.a(libc_a-memset.o)
 .ARM.attributes
                0x00000557       0x34 /opt/local/lib/gcc/arm-none-eabi/13.1.0/../../../../arm-none-eabi/lib/thumb/v7e-m+fp/hard/libc.a(libc_a-impure.o)
 .ARM.attributes
                0x0000058b       0x34 /opt/local/lib/gcc/arm-none-eabi/13.1.0/../../../../arm-none-eabi/lib/thumb/v7e-m+fp/hard/libc.a(libc_a-init.o)
 .ARM.attributes
                0x000005bf       0x1c /opt/local/lib/gcc/arm-none-eabi/13.1.0/../../../../arm-none-eabi/lib/thumb/v7e-m+fp/hard/libc.a(libc_a-strlen.o)
 .ARM.attributes
                0x000005db       0x34 /opt/local/lib/gcc/arm-none-eabi/13.1.0/../../../../arm-none-eabi/lib/thumb/v7e-m+fp/hard/libc.a(libc_a-mallocr.o)
 .ARM.attributes
                0x0000060f       0x34 /opt/local/lib/gcc/arm-none-eabi/13.1.0/../../../../arm-none-eabi/lib/thumb/v7e-m+fp/hard/libc.a(libc_a-svfprintf.o)
 .ARM.attributes
                0x00000643       0x34 /opt/local/lib/gcc/arm-none-eabi/13.1.0/../../../../arm-none-eabi/lib/thumb/v7e-m+fp/hard/libc.a(libc_a-mlock.o)
 .ARM.attributes
                0x00000677       0x34 /opt/local/lib/gcc/arm-none-eabi/13.1.0/../../../../arm-none-eabi/lib/thumb/v7e-m+fp/hard/libc.a(libc_a-fclose.o)
 .ARM.attributes
                0x000006ab       0x34 /opt/local/lib/gcc/arm-none-eabi/13.1.0/../../../../arm-none-eabi/lib/thumb/v7e-m+fp/hard/libc.a(libc_a-fflush.o)
 .ARM.attributes
                0x000006df       0x34 /opt/local/lib/gcc/arm-none-eabi/13.1.0/../../../../arm-none-eabi/lib/thumb/v7e-m+fp/hard/libc.a(libc_a-stdio.o)
 .ARM.attributes
                0x00000713       0x34 /opt/local/lib/gcc/arm-none-eabi/13.1.0/../../../../arm-none-eabi/lib/thumb/v7e-m+fp/hard/libc.a(libc_a-localeconv.o)
 .ARM.attributes
                0x00000747       0x34 /opt/local/lib/gcc/arm-none-eabi/13.1.0/../../../../arm-none-eabi/lib/thumb/v7e-m+fp/hard/libc.a(libc_a-closer.o)
 .ARM.attributes
                0x0000077b       0x34 /opt/local/lib/gcc/arm-none-eabi/13.1.0/../../../../arm-none-eabi/lib/thumb/v7e-m+fp/hard/libc.a(libc_a-reent.o)
 .ARM.attributes
                0x000007af       0x34 /opt/local/lib/gcc/arm-none-eabi/13.1.0/../../../../arm-none-eabi/lib/thumb/v7e-m+fp/hard/libc.a(libc_a-lseekr.o)
 .ARM.attributes
                0x000007e3       0x34 /opt/local/lib/gcc/arm-none-eabi/13.1.0/../../../../arm-none-eabi/lib/thumb/v7e-m+fp/hard/libc.a(libc_a-readr.o)
 .ARM.attributes
                0x00000817       0x34 /opt/local/lib/gcc/arm-none-eabi/13.1.0/../../../../arm-none-eabi/lib/thumb/v7e-m+fp/hard/libc.a(libc_a-sbrkr.o)
 .ARM.attributes
                0x0000084b       0x34 /opt/local/lib/gcc/arm-none-eabi/13.1.0/../../../../arm-none-eabi/lib/thumb/v7e-m+fp/hard/libc.a(libc_a-writer.o)
 .ARM.attributes
                0x0000087f       0x34 /opt/local/lib/gcc/arm-none-eabi/13.1.0/../../../../arm-none-eabi/lib/thumb/v7e-m+fp/hard/libc.a(libc_a-sysconf.o)
 .ARM.attributes
                0x000008b3       0x1c /opt/local/lib/gcc/arm-none-eabi/13.1.0/../../../../arm-none-eabi/lib/thumb/v7e-m+fp/hard/libc.a(libc_a-memchr.o)
 .ARM.attributes
                0x000008cf       0x34 /opt/local/lib/gcc/arm-none-eabi/13.1.0/../../../../arm-none-eabi/lib/thumb/v7e-m+fp/hard/libc.a(libc_a-dtoa.o)
 .ARM.attributes
                0x00000903       0x34 /opt/local/lib/gcc/arm-none-eabi/13.1.0/../../../../arm-none-eabi/lib/thumb/v7e-m+fp/hard/libc.a(libc_a-freer.o)
 .ARM.attributes
                0x00000937       0x34 /opt/local/lib/gcc/arm-none-eabi/13.1.0/../../../../arm-none-eabi/lib/thumb/v7e-m+fp/hard/libc.a(libc_a-svfiprintf.o)
 .ARM.attributes
                0x0000096b       0x34 /opt/local/lib/gcc/arm-none-eabi/13.1.0/../../../../arm-none-eabi/lib/thumb/v7e-m+fp/hard/libc.a(libc_a-mprec.o)
 .ARM.attributes
                0x0000099f       0x34 /opt/local/lib/gcc/arm-none-eabi/13.1.0/../../../../arm-none-eabi/lib/thumb/v7e-m+fp/hard/libc.a(libc_a-reallocr.o)
 .ARM.attributes
                0x000009d3       0x34 /opt/local/lib/gcc/arm-none-eabi/13.1.0/../../../../arm-none-eabi/lib/thumb/v7e-m+fp/hard/libc.a(libc_a-memmove.o)
 .ARM.attributes
                0x00000a07       0x34 /opt/local/lib/gcc/arm-none-eabi/13.1.0/../../../../arm-none-eabi/lib/thumb/v7e-m+fp/hard/libc.a(libc_a-locale.o)
 .ARM.attributes
                0x00000a3b       0x34 /opt/local/lib/gcc/arm-none-eabi/13.1.0/../../../../arm-none-eabi/lib/thumb/v7e-m+fp/hard/libc.a(libc_a-errno.o)
 .ARM.attributes
                0x00000a6f       0x20 /opt/local/lib/gcc/arm-none-eabi/13.1.0/../../../../arm-none-eabi/lib/thumb/v7e-m+fp/hard/libc.a(libc_a-strcmp.o)
 .ARM.attributes
                0x00000a8f       0x20 /opt/local/lib/gcc/arm-none-eabi/13.1.0/../../../../arm-none-eabi/lib/thumb/v7e-m+fp/hard/libc.a(libc_a-memcpy.o)
 .ARM.attributes
                0x00000aaf       0x34 /opt/local/lib/gcc/arm-none-eabi/13.1.0/../../../../arm-none-eabi/lib/thumb/v7e-m+fp/hard/libc.a(libc_a-ctype_.o)
 .ARM.attributes
                0x00000ae3       0x34 /opt/local/lib/gcc/arm-none-eabi/13.1.0/../../../../arm-none-eabi/lib/thumb/v7e-m+fp/hard/libc.a(libc_a-assert.o)
 .ARM.attributes
                0x00000b17       0x34 /opt/local/lib/gcc/arm-none-eabi/13.1.0/../../../../arm-none-eabi/lib/thumb/v7e-m+fp/hard/libc.a(libc_a-callocr.o)
 .ARM.attributes
                0x00000b4b       0x34 /opt/local/lib/gcc/arm-none-eabi/13.1.0/../../../../arm-none-eabi/lib/thumb/v7e-m+fp/hard/libc.a(libc_a-fiprintf.o)
 .ARM.attributes
                0x00000b7f       0x34 /opt/local/lib/gcc/arm-none-eabi/13.1.0/../../../../arm-none-eabi/lib/thumb/v7e-m+fp/hard/libc.a(libc_a-mbtowc_r.o)
 .ARM.attributes
                0x00000bb3       0x34 /opt/local/lib/gcc/arm-none-eabi/13.1.0/../../../../arm-none-eabi/lib/thumb/v7e-m+fp/hard/libc.a(libc_a-vfiprintf.o)
 .ARM.attributes
                0x00000be7       0x34 /opt/local/lib/gcc/arm-none-eabi/13.1.0/../../../../arm-none-eabi/lib/thumb/v7e-m+fp/hard/libc.a(libc_a-wctomb_r.o)
 .ARM.attributes
                0x00000c1b       0x34 /opt/local/lib/gcc/arm-none-eabi/13.1.0/../../../../arm-none-eabi/lib/thumb/v7e-m+fp/hard/libc.a(libc_a-fvwrite.o)
 .ARM.attributes
                0x00000c4f       0x34 /opt/local/lib/gcc/arm-none-eabi/13.1.0/../../../../arm-none-eabi/lib/thumb/v7e-m+fp/hard/libc.a(libc_a-wsetup.o)
 .ARM.attributes
                0x00000c83       0x34 /opt/local/lib/gcc/arm-none-eabi/13.1.0/../../../../arm-none-eabi/lib/thumb/v7e-m+fp/hard/libc.a(libc_a-fputwc.o)
 .ARM.attributes
                0x00000cb7       0x34 /opt/local/lib/gcc/arm-none-eabi/13.1.0/../../../../arm-none-eabi/lib/thumb/v7e-m+fp/hard/libc.a(libc_a-wcrtomb.o)
 .ARM.attributes
                0x00000ceb       0x34 /opt/local/lib/gcc/arm-none-eabi/13.1.0/../../../../arm-none-eabi/lib/thumb/v7e-m+fp/hard/libc.a(libc_a-abort.o)
 .ARM.attributes
                0x00000d1f       0x34 /opt/local/lib/gcc/arm-none-eabi/13.1.0/../../../../arm-none-eabi/lib/thumb/v7e-m+fp/hard/libc.a(libc_a-makebuf.o)
 .ARM.attributes
                0x00000d53       0x34 /opt/local/lib/gcc/arm-none-eabi/13.1.0/../../../../arm-none-eabi/lib/thumb/v7e-m+fp/hard/libc.a(libc_a-wbuf.o)
 .ARM.attributes
                0x00000d87       0x34 /opt/local/lib/gcc/arm-none-eabi/13.1.0/../../../../arm-none-eabi/lib/thumb/v7e-m+fp/hard/libc.a(libc_a-signal.o)
 .ARM.attributes
                0x00000dbb       0x34 /opt/local/lib/gcc/arm-none-eabi/13.1.0/../../../../arm-none-eabi/lib/thumb/v7e-m+fp/hard/libc.a(libc_a-fstatr.o)
 .ARM.attributes
                0x00000def       0x34 /opt/local/lib/gcc/arm-none-eabi/13.1.0/../../../../arm-none-eabi/lib/thumb/v7e-m+fp/hard/libc.a(libc_a-isattyr.o)
 .ARM.attributes
                0x00000e23       0x34 /opt/local/lib/gcc/arm-none-eabi/13.1.0/../../../../arm-none-eabi/lib/thumb/v7e-m+fp/hard/libc.a(libc_a-signalr.o)
 .ARM.attributes
                0x00000e57       0x34 /opt/local/lib/gcc/arm-none-eabi/13.1.0/../../../../arm-none-eabi/lib/thumb/v7e-m+fp/hard/libm.a(libm_a-w_fmod.o)
 .ARM.attributes
                0x00000e8b       0x34 /opt/local/lib/gcc/arm-none-eabi/13.1.0/../../../../arm-none-eabi/lib/thumb/v7e-m+fp/hard/libm.a(libm_a-w_log10.o)
 .ARM.attributes
                0x00000ebf       0x34 /opt/local/lib/gcc/arm-none-eabi/13.1.0/../../../../arm-none-eabi/lib/thumb/v7e-m+fp/hard/libm.a(libm_a-w_pow.o)
 .ARM.attributes
                0x00000ef3       0x34 /opt/local/lib/gcc/arm-none-eabi/13.1.0/../../../../arm-none-eabi/lib/thumb/v7e-m+fp/hard/libm.a(libm_a-s_finite.o)
 .ARM.attributes
                0x00000f27       0x34 /opt/local/lib/gcc/arm-none-eabi/13.1.0/../../../../arm-none-eabi/lib/thumb/v7e-m+fp/hard/libm.a(libm_a-s_sin.o)
 .ARM.attributes
                0x00000f5b       0x34 /opt/local/lib/gcc/arm-none-eabi/13.1.0/../../../../arm-none-eabi/lib/thumb/v7e-m+fp/hard/libm.a(libm_a-e_fmod.o)
 .ARM.attributes
                0x00000f8f       0x34 /opt/local/lib/gcc/arm-none-eabi/13.1.0/../../../../arm-none-eabi/lib/thumb/v7e-m+fp/hard/libm.a(libm_a-s_round.o)
 .ARM.attributes
                0x00000fc3       0x34 /opt/local/lib/gcc/arm-none-eabi/13.1.0/../../../../arm-none-eabi/lib/thumb/v7e-m+fp/hard/libm.a(libm_a-s_nan.o)
 .ARM.attributes
                0x00000ff7       0x34 /opt/local/lib/gcc/arm-none-eabi/13.1.0/../../../../arm-none-eabi/lib/thumb/v7e-m+fp/hard/libm.a(libm_a-e_log10.o)
 .ARM.attributes
                0x0000102b       0x34 /opt/local/lib/gcc/arm-none-eabi/13.1.0/../../../../arm-none-eabi/lib/thumb/v7e-m+fp/hard/libm.a(libm_a-e_pow.o)
 .ARM.attributes
                0x0000105f       0x34 /opt/local/lib/gcc/arm-none-eabi/13.1.0/../../../../arm-none-eabi/lib/thumb/v7e-m+fp/hard/libm.a(libm_a-e_rem_pio2.o)
 .ARM.attributes
                0x00001093       0x34 /opt/local/lib/gcc/arm-none-eabi/13.1.0/../../../../arm-none-eabi/lib/thumb/v7e-m+fp/hard/libm.a(libm_a-math_err.o)
 .ARM.attributes
                0x000010c7       0x34 /opt/local/lib/gcc/arm-none-eabi/13.1.0/../../../../arm-none-eabi/lib/thumb/v7e-m+fp/hard/libm.a(libm_a-k_rem_pio2.o)
 .ARM.attributes
                0x000010fb       0x34 /opt/local/lib/gcc/arm-none-eabi/13.1.0/../../../../arm-none-eabi/lib/thumb/v7e-m+fp/hard/libm.a(libm_a-k_cos.o)
 .ARM.attributes
                0x0000112f       0x34 /opt/local/lib/gcc/arm-none-eabi/13.1.0/../../../../arm-none-eabi/lib/thumb/v7e-m+fp/hard/libm.a(libm_a-k_sin.o)
 .ARM.attributes
                0x00001163       0x34 /opt/local/lib/gcc/arm-none-eabi/13.1.0/../../../../arm-none-eabi/lib/thumb/v7e-m+fp/hard/libm.a(libm_a-s_fabs.o)
 .ARM.attributes
                0x00001197       0x34 /opt/local/lib/gcc/arm-none-eabi/13.1.0/../../../../arm-none-eabi/lib/thumb/v7e-m+fp/hard/libm.a(libm_a-s_scalbn.o)
 .ARM.attributes
                0x000011cb       0x34 /opt/local/lib/gcc/arm-none-eabi/13.1.0/../../../../arm-none-eabi/lib/thumb/v7e-m+fp/hard/libm.a(libm_a-e_sqrt.o)
 .ARM.attributes
                0x000011ff       0x34 /opt/local/lib/gcc/arm-none-eabi/13.1.0/../../../../arm-none-eabi/lib/thumb/v7e-m+fp/hard/libm.a(libm_a-s_floor.o)
 .ARM.attributes
                0x00001233       0x34 /opt/local/lib/gcc/arm-none-eabi/13.1.0/../../../../arm-none-eabi/lib/thumb/v7e-m+fp/hard/libm.a(libm_a-e_log.o)
 .ARM.attributes
                0x00001267       0x34 /opt/local/lib/gcc/arm-none-eabi/13.1.0/../../../../arm-none-eabi/lib/thumb/v7e-m+fp/hard/libnosys.a(close.o)
 .ARM.attributes
                0x0000129b       0x34 /opt/local/lib/gcc/arm-none-eabi/13.1.0/../../../../arm-none-eabi/lib/thumb/v7e-m+fp/hard/libnosys.a(fstat.o)
 .ARM.attributes
                0x000012cf       0x34 /opt/local/lib/gcc/arm-none-eabi/13.1.0/../../../../arm-none-eabi/lib/thumb/v7e-m+fp/hard/libnosys.a(getpid.o)
 .ARM.attributes
                0x00001303       0x34 /opt/local/lib/gcc/arm-none-eabi/13.1.0/../../../../arm-none-eabi/lib/thumb/v7e-m+fp/hard/libnosys.a(isatty.o)
 .ARM.attributes
                0x00001337       0x34 /opt/local/lib/gcc/arm-none-eabi/13.1.0/../../../../arm-none-eabi/lib/thumb/v7e-m+fp/hard/libnosys.a(kill.o)
 .ARM.attributes
                0x0000136b       0x34 /opt/local/lib/gcc/arm-none-eabi/13.1.0/../../../../arm-none-eabi/lib/thumb/v7e-m+fp/hard/libnosys.a(lseek.o)
 .ARM.attributes
                0x0000139f       0x34 /opt/local/lib/gcc/arm-none-eabi/13.1.0/../../../../arm-none-eabi/lib/thumb/v7e-m+fp/hard/libnosys.a(read.o)
 .ARM.attributes
                0x000013d3       0x34 /opt/local/lib/gcc/arm-none-eabi/13.1.0/../../../../arm-none-eabi/lib/thumb/v7e-m+fp/hard/libnosys.a(sbrk.o)
 .ARM.attributes
                0x00001407       0x34 /opt/local/lib/gcc/arm-none-eabi/13.1.0/../../../../arm-none-eabi/lib/thumb/v7e-m+fp/hard/libnosys.a(write.o)
 .ARM.attributes
                0x0000143b       0x34 /opt/local/lib/gcc/arm-none-eabi/13.1.0/../../../../arm-none-eabi/lib/thumb/v7e-m+fp/hard/libnosys.a(_exit.o)
 .ARM.attributes
                0x0000146f       0x22 /opt/local/lib/gcc/arm-none-eabi/13.1.0/thumb/v7e-m+fp/hard/libgcc.a(_arm_addsubdf3.o)
 .ARM.attributes
                0x00001491       0x22 /opt/local/lib/gcc/arm-none-eabi/13.1.0/thumb/v7e-m+fp/hard/libgcc.a(_arm_muldivdf3.o)
 .ARM.attributes
                0x000014b3       0x22 /opt/local/lib/gcc/arm-none-eabi/13.1.0/thumb/v7e-m+fp/hard/libgcc.a(_arm_cmpdf2.o)
 .ARM.attributes
                0x000014d5       0x22 /opt/local/lib/gcc/arm-none-eabi/13.1.0/thumb/v7e-m+fp/hard/libgcc.a(_arm_unorddf2.o)
 .ARM.attributes
                0x000014f7       0x22 /opt/local/lib/gcc/arm-none-eabi/13.1.0/thumb/v7e-m+fp/hard/libgcc.a(_arm_fixdfsi.o)
 .ARM.attributes
                0x00001519       0x22 /opt/local/lib/gcc/arm-none-eabi/13.1.0/thumb/v7e-m+fp/hard/libgcc.a(_arm_fixunsdfsi.o)
 .ARM.attributes
                0x0000153b       0x22 /opt/local/lib/gcc/arm-none-eabi/13.1.0/thumb/v7e-m+fp/hard/libgcc.a(_aeabi_uldivmod.o)
 .ARM.attributes
                0x0000155d       0x34 /opt/local/lib/gcc/arm-none-eabi/13.1.0/thumb/v7e-m+fp/hard/libgcc.a(_udivmoddi4.o)
 .ARM.attributes
                0x00001591       0x22 /opt/local/lib/gcc/arm-none-eabi/13.1.0/thumb/v7e-m+fp/hard/libgcc.a(_dvmd_tls.o)
 .ARM.attributes
                0x000015b3       0x34 /opt/local/lib/gcc/arm-none-eabi/13.1.0/thumb/v7e-m+fp/hard/crtend.o
 .ARM.attributes
                0x000015e7       0x22 /opt/local/lib/gcc/arm-none-eabi/13.1.0/thumb/v7e-m+fp/hard/crtn.o
OUTPUT(build/Probe.elf elf32-littlearm)
LOAD linker stubs
LOAD /opt/local/lib/gcc/arm-none-eabi/13.1.0/../../../../arm-none-eabi/lib/thumb/v7e-m+fp/hard/libc.a
LOAD /opt/local/lib/gcc/arm-none-eabi/13.1.0/../../../../arm-none-eabi/lib/thumb/v7e-m+fp/hard/libm.a
LOAD /opt/local/lib/gcc/arm-none-eabi/13.1.0/thumb/v7e-m+fp/hard/libgcc.a

.comment        0x00000000       0x12
 .comment       0x00000000       0x12 /opt/local/lib/gcc/arm-none-eabi/13.1.0/thumb/v7e-m+fp/hard/crtbegin.o
                                 0x13 (size before relaxing)
 .comment       0x00000012       0x13 build/debug/Core/Src/adc.o
 .comment       0x00000012       0x13 build/debug/Core/Src/gpio.o
 .comment       0x00000012       0x13 build/debug/Core/Src/i2c.o
 .comment       0x00000012       0x13 build/debug/Core/Src/main.o
 .comment       0x00000012       0x13 build/debug/Core/Src/salinity.o
 .comment       0x00000012       0x13 build/debug/Core/Src/stm32f4xx_hal_msp.o
 .comment       0x00000012       0x13 build/debug/Core/Src/stm32f4xx_it.o
 .comment       0x00000012       0x13 build/debug/Core/Src/system_stm32f4xx.o
 .comment       0x00000012       0x13 build/debug/Core/Src/tim.o
 .comment       0x00000012       0x13 build/debug/Core/Src/usart.o
 .comment       0x00000012       0x13 build/debug/Core/Src/voltage.o
 .comment       0x00000012       0x13 build/debug/Drivers/STM32F4xx_HAL_Driver/Src/stm32f4xx_hal.o
 .comment       0x00000012       0x13 build/debug/Drivers/STM32F4xx_HAL_Driver/Src/stm32f4xx_hal_adc.o
 .comment       0x00000012       0x13 build/debug/Drivers/STM32F4xx_HAL_Driver/Src/stm32f4xx_hal_cortex.o
 .comment       0x00000012       0x13 build/debug/Drivers/STM32F4xx_HAL_Driver/Src/stm32f4xx_hal_dma.o
 .comment       0x00000012       0x13 build/debug/Drivers/STM32F4xx_HAL_Driver/Src/stm32f4xx_hal_gpio.o
 .comment       0x00000012       0x13 build/debug/Drivers/STM32F4xx_HAL_Driver/Src/stm32f4xx_hal_i2c.o
 .comment       0x00000012       0x13 build/debug/Drivers/STM32F4xx_HAL_Driver/Src/stm32f4xx_hal_rcc.o
 .comment       0x00000012       0x13 build/debug/Drivers/STM32F4xx_HAL_Driver/Src/stm32f4xx_hal_tim.o
 .comment       0x00000012       0x13 build/debug/Drivers/STM32F4xx_HAL_Driver/Src/stm32f4xx_hal_uart.o
 .comment       0x00000012       0x13 /opt/local/lib/gcc/arm-none-eabi/13.1.0/../../../../arm-none-eabi/lib/thumb/v7e-m+fp/hard/libc.a(libc_a-sprintf.o)
 .comment       0x00000012       0x13 /opt/local/lib/gcc/arm-none-eabi/13.1.0/../../../../arm-none-eabi/lib/thumb/v7e-m+fp/hard/libc.a(libc_a-findfp.o)
 .comment       0x00000012       0x13 /opt/local/lib/gcc/arm-none-eabi/13.1.0/../../../../arm-none-eabi/lib/thumb/v7e-m+fp/hard/libc.a(libc_a-fwalk.o)
 .comment       0x00000012       0x13 /opt/local/lib/gcc/arm-none-eabi/13.1.0/../../../../arm-none-eabi/lib/thumb/v7e-m+fp/hard/libc.a(libc_a-memset.o)
 .comment       0x00000012       0x13 /opt/local/lib/gcc/arm-none-eabi/13.1.0/../../../../arm-none-eabi/lib/thumb/v7e-m+fp/hard/libc.a(libc_a-impure.o)
 .comment       0x00000012       0x13 /opt/local/lib/gcc/arm-none-eabi/13.1.0/../../../../arm-none-eabi/lib/thumb/v7e-m+fp/hard/libc.a(libc_a-init.o)
 .comment       0x00000012       0x13 /opt/local/lib/gcc/arm-none-eabi/13.1.0/../../../../arm-none-eabi/lib/thumb/v7e-m+fp/hard/libc.a(libc_a-mallocr.o)
 .comment       0x00000012       0x13 /opt/local/lib/gcc/arm-none-eabi/13.1.0/../../../../arm-none-eabi/lib/thumb/v7e-m+fp/hard/libc.a(libc_a-svfprintf.o)
 .comment       0x00000012       0x13 /opt/local/lib/gcc/arm-none-eabi/13.1.0/../../../../arm-none-eabi/lib/thumb/v7e-m+fp/hard/libc.a(libc_a-mlock.o)
 .comment       0x00000012       0x13 /opt/local/lib/gcc/arm-none-eabi/13.1.0/../../../../arm-none-eabi/lib/thumb/v7e-m+fp/hard/libc.a(libc_a-fclose.o)
 .comment       0x00000012       0x13 /opt/local/lib/gcc/arm-none-eabi/13.1.0/../../../../arm-none-eabi/lib/thumb/v7e-m+fp/hard/libc.a(libc_a-fflush.o)
 .comment       0x00000012       0x13 /opt/local/lib/gcc/arm-none-eabi/13.1.0/../../../../arm-none-eabi/lib/thumb/v7e-m+fp/hard/libc.a(libc_a-stdio.o)
 .comment       0x00000012       0x13 /opt/local/lib/gcc/arm-none-eabi/13.1.0/../../../../arm-none-eabi/lib/thumb/v7e-m+fp/hard/libc.a(libc_a-localeconv.o)
 .comment       0x00000012       0x13 /opt/local/lib/gcc/arm-none-eabi/13.1.0/../../../../arm-none-eabi/lib/thumb/v7e-m+fp/hard/libc.a(libc_a-closer.o)
 .comment       0x00000012       0x13 /opt/local/lib/gcc/arm-none-eabi/13.1.0/../../../../arm-none-eabi/lib/thumb/v7e-m+fp/hard/libc.a(libc_a-reent.o)
 .comment       0x00000012       0x13 /opt/local/lib/gcc/arm-none-eabi/13.1.0/../../../../arm-none-eabi/lib/thumb/v7e-m+fp/hard/libc.a(libc_a-lseekr.o)
 .comment       0x00000012       0x13 /opt/local/lib/gcc/arm-none-eabi/13.1.0/../../../../arm-none-eabi/lib/thumb/v7e-m+fp/hard/libc.a(libc_a-readr.o)
 .comment       0x00000012       0x13 /opt/local/lib/gcc/arm-none-eabi/13.1.0/../../../../arm-none-eabi/lib/thumb/v7e-m+fp/hard/libc.a(libc_a-sbrkr.o)
 .comment       0x00000012       0x13 /opt/local/lib/gcc/arm-none-eabi/13.1.0/../../../../arm-none-eabi/lib/thumb/v7e-m+fp/hard/libc.a(libc_a-writer.o)
 .comment       0x00000012       0x13 /opt/local/lib/gcc/arm-none-eabi/13.1.0/../../../../arm-none-eabi/lib/thumb/v7e-m+fp/hard/libc.a(libc_a-sysconf.o)
 .comment       0x00000012       0x13 /opt/local/lib/gcc/arm-none-eabi/13.1.0/../../../../arm-none-eabi/lib/thumb/v7e-m+fp/hard/libc.a(libc_a-dtoa.o)
 .comment       0x00000012       0x13 /opt/local/lib/gcc/arm-none-eabi/13.1.0/../../../../arm-none-eabi/lib/thumb/v7e-m+fp/hard/libc.a(libc_a-freer.o)
 .comment       0x00000012       0x13 /opt/local/lib/gcc/arm-none-eabi/13.1.0/../../../../arm-none-eabi/lib/thumb/v7e-m+fp/hard/libc.a(libc_a-svfiprintf.o)
 .comment       0x00000012       0x13 /opt/local/lib/gcc/arm-none-eabi/13.1.0/../../../../arm-none-eabi/lib/thumb/v7e-m+fp/hard/libc.a(libc_a-mprec.o)
 .comment       0x00000012       0x13 /opt/local/lib/gcc/arm-none-eabi/13.1.0/../../../../arm-none-eabi/lib/thumb/v7e-m+fp/hard/libc.a(libc_a-reallocr.o)
 .comment       0x00000012       0x13 /opt/local/lib/gcc/arm-none-eabi/13.1.0/../../../../arm-none-eabi/lib/thumb/v7e-m+fp/hard/libc.a(libc_a-memmove.o)
 .comment       0x00000012       0x13 /opt/local/lib/gcc/arm-none-eabi/13.1.0/../../../../arm-none-eabi/lib/thumb/v7e-m+fp/hard/libc.a(libc_a-locale.o)
 .comment       0x00000012       0x13 /opt/local/lib/gcc/arm-none-eabi/13.1.0/../../../../arm-none-eabi/lib/thumb/v7e-m+fp/hard/libc.a(libc_a-errno.o)
 .comment       0x00000012       0x13 /opt/local/lib/gcc/arm-none-eabi/13.1.0/../../../../arm-none-eabi/lib/thumb/v7e-m+fp/hard/libc.a(libc_a-ctype_.o)
 .comment       0x00000012       0x13 /opt/local/lib/gcc/arm-none-eabi/13.1.0/../../../../arm-none-eabi/lib/thumb/v7e-m+fp/hard/libc.a(libc_a-assert.o)
 .comment       0x00000012       0x13 /opt/local/lib/gcc/arm-none-eabi/13.1.0/../../../../arm-none-eabi/lib/thumb/v7e-m+fp/hard/libc.a(libc_a-callocr.o)
 .comment       0x00000012       0x13 /opt/local/lib/gcc/arm-none-eabi/13.1.0/../../../../arm-none-eabi/lib/thumb/v7e-m+fp/hard/libc.a(libc_a-fiprintf.o)
 .comment       0x00000012       0x13 /opt/local/lib/gcc/arm-none-eabi/13.1.0/../../../../arm-none-eabi/lib/thumb/v7e-m+fp/hard/libc.a(libc_a-mbtowc_r.o)
 .comment       0x00000012       0x13 /opt/local/lib/gcc/arm-none-eabi/13.1.0/../../../../arm-none-eabi/lib/thumb/v7e-m+fp/hard/libc.a(libc_a-vfiprintf.o)
 .comment       0x00000012       0x13 /opt/local/lib/gcc/arm-none-eabi/13.1.0/../../../../arm-none-eabi/lib/thumb/v7e-m+fp/hard/libc.a(libc_a-wctomb_r.o)
 .comment       0x00000012       0x13 /opt/local/lib/gcc/arm-none-eabi/13.1.0/../../../../arm-none-eabi/lib/thumb/v7e-m+fp/hard/libc.a(libc_a-fvwrite.o)
 .comment       0x00000012       0x13 /opt/local/lib/gcc/arm-none-eabi/13.1.0/../../../../arm-none-eabi/lib/thumb/v7e-m+fp/hard/libc.a(libc_a-wsetup.o)
 .comment       0x00000012       0x13 /opt/local/lib/gcc/arm-none-eabi/13.1.0/../../../../arm-none-eabi/lib/thumb/v7e-m+fp/hard/libc.a(libc_a-fputwc.o)
 .comment       0x00000012       0x13 /opt/local/lib/gcc/arm-none-eabi/13.1.0/../../../../arm-none-eabi/lib/thumb/v7e-m+fp/hard/libc.a(libc_a-wcrtomb.o)
 .comment       0x00000012       0x13 /opt/local/lib/gcc/arm-none-eabi/13.1.0/../../../../arm-none-eabi/lib/thumb/v7e-m+fp/hard/libc.a(libc_a-abort.o)
 .comment       0x00000012       0x13 /opt/local/lib/gcc/arm-none-eabi/13.1.0/../../../../arm-none-eabi/lib/thumb/v7e-m+fp/hard/libc.a(libc_a-makebuf.o)
 .comment       0x00000012       0x13 /opt/local/lib/gcc/arm-none-eabi/13.1.0/../../../../arm-none-eabi/lib/thumb/v7e-m+fp/hard/libc.a(libc_a-wbuf.o)
 .comment       0x00000012       0x13 /opt/local/lib/gcc/arm-none-eabi/13.1.0/../../../../arm-none-eabi/lib/thumb/v7e-m+fp/hard/libc.a(libc_a-signal.o)
 .comment       0x00000012       0x13 /opt/local/lib/gcc/arm-none-eabi/13.1.0/../../../../arm-none-eabi/lib/thumb/v7e-m+fp/hard/libc.a(libc_a-fstatr.o)
 .comment       0x00000012       0x13 /opt/local/lib/gcc/arm-none-eabi/13.1.0/../../../../arm-none-eabi/lib/thumb/v7e-m+fp/hard/libc.a(libc_a-isattyr.o)
 .comment       0x00000012       0x13 /opt/local/lib/gcc/arm-none-eabi/13.1.0/../../../../arm-none-eabi/lib/thumb/v7e-m+fp/hard/libc.a(libc_a-signalr.o)
 .comment       0x00000012       0x13 /opt/local/lib/gcc/arm-none-eabi/13.1.0/../../../../arm-none-eabi/lib/thumb/v7e-m+fp/hard/libm.a(libm_a-w_fmod.o)
 .comment       0x00000012       0x13 /opt/local/lib/gcc/arm-none-eabi/13.1.0/../../../../arm-none-eabi/lib/thumb/v7e-m+fp/hard/libm.a(libm_a-w_log10.o)
 .comment       0x00000012       0x13 /opt/local/lib/gcc/arm-none-eabi/13.1.0/../../../../arm-none-eabi/lib/thumb/v7e-m+fp/hard/libm.a(libm_a-w_pow.o)
 .comment       0x00000012       0x13 /opt/local/lib/gcc/arm-none-eabi/13.1.0/../../../../arm-none-eabi/lib/thumb/v7e-m+fp/hard/libm.a(libm_a-s_finite.o)
 .comment       0x00000012       0x13 /opt/local/lib/gcc/arm-none-eabi/13.1.0/../../../../arm-none-eabi/lib/thumb/v7e-m+fp/hard/libm.a(libm_a-s_sin.o)
 .comment       0x00000012       0x13 /opt/local/lib/gcc/arm-none-eabi/13.1.0/../../../../arm-none-eabi/lib/thumb/v7e-m+fp/hard/libm.a(libm_a-e_fmod.o)
 .comment       0x00000012       0x13 /opt/local/lib/gcc/arm-none-eabi/13.1.0/../../../../arm-none-eabi/lib/thumb/v7e-m+fp/hard/libm.a(libm_a-s_round.o)
 .comment       0x00000012       0x13 /opt/local/lib/gcc/arm-none-eabi/13.1.0/../../../../arm-none-eabi/lib/thumb/v7e-m+fp/hard/libm.a(libm_a-s_nan.o)
 .comment       0x00000012       0x13 /opt/local/lib/gcc/arm-none-eabi/13.1.0/../../../../arm-none-eabi/lib/thumb/v7e-m+fp/hard/libm.a(libm_a-e_log10.o)
 .comment       0x00000012       0x13 /opt/local/lib/gcc/arm-none-eabi/13.1.0/../../../../arm-none-eabi/lib/thumb/v7e-m+fp/hard/libm.a(libm_a-e_pow.o)
 .comment       0x00000012       0x13 /opt/local/lib/gcc/arm-none-eabi/13.1.0/../../../../arm-none-eabi/lib/thumb/v7e-m+fp/hard/libm.a(libm_a-e_rem_pio2.o)
 .comment       0x00000012       0x13 /opt/local/lib/gcc/arm-none-eabi/13.1.0/../../../../arm-none-eabi/lib/thumb/v7e-m+fp/hard/libm.a(libm_a-math_err.o)
 .comment       0x00000012       0x13 /opt/local/lib/gcc/arm-none-eabi/13.1.0/../../../../arm-none-eabi/lib/thumb/v7e-m+fp/hard/libm.a(libm_a-k_rem_pio2.o)
 .comment       0x00000012       0x13 /opt/local/lib/gcc/arm-none-eabi/13.1.0/../../../../arm-none-eabi/lib/thumb/v7e-m+fp/hard/libm.a(libm_a-k_cos.o)
 .comment       0x00000012       0x13 /opt/local/lib/gcc/arm-none-eabi/13.1.0/../../../../arm-none-eabi/lib/thumb/v7e-m+fp/hard/libm.a(libm_a-k_sin.o)
 .comment       0x00000012       0x13 /opt/local/lib/gcc/arm-none-eabi/13.1.0/../../../../arm-none-eabi/lib/thumb/v7e-m+fp/hard/libm.a(libm_a-s_fabs.o)
 .comment       0x00000012       0x13 /opt/local/lib/gcc/arm-none-eabi/13.1.0/../../../../arm-none-eabi/lib/thumb/v7e-m+fp/hard/libm.a(libm_a-s_scalbn.o)
 .comment       0x00000012       0x13 /opt/local/lib/gcc/arm-none-eabi/13.1.0/../../../../arm-none-eabi/lib/thumb/v7e-m+fp/hard/libm.a(libm_a-e_sqrt.o)
 .comment       0x00000012       0x13 /opt/local/lib/gcc/arm-none-eabi/13.1.0/../../../../arm-none-eabi/lib/thumb/v7e-m+fp/hard/libm.a(libm_a-s_floor.o)
 .comment       0x00000012       0x13 /opt/local/lib/gcc/arm-none-eabi/13.1.0/../../../../arm-none-eabi/lib/thumb/v7e-m+fp/hard/libm.a(libm_a-e_log.o)
 .comment       0x00000012       0x13 /opt/local/lib/gcc/arm-none-eabi/13.1.0/../../../../arm-none-eabi/lib/thumb/v7e-m+fp/hard/libnosys.a(close.o)
 .comment       0x00000012       0x13 /opt/local/lib/gcc/arm-none-eabi/13.1.0/../../../../arm-none-eabi/lib/thumb/v7e-m+fp/hard/libnosys.a(fstat.o)
 .comment       0x00000012       0x13 /opt/local/lib/gcc/arm-none-eabi/13.1.0/../../../../arm-none-eabi/lib/thumb/v7e-m+fp/hard/libnosys.a(getpid.o)
 .comment       0x00000012       0x13 /opt/local/lib/gcc/arm-none-eabi/13.1.0/../../../../arm-none-eabi/lib/thumb/v7e-m+fp/hard/libnosys.a(isatty.o)
 .comment       0x00000012       0x13 /opt/local/lib/gcc/arm-none-eabi/13.1.0/../../../../arm-none-eabi/lib/thumb/v7e-m+fp/hard/libnosys.a(kill.o)
 .comment       0x00000012       0x13 /opt/local/lib/gcc/arm-none-eabi/13.1.0/../../../../arm-none-eabi/lib/thumb/v7e-m+fp/hard/libnosys.a(lseek.o)
 .comment       0x00000012       0x13 /opt/local/lib/gcc/arm-none-eabi/13.1.0/../../../../arm-none-eabi/lib/thumb/v7e-m+fp/hard/libnosys.a(read.o)